Archive member included to satisfy reference by file (symbol)

[binary_dir]/libencoder_analog.a(encoder_analog.c.obj)
                              main/CMakeFiles/main.dir/main.c.obj (getData)
/usr/lib/gcc/arm-none-eabi/12.2.1/thumb/v6-m/nofp/libgcc.a(_dvmd_tls.o)
                              main/CMakeFiles/main.dir/home/gvaldez/pico/pico-sdk/src/rp2_common/pico_divider/divider.S.obj (__aeabi_idiv0)
/usr/lib/gcc/arm-none-eabi/12.2.1/../../../arm-none-eabi/lib/thumb/v6-m/nofp/libg.a(lib_a-atexit.o)
                              /usr/lib/gcc/arm-none-eabi/12.2.1/../../../arm-none-eabi/lib/thumb/v6-m/nofp/crt0.o (atexit)
/usr/lib/gcc/arm-none-eabi/12.2.1/../../../arm-none-eabi/lib/thumb/v6-m/nofp/libg.a(lib_a-calloc.o)
                              main/CMakeFiles/main.dir/home/gvaldez/pico/pico-sdk/src/rp2_common/pico_malloc/pico_malloc.c.obj (calloc)
/usr/lib/gcc/arm-none-eabi/12.2.1/../../../arm-none-eabi/lib/thumb/v6-m/nofp/libg.a(lib_a-callocr.o)
                              /usr/lib/gcc/arm-none-eabi/12.2.1/../../../arm-none-eabi/lib/thumb/v6-m/nofp/libg.a(lib_a-calloc.o) (_calloc_r)
/usr/lib/gcc/arm-none-eabi/12.2.1/../../../arm-none-eabi/lib/thumb/v6-m/nofp/libg.a(lib_a-fini.o)
                              /usr/lib/gcc/arm-none-eabi/12.2.1/../../../arm-none-eabi/lib/thumb/v6-m/nofp/crt0.o (__libc_fini_array)
/usr/lib/gcc/arm-none-eabi/12.2.1/../../../arm-none-eabi/lib/thumb/v6-m/nofp/libg.a(lib_a-impure.o)
                              /usr/lib/gcc/arm-none-eabi/12.2.1/../../../arm-none-eabi/lib/thumb/v6-m/nofp/libg.a(lib_a-calloc.o) (_impure_ptr)
/usr/lib/gcc/arm-none-eabi/12.2.1/../../../arm-none-eabi/lib/thumb/v6-m/nofp/libg.a(lib_a-init.o)
                              /usr/lib/gcc/arm-none-eabi/12.2.1/../../../arm-none-eabi/lib/thumb/v6-m/nofp/crt0.o (__libc_init_array)
/usr/lib/gcc/arm-none-eabi/12.2.1/../../../arm-none-eabi/lib/thumb/v6-m/nofp/libg.a(lib_a-malloc.o)
                              main/CMakeFiles/main.dir/home/gvaldez/pico/pico-sdk/src/rp2_common/pico_malloc/pico_malloc.c.obj (malloc)
/usr/lib/gcc/arm-none-eabi/12.2.1/../../../arm-none-eabi/lib/thumb/v6-m/nofp/libg.a(lib_a-mallocr.o)
                              /usr/lib/gcc/arm-none-eabi/12.2.1/../../../arm-none-eabi/lib/thumb/v6-m/nofp/libg.a(lib_a-callocr.o) (_malloc_r)
/usr/lib/gcc/arm-none-eabi/12.2.1/../../../arm-none-eabi/lib/thumb/v6-m/nofp/libg.a(lib_a-mlock.o)
                              /usr/lib/gcc/arm-none-eabi/12.2.1/../../../arm-none-eabi/lib/thumb/v6-m/nofp/libg.a(lib_a-mallocr.o) (__malloc_lock)
/usr/lib/gcc/arm-none-eabi/12.2.1/../../../arm-none-eabi/lib/thumb/v6-m/nofp/libg.a(lib_a-realloc.o)
                              main/CMakeFiles/main.dir/home/gvaldez/pico/pico-sdk/src/rp2_common/pico_malloc/pico_malloc.c.obj (realloc)
/usr/lib/gcc/arm-none-eabi/12.2.1/../../../arm-none-eabi/lib/thumb/v6-m/nofp/libg.a(lib_a-reallocr.o)
                              /usr/lib/gcc/arm-none-eabi/12.2.1/../../../arm-none-eabi/lib/thumb/v6-m/nofp/libg.a(lib_a-realloc.o) (_realloc_r)
/usr/lib/gcc/arm-none-eabi/12.2.1/../../../arm-none-eabi/lib/thumb/v6-m/nofp/libg.a(lib_a-sbrkr.o)
                              /usr/lib/gcc/arm-none-eabi/12.2.1/../../../arm-none-eabi/lib/thumb/v6-m/nofp/libg.a(lib_a-mallocr.o) (_sbrk_r)
/usr/lib/gcc/arm-none-eabi/12.2.1/../../../arm-none-eabi/lib/thumb/v6-m/nofp/libg.a(lib_a-strlen-stub.o)
                              main/CMakeFiles/main.dir/home/gvaldez/pico/pico-sdk/src/rp2_common/pico_stdio/stdio.c.obj (strlen)
/usr/lib/gcc/arm-none-eabi/12.2.1/../../../arm-none-eabi/lib/thumb/v6-m/nofp/libg.a(lib_a-__atexit.o)
                              /usr/lib/gcc/arm-none-eabi/12.2.1/../../../arm-none-eabi/lib/thumb/v6-m/nofp/libg.a(lib_a-atexit.o) (__register_exitproc)
/usr/lib/gcc/arm-none-eabi/12.2.1/../../../arm-none-eabi/lib/thumb/v6-m/nofp/libg.a(lib_a-freer.o)
                              /usr/lib/gcc/arm-none-eabi/12.2.1/../../../arm-none-eabi/lib/thumb/v6-m/nofp/libg.a(lib_a-malloc.o) (_free_r)
/usr/lib/gcc/arm-none-eabi/12.2.1/../../../arm-none-eabi/lib/thumb/v6-m/nofp/libg.a(lib_a-memmove.o)
                              /usr/lib/gcc/arm-none-eabi/12.2.1/../../../arm-none-eabi/lib/thumb/v6-m/nofp/libg.a(lib_a-reallocr.o) (memmove)
/usr/lib/gcc/arm-none-eabi/12.2.1/../../../arm-none-eabi/lib/thumb/v6-m/nofp/libg.a(lib_a-reent.o)
                              /usr/lib/gcc/arm-none-eabi/12.2.1/../../../arm-none-eabi/lib/thumb/v6-m/nofp/libg.a(lib_a-sbrkr.o) (errno)

Discarded input sections

 .text          0x00000000        0x0 /usr/lib/gcc/arm-none-eabi/12.2.1/thumb/v6-m/nofp/crti.o
 .data          0x00000000        0x0 /usr/lib/gcc/arm-none-eabi/12.2.1/thumb/v6-m/nofp/crti.o
 .bss           0x00000000        0x0 /usr/lib/gcc/arm-none-eabi/12.2.1/thumb/v6-m/nofp/crti.o
 .data          0x00000000        0x4 /usr/lib/gcc/arm-none-eabi/12.2.1/thumb/v6-m/nofp/crtbegin.o
 .rodata        0x00000000       0x24 /usr/lib/gcc/arm-none-eabi/12.2.1/thumb/v6-m/nofp/crtbegin.o
[...]
Memory Configuration

Name             Origin             Length             Attributes
FLASH            0x10000000         0x00200000         xr
RAM              0x20000000         0x00040000         xrw
SCRATCH_X        0x20040000         0x00001000         xrw
SCRATCH_Y        0x20041000         0x00001000         xrw
*default*        0x00000000         0xffffffff

Linker script and memory map

LOAD /usr/lib/gcc/arm-none-eabi/12.2.1/thumb/v6-m/nofp/crti.o
LOAD /usr/lib/gcc/arm-none-eabi/12.2.1/thumb/v6-m/nofp/crtbegin.o
LOAD /usr/lib/gcc/arm-none-eabi/12.2.1/../../../arm-none-eabi/lib/thumb/v6-m/nofp/crt0.o

.flash_begin    0x10000000        0x0
                0x10000000                        __flash_binary_start = .

.boot2          0x10000000      0x100
                0x10000000                        __boot2_start__ = .
 *(.boot2)
 .boot2         0x10000000      0x100 /tmp/ccVeoYtZ.o
                0x10000100                        __boot2_end__ = .
                0x00000001                        ASSERT (((__boot2_end__ - __boot2_start__) == 0x100), ERROR: Pico second stage bootloader must be 256 bytes in size)

.text           0x10000100     0x7530
                0x10000100                        __logical_binary_start = .
 *(.vectors)
 .vectors       0x10000100       0xd4 main/CMakeFiles/main.dir/home/gvaldez/pico/pico-sdk/src/rp2_common/pico_standard_link/crt0.S.obj
                0x10000100                __vectors
                0x10000100                __VECTOR_TABLE
                0x100001c0                isr_invalid
                0x100001c0                __default_isrs_start
                0x100001c2                isr_nmi
                0x100001c4                isr_hardfault
                0x100001c6                isr_svcall
                0x100001c8                isr_pendsv
                0x100001ca                isr_systick
                0x100001cc                isr_irq30
                0x100001cc                __unhandled_user_irq
                0x100001cc                isr_irq13
                0x100001cc                isr_irq27
                0x100001cc                isr_irq31
                0x100001cc                isr_irq5
                0x100001cc                isr_irq11
                0x100001cc                isr_irq23
                0x100001cc                isr_irq18
                0x100001cc                isr_irq28
                0x100001cc                isr_irq19
                0x100001cc                isr_irq0
                0x100001cc                isr_irq6
                0x100001cc                isr_irq22
                0x100001cc                isr_irq17
                0x100001cc                isr_irq14
                0x100001cc                isr_irq2
                0x100001cc                isr_irq10
                0x100001cc                isr_irq8
                0x100001cc                isr_irq24
                0x100001cc                isr_irq1
                0x100001cc                isr_irq7
                0x100001cc                isr_irq21
                0x100001cc                isr_irq20
                0x100001cc                isr_irq15
                0x100001cc                isr_irq25
                0x100001cc                isr_irq4
                0x100001cc                isr_irq16
                0x100001cc                isr_irq29
                0x100001cc                isr_irq26
                0x100001cc                __default_isrs_end
                0x100001cc                isr_irq3
                0x100001cc                isr_irq12
                0x100001cc                isr_irq9
                0x100001d2                unhandled_user_irq_num_in_r0
 *(.binary_info_header)
 .binary_info_header
                0x100001d4       0x14 main/CMakeFiles/main.dir/home/gvaldez/pico/pico-sdk/src/rp2_common/pico_standard_link/crt0.S.obj
                0x100001e8                        __binary_info_header_end = .
 *(.reset)
 .reset         0x100001e8       0xa0 main/CMakeFiles/main.dir/home/gvaldez/pico/pico-sdk/src/rp2_common/pico_standard_link/crt0.S.obj
                0x100001e8                _entry_point
 .reset         0x10000288       0x24 main/CMakeFiles/main.dir/home/gvaldez/pico/pico-sdk/src/rp2_common/pico_standard_link/binary_info.c.obj
 *(.init)
 .init          0x100002ac        0x4 /usr/lib/gcc/arm-none-eabi/12.2.1/thumb/v6-m/nofp/crti.o
                0x100002ac                _init
 *(EXCLUDE_FILE(*libm.a: *libc.a:*lib_a-mem*.o *libgcc.a:) .text*)
 .text          0x100002b0       0x98 /usr/lib/gcc/arm-none-eabi/12.2.1/thumb/v6-m/nofp/crtbegin.o
 .text.processing_and_send_samples
                0x10000348       0x5c main/CMakeFiles/main.dir/main.c.obj
                0x10000348                processing_and_send_samples
 .text.sample_reference
                0x100003a4       0x50 main/CMakeFiles/main.dir/main.c.obj
                0x100003a4                sample_reference
 .text.difference_adc
                0x100003f4       0x9c main/CMakeFiles/main.dir/main.c.obj
                0x100003f4                difference_adc
 .text.read_angle
                0x10000490       0x78 main/CMakeFiles/main.dir/main.c.obj
                0x10000490                read_angle
 .text.main     0x10000508       0x64 main/CMakeFiles/main.dir/main.c.obj
                0x10000508                main
 .text.gpio_set_function
                0x1000056c       0x30 main/CMakeFiles/main.dir/home/gvaldez/pico/pico-sdk/src/rp2_common/hardware_gpio/gpio.c.obj
                0x1000056c                gpio_set_function
 .text.running_on_fpga
                0x1000059c       0x14 main/CMakeFiles/main.dir/home/gvaldez/pico/pico-sdk/src/rp2_common/pico_platform/platform.c.obj
                0x1000059c                running_on_fpga
 .text.hw_claim_lock
                0x100005b0       0x18 main/CMakeFiles/main.dir/home/gvaldez/pico/pico-sdk/src/rp2_common/hardware_claim/claim.c.obj
                0x100005b0                hw_claim_lock
 .text.hw_claim_unlock
                0x100005c8       0x14 main/CMakeFiles/main.dir/home/gvaldez/pico/pico-sdk/src/rp2_common/hardware_claim/claim.c.obj
                0x100005c8                hw_claim_unlock
 .text.hw_claim_or_assert
                0x100005dc       0x32 main/CMakeFiles/main.dir/home/gvaldez/pico/pico-sdk/src/rp2_common/hardware_claim/claim.c.obj
                0x100005dc                hw_claim_or_assert
 .text.hw_claim_unused_from_range
                0x1000060e       0x50 main/CMakeFiles/main.dir/home/gvaldez/pico/pico-sdk/src/rp2_common/hardware_claim/claim.c.obj
                0x1000060e                hw_claim_unused_from_range
 *fill*         0x1000065e        0x2 
 .text.spin_locks_reset
                0x10000660       0x20 main/CMakeFiles/main.dir/home/gvaldez/pico/pico-sdk/src/rp2_common/hardware_sync/sync.c.obj
                0x10000660                spin_locks_reset
 .text.next_striped_spin_lock_num
                0x10000680       0x1c main/CMakeFiles/main.dir/home/gvaldez/pico/pico-sdk/src/rp2_common/hardware_sync/sync.c.obj
                0x10000680                next_striped_spin_lock_num
 .text.spin_lock_claim_unused
                0x1000069c       0x24 main/CMakeFiles/main.dir/home/gvaldez/pico/pico-sdk/src/rp2_common/hardware_sync/sync.c.obj
                0x1000069c                spin_lock_claim_unused
 .text.set_raw_irq_handler_and_unlock
                0x100006c0       0x28 main/CMakeFiles/main.dir/home/gvaldez/pico/pico-sdk/src/rp2_common/hardware_irq/irq.c.obj
 .text.resolve_branch
                0x100006e8       0x30 main/CMakeFiles/main.dir/home/gvaldez/pico/pico-sdk/src/rp2_common/hardware_irq/irq.c.obj
 .text.make_branch
                0x10000718       0x48 main/CMakeFiles/main.dir/home/gvaldez/pico/pico-sdk/src/rp2_common/hardware_irq/irq.c.obj
 .text.insert_branch_and_link
                0x10000760       0x40 main/CMakeFiles/main.dir/home/gvaldez/pico/pico-sdk/src/rp2_common/hardware_irq/irq.c.obj
 .text.irq_is_enabled
                0x100007a0       0x18 main/CMakeFiles/main.dir/home/gvaldez/pico/pico-sdk/src/rp2_common/hardware_irq/irq.c.obj
                0x100007a0                irq_is_enabled
 .text.irq_set_mask_enabled
                0x100007b8       0x20 main/CMakeFiles/main.dir/home/gvaldez/pico/pico-sdk/src/rp2_common/hardware_irq/irq.c.obj
                0x100007b8                irq_set_mask_enabled
 .text.irq_set_enabled
                0x100007d8        0xe main/CMakeFiles/main.dir/home/gvaldez/pico/pico-sdk/src/rp2_common/hardware_irq/irq.c.obj
                0x100007d8                irq_set_enabled
 *fill*         0x100007e6        0x2 
 .text.irq_set_pending
                0x100007e8       0x10 main/CMakeFiles/main.dir/home/gvaldez/pico/pico-sdk/src/rp2_common/hardware_irq/irq.c.obj
                0x100007e8                irq_set_pending
 .text.irq_get_vtable_handler
                0x100007f8       0x10 main/CMakeFiles/main.dir/home/gvaldez/pico/pico-sdk/src/rp2_common/hardware_irq/irq.c.obj
                0x100007f8                irq_get_vtable_handler
 .text.irq_has_shared_handler
                0x10000808       0x24 main/CMakeFiles/main.dir/home/gvaldez/pico/pico-sdk/src/rp2_common/hardware_irq/irq.c.obj
                0x10000808                irq_has_shared_handler
 .text.irq_set_exclusive_handler
                0x1000082c       0x54 main/CMakeFiles/main.dir/home/gvaldez/pico/pico-sdk/src/rp2_common/hardware_irq/irq.c.obj
                0x1000082c                irq_set_exclusive_handler
 .text.irq_add_shared_handler
                0x10000880      0x210 main/CMakeFiles/main.dir/home/gvaldez/pico/pico-sdk/src/rp2_common/hardware_irq/irq.c.obj
                0x10000880                irq_add_shared_handler
 .text.irq_remove_handler
                0x10000a90      0x188 main/CMakeFiles/main.dir/home/gvaldez/pico/pico-sdk/src/rp2_common/hardware_irq/irq.c.obj
                0x10000a90                irq_remove_handler
 .text.irq_add_tail_to_free_list
                0x10000c18       0xf0 main/CMakeFiles/main.dir/home/gvaldez/pico/pico-sdk/src/rp2_common/hardware_irq/irq.c.obj
                0x10000c18                irq_add_tail_to_free_list
 .text.irq_init_priorities
                0x10000d08       0x1c main/CMakeFiles/main.dir/home/gvaldez/pico/pico-sdk/src/rp2_common/hardware_irq/irq.c.obj
                0x10000d08                irq_init_priorities
 .text.user_irq_claim_unused
                0x10000d24       0x2c main/CMakeFiles/main.dir/home/gvaldez/pico/pico-sdk/src/rp2_common/hardware_irq/irq.c.obj
                0x10000d24                user_irq_claim_unused
 .text.lock_init
                0x10000d50       0x10 main/CMakeFiles/main.dir/home/gvaldez/pico/pico-sdk/src/common/pico_sync/lock_core.c.obj
                0x10000d50                lock_init
 .text.update_us_since_boot
                0x10000d60       0x24 main/CMakeFiles/main.dir/home/gvaldez/pico/pico-sdk/src/common/pico_sync/mutex.c.obj
 .text.delayed_by_ms
                0x10000d84       0x44 main/CMakeFiles/main.dir/home/gvaldez/pico/pico-sdk/src/common/pico_sync/mutex.c.obj
 .text.get_absolute_time
                0x10000dc8       0x22 main/CMakeFiles/main.dir/home/gvaldez/pico/pico-sdk/src/common/pico_sync/mutex.c.obj
 .text.make_timeout_time_ms
                0x10000dea       0x20 main/CMakeFiles/main.dir/home/gvaldez/pico/pico-sdk/src/common/pico_sync/mutex.c.obj
 .text.mutex_init
                0x10000e0a       0x1a main/CMakeFiles/main.dir/home/gvaldez/pico/pico-sdk/src/common/pico_sync/mutex.c.obj
                0x10000e0a                mutex_init
 .text.recursive_mutex_init
                0x10000e24       0x1e main/CMakeFiles/main.dir/home/gvaldez/pico/pico-sdk/src/common/pico_sync/mutex.c.obj
                0x10000e24                recursive_mutex_init
 *fill*         0x10000e42        0x2 
 .text.critical_section_init_with_lock_num
                0x10000e44       0x14 main/CMakeFiles/main.dir/home/gvaldez/pico/pico-sdk/src/common/pico_sync/critical_section.c.obj
                0x10000e44                critical_section_init_with_lock_num
 .text.critical_section_init
                0x10000e58       0x14 main/CMakeFiles/main.dir/home/gvaldez/pico/pico-sdk/src/common/pico_sync/critical_section.c.obj
                0x10000e58                critical_section_init
 .text.time_reached
                0x10000e6c       0x28 main/CMakeFiles/main.dir/home/gvaldez/pico/pico-sdk/src/common/pico_time/time.c.obj
 .text.get_entry
                0x10000e94       0x38 main/CMakeFiles/main.dir/home/gvaldez/pico/pico-sdk/src/common/pico_time/time.c.obj
 .text.timer_pool_entry_comparator
                0x10000ecc       0x2e main/CMakeFiles/main.dir/home/gvaldez/pico/pico-sdk/src/common/pico_time/time.c.obj
                0x10000ecc                timer_pool_entry_comparator
 *fill*         0x10000efa        0x2 
 .text.update_us_since_boot
                0x10000efc       0x24 main/CMakeFiles/main.dir/home/gvaldez/pico/pico-sdk/src/common/pico_time/time.c.obj
 .text.delayed_by_us
                0x10000f20       0x34 main/CMakeFiles/main.dir/home/gvaldez/pico/pico-sdk/src/common/pico_time/time.c.obj
 .text.ph_get_node
                0x10000f54       0x30 main/CMakeFiles/main.dir/home/gvaldez/pico/pico-sdk/src/common/pico_time/time.c.obj
 .text.ph_contains_node
                0x10000f84       0x1e main/CMakeFiles/main.dir/home/gvaldez/pico/pico-sdk/src/common/pico_time/time.c.obj
 .text.ph_new_node
                0x10000fa2       0x28 main/CMakeFiles/main.dir/home/gvaldez/pico/pico-sdk/src/common/pico_time/time.c.obj
 *fill*         0x10000fca        0x2 
 .text.ph_add_child_node
                0x10000fcc       0x6c main/CMakeFiles/main.dir/home/gvaldez/pico/pico-sdk/src/common/pico_time/time.c.obj
 .text.ph_merge_nodes
                0x10001038       0x3e main/CMakeFiles/main.dir/home/gvaldez/pico/pico-sdk/src/common/pico_time/time.c.obj
 *fill*         0x10001076        0x2 
 .text.ph_insert_node
                0x10001078       0x3c main/CMakeFiles/main.dir/home/gvaldez/pico/pico-sdk/src/common/pico_time/time.c.obj
 .text.ph_free_node
                0x100010b4       0x5c main/CMakeFiles/main.dir/home/gvaldez/pico/pico-sdk/src/common/pico_time/time.c.obj
 .text.get_entry_id_high
                0x10001110       0x30 main/CMakeFiles/main.dir/home/gvaldez/pico/pico-sdk/src/common/pico_time/time.c.obj
 .text.alarm_pool_post_alloc_init
                0x10001140       0x40 main/CMakeFiles/main.dir/home/gvaldez/pico/pico-sdk/src/common/pico_time/time.c.obj
 .text.sleep_until_callback
                0x10001180       0x30 main/CMakeFiles/main.dir/home/gvaldez/pico/pico-sdk/src/common/pico_time/time.c.obj
 .text.get_absolute_time
                0x100011b0       0x22 main/CMakeFiles/main.dir/home/gvaldez/pico/pico-sdk/src/common/pico_time/time.c.obj
 .text.make_timeout_time_us
                0x100011d2       0x24 main/CMakeFiles/main.dir/home/gvaldez/pico/pico-sdk/src/common/pico_time/time.c.obj
 *fill*         0x100011f6        0x2 
 .text.add_alarm_under_lock
                0x100011f8       0x94 main/CMakeFiles/main.dir/home/gvaldez/pico/pico-sdk/src/common/pico_time/time.c.obj
 .text.alarm_pool_alarm_callback
                0x1000128c      0x210 main/CMakeFiles/main.dir/home/gvaldez/pico/pico-sdk/src/common/pico_time/time.c.obj
 .text.alarm_pool_init_default
                0x1000149c       0x40 main/CMakeFiles/main.dir/home/gvaldez/pico/pico-sdk/src/common/pico_time/time.c.obj
                0x1000149c                alarm_pool_init_default
 .text.alarm_pool_get_default
                0x100014dc       0x2c main/CMakeFiles/main.dir/home/gvaldez/pico/pico-sdk/src/common/pico_time/time.c.obj
                0x100014dc                alarm_pool_get_default
 .text.alarm_pool_add_alarm_at
                0x10001508      0x10e main/CMakeFiles/main.dir/home/gvaldez/pico/pico-sdk/src/common/pico_time/time.c.obj
                0x10001508                alarm_pool_add_alarm_at
 .text.add_alarm_at
                0x10001616       0x2e main/CMakeFiles/main.dir/home/gvaldez/pico/pico-sdk/src/common/pico_time/time.c.obj
 .text.alarm_pool_cancel_alarm
                0x10001644       0xa8 main/CMakeFiles/main.dir/home/gvaldez/pico/pico-sdk/src/common/pico_time/time.c.obj
                0x10001644                alarm_pool_cancel_alarm
 .text.cancel_alarm
                0x100016ec       0x10 main/CMakeFiles/main.dir/home/gvaldez/pico/pico-sdk/src/common/pico_time/time.c.obj
 .text.alarm_pool_core_num
                0x100016fc        0x4 main/CMakeFiles/main.dir/home/gvaldez/pico/pico-sdk/src/common/pico_time/time.c.obj
                0x100016fc                alarm_pool_core_num
 .text.sleep_until
                0x10001700       0xb0 main/CMakeFiles/main.dir/home/gvaldez/pico/pico-sdk/src/common/pico_time/time.c.obj
                0x10001700                sleep_until
 .text.sleep_us
                0x100017b0       0x1a main/CMakeFiles/main.dir/home/gvaldez/pico/pico-sdk/src/common/pico_time/time.c.obj
                0x100017b0                sleep_us
 .text.sleep_ms
                0x100017ca       0x14 main/CMakeFiles/main.dir/home/gvaldez/pico/pico-sdk/src/common/pico_time/time.c.obj
                0x100017ca                sleep_ms
 *fill*         0x100017de        0x2 
 .text.best_effort_wfe_or_timeout
                0x100017e0       0x44 main/CMakeFiles/main.dir/home/gvaldez/pico/pico-sdk/src/common/pico_time/time.c.obj
                0x100017e0                best_effort_wfe_or_timeout
 .text.update_us_since_boot
                0x10001824       0x24 main/CMakeFiles/main.dir/home/gvaldez/pico/pico-sdk/src/rp2_common/hardware_timer/timer.c.obj
 .text.hardware_alarm_irq_handler
                0x10001848       0x8c main/CMakeFiles/main.dir/home/gvaldez/pico/pico-sdk/src/rp2_common/hardware_timer/timer.c.obj
 .text.hardware_alarm_claim
                0x100018d4       0x18 main/CMakeFiles/main.dir/home/gvaldez/pico/pico-sdk/src/rp2_common/hardware_timer/timer.c.obj
                0x100018d4                hardware_alarm_claim
 .text.time_us_64
                0x100018ec       0x18 main/CMakeFiles/main.dir/home/gvaldez/pico/pico-sdk/src/rp2_common/hardware_timer/timer.c.obj
                0x100018ec                time_us_64
 .text.busy_wait_until
                0x10001904       0x28 main/CMakeFiles/main.dir/home/gvaldez/pico/pico-sdk/src/rp2_common/hardware_timer/timer.c.obj
                0x10001904                busy_wait_until
 .text.busy_wait_us
                0x1000192c       0x3a main/CMakeFiles/main.dir/home/gvaldez/pico/pico-sdk/src/rp2_common/hardware_timer/timer.c.obj
                0x1000192c                busy_wait_us
 *fill*         0x10001966        0x2 
 .text.hardware_alarm_set_callback
                0x10001968       0x90 main/CMakeFiles/main.dir/home/gvaldez/pico/pico-sdk/src/rp2_common/hardware_timer/timer.c.obj
                0x10001968                hardware_alarm_set_callback
 .text.hardware_alarm_set_target
                0x100019f8       0xe8 main/CMakeFiles/main.dir/home/gvaldez/pico/pico-sdk/src/rp2_common/hardware_timer/timer.c.obj
                0x100019f8                hardware_alarm_set_target
 .text.hardware_alarm_cancel
                0x10001ae0       0x40 main/CMakeFiles/main.dir/home/gvaldez/pico/pico-sdk/src/rp2_common/hardware_timer/timer.c.obj
                0x10001ae0                hardware_alarm_cancel
 .text.ph_get_node
                0x10001b20       0x30 main/CMakeFiles/main.dir/home/gvaldez/pico/pico-sdk/src/common/pico_util/pheap.c.obj
 .text.ph_add_child_node
                0x10001b50       0x6c main/CMakeFiles/main.dir/home/gvaldez/pico/pico-sdk/src/common/pico_util/pheap.c.obj
 .text.ph_merge_nodes
                0x10001bbc       0x3e main/CMakeFiles/main.dir/home/gvaldez/pico/pico-sdk/src/common/pico_util/pheap.c.obj
 .text.ph_clear
                0x10001bfa       0x34 main/CMakeFiles/main.dir/home/gvaldez/pico/pico-sdk/src/common/pico_util/pheap.c.obj
                0x10001bfa                ph_clear
 .text.ph_post_alloc_init
                0x10001c2e        0xe main/CMakeFiles/main.dir/home/gvaldez/pico/pico-sdk/src/common/pico_util/pheap.c.obj
                0x10001c2e                ph_post_alloc_init
 .text.ph_merge_two_pass
                0x10001c3c       0x5c main/CMakeFiles/main.dir/home/gvaldez/pico/pico-sdk/src/common/pico_util/pheap.c.obj
                0x10001c3c                ph_merge_two_pass
 .text.ph_remove_any_head
                0x10001c98       0xc0 main/CMakeFiles/main.dir/home/gvaldez/pico/pico-sdk/src/common/pico_util/pheap.c.obj
 .text.ph_remove_head
                0x10001d58       0x14 main/CMakeFiles/main.dir/home/gvaldez/pico/pico-sdk/src/common/pico_util/pheap.c.obj
                0x10001d58                ph_remove_head
 .text.ph_remove_and_free_node
                0x10001d6c       0xa0 main/CMakeFiles/main.dir/home/gvaldez/pico/pico-sdk/src/common/pico_util/pheap.c.obj
                0x10001d6c                ph_remove_and_free_node
 .text.adc_init
                0x10001e0c       0x34 main/CMakeFiles/main.dir/home/gvaldez/pico/pico-sdk/src/rp2_common/hardware_adc/adc.c.obj
                0x10001e0c                adc_init
 .text.uart_disable_before_lcr_write
                0x10001e40       0x48 main/CMakeFiles/main.dir/home/gvaldez/pico/pico-sdk/src/rp2_common/hardware_uart/uart.c.obj
 .text.uart_write_lcr_bits_masked
                0x10001e88       0x22 main/CMakeFiles/main.dir/home/gvaldez/pico/pico-sdk/src/rp2_common/hardware_uart/uart.c.obj
 *fill*         0x10001eaa        0x2 
 .text.uart_set_baudrate
                0x10001eac       0x5c main/CMakeFiles/main.dir/home/gvaldez/pico/pico-sdk/src/rp2_common/hardware_uart/uart.c.obj
                0x10001eac                uart_set_baudrate
 .text.uart_set_format
                0x10001f08       0x2c main/CMakeFiles/main.dir/home/gvaldez/pico/pico-sdk/src/rp2_common/hardware_uart/uart.c.obj
                0x10001f08                uart_set_format
 .text.uart_set_translate_crlf
                0x10001f34       0x28 main/CMakeFiles/main.dir/home/gvaldez/pico/pico-sdk/src/rp2_common/hardware_uart/uart.c.obj
                0x10001f34                uart_set_translate_crlf
 .text.uart_init
                0x10001f5c       0x80 main/CMakeFiles/main.dir/home/gvaldez/pico/pico-sdk/src/rp2_common/hardware_uart/uart.c.obj
                0x10001f5c                uart_init
 .text.clock_configure
                0x10001fdc      0x108 main/CMakeFiles/main.dir/home/gvaldez/pico/pico-sdk/src/rp2_common/hardware_clocks/clocks.c.obj
                0x10001fdc                clock_configure
 .text.clocks_init
                0x100020e4      0x100 main/CMakeFiles/main.dir/home/gvaldez/pico/pico-sdk/src/rp2_common/hardware_clocks/clocks.c.obj
                0x100020e4                clocks_init
 .text.clock_get_hz
                0x100021e4        0xc main/CMakeFiles/main.dir/home/gvaldez/pico/pico-sdk/src/rp2_common/hardware_clocks/clocks.c.obj
                0x100021e4                clock_get_hz
 .text.pll_init
                0x100021f0      0x120 main/CMakeFiles/main.dir/home/gvaldez/pico/pico-sdk/src/rp2_common/hardware_pll/pll.c.obj
                0x100021f0                pll_init
 .text.watchdog_start_tick
                0x10002310       0x10 main/CMakeFiles/main.dir/home/gvaldez/pico/pico-sdk/src/rp2_common/hardware_watchdog/watchdog.c.obj
                0x10002310                watchdog_start_tick
 .text.watchdog_update
                0x10002320       0x14 main/CMakeFiles/main.dir/home/gvaldez/pico/pico-sdk/src/rp2_common/hardware_watchdog/watchdog.c.obj
                0x10002320                watchdog_update
 .text._watchdog_enable
                0x10002334       0x78 main/CMakeFiles/main.dir/home/gvaldez/pico/pico-sdk/src/rp2_common/hardware_watchdog/watchdog.c.obj
                0x10002334                _watchdog_enable
 .text.watchdog_reboot
                0x100023ac       0x48 main/CMakeFiles/main.dir/home/gvaldez/pico/pico-sdk/src/rp2_common/hardware_watchdog/watchdog.c.obj
                0x100023ac                watchdog_reboot
 .text.xosc_init
                0x100023f4       0x28 main/CMakeFiles/main.dir/home/gvaldez/pico/pico-sdk/src/rp2_common/hardware_xosc/xosc.c.obj
                0x100023f4                xosc_init
 .text._exit    0x1000241c        0x4 main/CMakeFiles/main.dir/home/gvaldez/pico/pico-sdk/src/rp2_common/pico_runtime/runtime.c.obj
                0x1000241c                _exit
 .text.exit     0x10002420        0x6 main/CMakeFiles/main.dir/home/gvaldez/pico/pico-sdk/src/rp2_common/pico_runtime/runtime.c.obj
                0x10002420                exit
 *fill*         0x10002426        0x2 
 .text.__assert_func
                0x10002428       0x38 main/CMakeFiles/main.dir/home/gvaldez/pico/pico-sdk/src/rp2_common/pico_runtime/runtime.c.obj
                0x10002428                __assert_func
 .text.runtime_init
                0x10002460       0xf8 main/CMakeFiles/main.dir/home/gvaldez/pico/pico-sdk/src/rp2_common/pico_runtime/runtime.c.obj
                0x10002460                runtime_init
 .text.panic    0x10002558       0x30 main/CMakeFiles/main.dir/home/gvaldez/pico/pico-sdk/src/rp2_common/pico_runtime/runtime.c.obj
                0x10002558                panic
 .text._out_null
                0x10002588        0x2 main/CMakeFiles/main.dir/home/gvaldez/pico/pico-sdk/src/rp2_common/pico_printf/printf.c.obj
 .text._out_fct
                0x1000258a        0xe main/CMakeFiles/main.dir/home/gvaldez/pico/pico-sdk/src/rp2_common/pico_printf/printf.c.obj
 .text._atoi    0x10002598       0x24 main/CMakeFiles/main.dir/home/gvaldez/pico/pico-sdk/src/rp2_common/pico_printf/printf.c.obj
 .text._out_rev
                0x100025bc       0xae main/CMakeFiles/main.dir/home/gvaldez/pico/pico-sdk/src/rp2_common/pico_printf/printf.c.obj
 .text._ntoa_format
                0x1000266a      0x110 main/CMakeFiles/main.dir/home/gvaldez/pico/pico-sdk/src/rp2_common/pico_printf/printf.c.obj
 .text._ntoa_long
                0x1000277a       0xbc main/CMakeFiles/main.dir/home/gvaldez/pico/pico-sdk/src/rp2_common/pico_printf/printf.c.obj
 .text._ntoa_long_long
                0x10002836      0x10e main/CMakeFiles/main.dir/home/gvaldez/pico/pico-sdk/src/rp2_common/pico_printf/printf.c.obj
 .text._etoa    0x10002944      0x420 main/CMakeFiles/main.dir/home/gvaldez/pico/pico-sdk/src/rp2_common/pico_printf/printf.c.obj
 .text._ftoa    0x10002d64      0x354 main/CMakeFiles/main.dir/home/gvaldez/pico/pico-sdk/src/rp2_common/pico_printf/printf.c.obj
 .text._vsnprintf
                0x100030b8      0x65c main/CMakeFiles/main.dir/home/gvaldez/pico/pico-sdk/src/rp2_common/pico_printf/printf.c.obj
 .text.vfctprintf
                0x10003714       0x20 main/CMakeFiles/main.dir/home/gvaldez/pico/pico-sdk/src/rp2_common/pico_printf/printf.c.obj
                0x10003714                vfctprintf
 .text          0x10003734       0x10 main/CMakeFiles/main.dir/home/gvaldez/pico/pico-sdk/src/rp2_common/pico_bit_ops/bit_ops_aeabi.S.obj
 .text.rom_func_lookup
                0x10003744       0x10 main/CMakeFiles/main.dir/home/gvaldez/pico/pico-sdk/src/rp2_common/pico_bootrom/bootrom.c.obj
                0x10003744                rom_func_lookup
 .text.rom_data_lookup
                0x10003754       0x10 main/CMakeFiles/main.dir/home/gvaldez/pico/pico-sdk/src/rp2_common/pico_bootrom/bootrom.c.obj
                0x10003754                rom_data_lookup
 .text.rom_funcs_lookup
                0x10003764       0x36 main/CMakeFiles/main.dir/home/gvaldez/pico/pico-sdk/src/rp2_common/pico_bootrom/bootrom.c.obj
                0x10003764                rom_funcs_lookup
 *fill*         0x1000379a        0x2 
 .text.__wrap___aeabi_idiv
                0x1000379c       0x50 main/CMakeFiles/main.dir/home/gvaldez/pico/pico-sdk/src/rp2_common/pico_divider/divider.S.obj
                0x1000379c                __wrap___aeabi_idivmod
                0x1000379c                divmod_s32s32
                0x1000379c                div_s32s32
                0x1000379c                __wrap___aeabi_idiv
                0x100037a4                divmod_s32s32_unsafe
                0x100037d0                divmod_s32s32_savestate
 .text.__wrap___aeabi_uidiv
                0x100037ec       0x4c main/CMakeFiles/main.dir/home/gvaldez/pico/pico-sdk/src/rp2_common/pico_divider/divider.S.obj
                0x100037ec                __wrap___aeabi_uidiv
                0x100037ec                __wrap___aeabi_uidivmod
                0x100037ec                div_u32u32
                0x100037ec                divmod_u32u32
                0x100037f4                divmod_u32u32_unsafe
                0x1000381c                divmod_u32u32_savestate
 .text.__wrap___aeabi_ldiv
                0x10003838      0x424 main/CMakeFiles/main.dir/home/gvaldez/pico/pico-sdk/src/rp2_common/pico_divider/divider.S.obj
                0x10003838                div_s64s64
                0x10003838                divmod_s64s64
                0x10003838                __wrap___aeabi_ldivmod
                0x10003868                div_u64u64
                0x10003868                divmod_u64u64
                0x10003868                __wrap___aeabi_uldivmod
                0x10003878                divmod_u64u64_savestate
                0x10003898                divmod_s64s64_unsafe
                0x10003920                divmod_u64u64_unsafe
 .text.__wrap___aeabi_darithmetic
                0x10003c5c       0x80 main/CMakeFiles/main.dir/home/gvaldez/pico/pico-sdk/src/rp2_common/pico_double/double_aeabi.S.obj
                0x10003c5c                __wrap___aeabi_drsub
                0x10003c62                __wrap___aeabi_dsub
                0x10003c74                __wrap___aeabi_dadd
                0x10003c86                __wrap___aeabi_ddiv
                0x10003cc2                __wrap___aeabi_dmul
 .text.__wrap___aeabi_cdcmple
                0x10003cdc       0x6c main/CMakeFiles/main.dir/home/gvaldez/pico/pico-sdk/src/rp2_common/pico_double/double_aeabi.S.obj
                0x10003cdc                __wrap___aeabi_cdrcmple
                0x10003cec                __wrap___aeabi_cdcmple
                0x10003cec                __wrap___aeabi_cdcmpeq
 .text.__wrap___aeabi_dcmplt
                0x10003d48        0xc main/CMakeFiles/main.dir/home/gvaldez/pico/pico-sdk/src/rp2_common/pico_double/double_aeabi.S.obj
                0x10003d48                __wrap___aeabi_dcmplt
 .text.__wrap___aeabi_dcmple
                0x10003d54       0x10 main/CMakeFiles/main.dir/home/gvaldez/pico/pico-sdk/src/rp2_common/pico_double/double_aeabi.S.obj
                0x10003d54                __wrap___aeabi_dcmple
 .text.__wrap___aeabi_dcmpge
                0x10003d64       0x10 main/CMakeFiles/main.dir/home/gvaldez/pico/pico-sdk/src/rp2_common/pico_double/double_aeabi.S.obj
                0x10003d64                __wrap___aeabi_dcmpge
 .text.__wrap___aeabi_dcmpgt
                0x10003d74        0xa main/CMakeFiles/main.dir/home/gvaldez/pico/pico-sdk/src/rp2_common/pico_double/double_aeabi.S.obj
                0x10003d74                __wrap___aeabi_dcmpgt
 .text.__wrap___aeabi_dcmpun
                0x10003d7e       0x1c main/CMakeFiles/main.dir/home/gvaldez/pico/pico-sdk/src/rp2_common/pico_double/double_aeabi.S.obj
                0x10003d7e                __wrap___aeabi_dcmpun
 *fill*         0x10003d9a        0x2 
 .text.__wrap___aeabi_i2d
                0x10003d9c       0x38 main/CMakeFiles/main.dir/home/gvaldez/pico/pico-sdk/src/rp2_common/pico_double/double_aeabi.S.obj
                0x10003d9c                __wrap___aeabi_ui2d
                0x10003da4                __wrap___aeabi_i2d
 .text.__wrap___aeabi_d2iz
                0x10003dd4       0x48 main/CMakeFiles/main.dir/home/gvaldez/pico/pico-sdk/src/rp2_common/pico_double/double_aeabi.S.obj
                0x10003dd4                __wrap___aeabi_d2iz
                0x10003dd4                double2int_z
 .text.__wrap___aeabi_d2uiz
                0x10003e1c       0x18 main/CMakeFiles/main.dir/home/gvaldez/pico/pico-sdk/src/rp2_common/pico_double/double_aeabi.S.obj
                0x10003e1c                double2uint
                0x10003e1c                __wrap___aeabi_d2uiz
 .text.__aeabi_double_init
                0x10003e34       0xcc main/CMakeFiles/main.dir/home/gvaldez/pico/pico-sdk/src/rp2_common/pico_double/double_init_rom.c.obj
                0x10003e34                __aeabi_double_init
 .text.double_table_shim_on_use_helper
                0x10003f00       0x34 main/CMakeFiles/main.dir/home/gvaldez/pico/pico-sdk/src/rp2_common/pico_double/double_v1_rom_shim.S.obj
                0x10003f00                double_table_shim_on_use_helper
 .text.__wrap___aeabi_dsub
                0x10003f34       0x10 main/CMakeFiles/main.dir/home/gvaldez/pico/pico-sdk/src/rp2_common/pico_double/double_v1_rom_shim.S.obj
                0x10003f34                drsub_shim
                0x10003f3a                dsub_shim
 .text.dadd_shim
                0x10003f44      0x15c main/CMakeFiles/main.dir/home/gvaldez/pico/pico-sdk/src/rp2_common/pico_double/double_v1_rom_shim.S.obj
                0x10003f44                dadd_shim
 .text.dmul_shim
                0x100040a0      0x15c main/CMakeFiles/main.dir/home/gvaldez/pico/pico-sdk/src/rp2_common/pico_double/double_v1_rom_shim.S.obj
                0x100040a0                dmul_shim
 .text.ddiv_shim
                0x100041fc      0x1b0 main/CMakeFiles/main.dir/home/gvaldez/pico/pico-sdk/src/rp2_common/pico_double/double_v1_rom_shim.S.obj
                0x100041fc                ddiv_shim
 .text.double2uint_shim
                0x100043ac        0xe main/CMakeFiles/main.dir/home/gvaldez/pico/pico-sdk/src/rp2_common/pico_double/double_v1_rom_shim.S.obj
                0x100043ac                double2uint_shim
                0x100043ae                double2ufix_shim
 *fill*         0x100043ba        0x2 
 .text.double2uint64_shim
                0x100043bc       0x70 main/CMakeFiles/main.dir/home/gvaldez/pico/pico-sdk/src/rp2_common/pico_double/double_v1_rom_shim.S.obj
                0x100043bc                double2uint64_shim
                0x100043be                double2ufix64_shim
                0x100043de                d2fix_a
 .text.dunpacks
                0x1000442c       0x3c main/CMakeFiles/main.dir/home/gvaldez/pico/pico-sdk/src/rp2_common/pico_double/double_v1_rom_shim.S.obj
                0x1000442c                dunpacks
 .text.__aeabi_lmul
                0x10004468       0x32 main/CMakeFiles/main.dir/home/gvaldez/pico/pico-sdk/src/rp2_common/pico_int64_ops/pico_int64_ops_aeabi.S.obj
                0x10004468                __wrap___aeabi_lmul
 *fill*         0x1000449a        0x2 
 .text.__wrap___aeabi_farithmetic
                0x1000449c       0x58 main/CMakeFiles/main.dir/home/gvaldez/pico/pico-sdk/src/rp2_common/pico_float/float_aeabi.S.obj
                0x1000449c                __wrap___aeabi_frsub
                0x100044a2                __wrap___aeabi_fsub
                0x100044ac                __wrap___aeabi_fadd
                0x100044b6                __wrap___aeabi_fdiv
                0x100044e2                __wrap___aeabi_fmul
 .text.__wrap___aeabi_i2f
                0x100044f4       0x44 main/CMakeFiles/main.dir/home/gvaldez/pico/pico-sdk/src/rp2_common/pico_float/float_aeabi.S.obj
                0x100044f4                __wrap___aeabi_i2f
 .text.__wrap___aeabi_f2d
                0x10004538       0x14 main/CMakeFiles/main.dir/home/gvaldez/pico/pico-sdk/src/rp2_common/pico_float/float_aeabi.S.obj
                0x10004538                __wrap___aeabi_f2d
 .text.__aeabi_float_init
                0x1000454c       0xfc main/CMakeFiles/main.dir/home/gvaldez/pico/pico-sdk/src/rp2_common/pico_float/float_init_rom.c.obj
                0x1000454c                __aeabi_float_init
 .text.float_table_shim_on_use_helper
                0x10004648       0x34 main/CMakeFiles/main.dir/home/gvaldez/pico/pico-sdk/src/rp2_common/pico_float/float_v1_rom_shim.S.obj
                0x10004648                float_table_shim_on_use_helper
 .text.float2double_shim
                0x1000467c       0x30 main/CMakeFiles/main.dir/home/gvaldez/pico/pico-sdk/src/rp2_common/pico_float/float_v1_rom_shim.S.obj
                0x1000467c                float2double_shim
 .text          0x100046ac       0x10 main/CMakeFiles/main.dir/home/gvaldez/pico/pico-sdk/src/rp2_common/pico_mem_ops/mem_ops_aeabi.S.obj
                0x100046ac                __aeabi_mem_init
 .text.memset   0x100046bc        0xc main/CMakeFiles/main.dir/home/gvaldez/pico/pico-sdk/src/rp2_common/pico_mem_ops/mem_ops_aeabi.S.obj
                0x100046bc                __wrap_memset
 .text.memcpy   0x100046c8        0xc main/CMakeFiles/main.dir/home/gvaldez/pico/pico-sdk/src/rp2_common/pico_mem_ops/mem_ops_aeabi.S.obj
                0x100046c8                __wrap___aeabi_memcpy
                0x100046c8                __wrap_memcpy
 .text.time_reached
                0x100046d4       0x28 main/CMakeFiles/main.dir/home/gvaldez/pico/pico-sdk/src/rp2_common/pico_stdio/stdio.c.obj
 .text.stdio_out_chars_no_crlf
                0x100046fc        0xe main/CMakeFiles/main.dir/home/gvaldez/pico/pico-sdk/src/rp2_common/pico_stdio/stdio.c.obj
 *fill*         0x1000470a        0x2 
 .text.stdio_out_chars_crlf
                0x1000470c       0x80 main/CMakeFiles/main.dir/home/gvaldez/pico/pico-sdk/src/rp2_common/pico_stdio/stdio.c.obj
 .text.stdio_stack_buffer_flush
                0x1000478c       0x44 main/CMakeFiles/main.dir/home/gvaldez/pico/pico-sdk/src/rp2_common/pico_stdio/stdio.c.obj
 .text.stdio_buffered_printer
                0x100047d0       0x20 main/CMakeFiles/main.dir/home/gvaldez/pico/pico-sdk/src/rp2_common/pico_stdio/stdio.c.obj
 .text.update_us_since_boot
                0x100047f0       0x24 main/CMakeFiles/main.dir/home/gvaldez/pico/pico-sdk/src/rp2_common/pico_stdio/stdio.c.obj
 .text.get_absolute_time
                0x10004814       0x22 main/CMakeFiles/main.dir/home/gvaldez/pico/pico-sdk/src/rp2_common/pico_stdio/stdio.c.obj
 *fill*         0x10004836        0x2 
 .text.delayed_by_ms
                0x10004838       0x44 main/CMakeFiles/main.dir/home/gvaldez/pico/pico-sdk/src/rp2_common/pico_stdio/stdio.c.obj
 .text.make_timeout_time_ms
                0x1000487c       0x20 main/CMakeFiles/main.dir/home/gvaldez/pico/pico-sdk/src/rp2_common/pico_stdio/stdio.c.obj
 .text.stdio_get_until
                0x1000489c       0x64 main/CMakeFiles/main.dir/home/gvaldez/pico/pico-sdk/src/rp2_common/pico_stdio/stdio.c.obj
 .text.stdout_serialize_begin
                0x10004900       0x20 main/CMakeFiles/main.dir/home/gvaldez/pico/pico-sdk/src/rp2_common/pico_stdio/stdio.c.obj
                0x10004900                stdout_serialize_begin
 .text.stdout_serialize_end
                0x10004920       0x10 main/CMakeFiles/main.dir/home/gvaldez/pico/pico-sdk/src/rp2_common/pico_stdio/stdio.c.obj
                0x10004920                stdout_serialize_end
 .text.stdio_put_string
                0x10004930       0x98 main/CMakeFiles/main.dir/home/gvaldez/pico/pico-sdk/src/rp2_common/pico_stdio/stdio.c.obj
 .text.stdio_set_driver_enabled
                0x100049c8       0x2c main/CMakeFiles/main.dir/home/gvaldez/pico/pico-sdk/src/rp2_common/pico_stdio/stdio.c.obj
                0x100049c8                stdio_set_driver_enabled
 .text.stdio_flush
                0x100049f4       0x20 main/CMakeFiles/main.dir/home/gvaldez/pico/pico-sdk/src/rp2_common/pico_stdio/stdio.c.obj
                0x100049f4                stdio_flush
 .text.__wrap_puts
                0x10004a14       0x1e main/CMakeFiles/main.dir/home/gvaldez/pico/pico-sdk/src/rp2_common/pico_stdio/stdio.c.obj
                0x10004a14                __wrap_puts
 *fill*         0x10004a32        0x2 
 .text.__wrap_vprintf
                0x10004a34       0x40 main/CMakeFiles/main.dir/home/gvaldez/pico/pico-sdk/src/rp2_common/pico_stdio/stdio.c.obj
                0x10004a34                __wrap_vprintf
 .text.__wrap_printf
                0x10004a74       0x18 main/CMakeFiles/main.dir/home/gvaldez/pico/pico-sdk/src/rp2_common/pico_stdio/stdio.c.obj
                0x10004a74                __wrap_printf
 .text.stdio_init_all
                0x10004a8c        0xe main/CMakeFiles/main.dir/home/gvaldez/pico/pico-sdk/src/rp2_common/pico_stdio/stdio.c.obj
                0x10004a8c                stdio_init_all
 *fill*         0x10004a9a        0x2 
 .text.__wrap_getchar
                0x10004a9c       0x40 main/CMakeFiles/main.dir/home/gvaldez/pico/pico-sdk/src/rp2_common/pico_stdio/stdio.c.obj
                0x10004a9c                __wrap_getchar
 .text.uart_putc
                0x10004adc       0x60 main/CMakeFiles/main.dir/home/gvaldez/pico/pico-sdk/src/rp2_common/pico_stdio_uart/stdio_uart.c.obj
 .text.uart_getc
                0x10004b3c       0x24 main/CMakeFiles/main.dir/home/gvaldez/pico/pico-sdk/src/rp2_common/pico_stdio_uart/stdio_uart.c.obj
 .text.stdio_uart_out_chars
                0x10004b60       0x20 main/CMakeFiles/main.dir/home/gvaldez/pico/pico-sdk/src/rp2_common/pico_stdio_uart/stdio_uart.c.obj
 .text.stdio_uart_in_chars
                0x10004b80       0x5c main/CMakeFiles/main.dir/home/gvaldez/pico/pico-sdk/src/rp2_common/pico_stdio_uart/stdio_uart.c.obj
                0x10004b80                stdio_uart_in_chars
 .text.on_uart_rx
                0x10004bdc       0x28 main/CMakeFiles/main.dir/home/gvaldez/pico/pico-sdk/src/rp2_common/pico_stdio_uart/stdio_uart.c.obj
 .text.stdio_uart_set_chars_available_callback
                0x10004c04       0x8c main/CMakeFiles/main.dir/home/gvaldez/pico/pico-sdk/src/rp2_common/pico_stdio_uart/stdio_uart.c.obj
 .text.stdio_uart_init_full
                0x10004c90       0x44 main/CMakeFiles/main.dir/home/gvaldez/pico/pico-sdk/src/rp2_common/pico_stdio_uart/stdio_uart.c.obj
                0x10004c90                stdio_uart_init_full
 .text.stdio_uart_init
                0x10004cd4       0x28 main/CMakeFiles/main.dir/home/gvaldez/pico/pico-sdk/src/rp2_common/pico_stdio_uart/stdio_uart.c.obj
                0x10004cd4                stdio_uart_init
 .text.resetd_init
                0x10004cfc        0x2 main/CMakeFiles/main.dir/home/gvaldez/pico/pico-sdk/src/rp2_common/pico_stdio_usb/reset_interface.c.obj
 *fill*         0x10004cfe        0x2 
 .text.resetd_reset
                0x10004d00        0xc main/CMakeFiles/main.dir/home/gvaldez/pico/pico-sdk/src/rp2_common/pico_stdio_usb/reset_interface.c.obj
 .text.resetd_open
                0x10004d0c       0x34 main/CMakeFiles/main.dir/home/gvaldez/pico/pico-sdk/src/rp2_common/pico_stdio_usb/reset_interface.c.obj
 .text.resetd_xfer_cb
                0x10004d40        0x4 main/CMakeFiles/main.dir/home/gvaldez/pico/pico-sdk/src/rp2_common/pico_stdio_usb/reset_interface.c.obj
 .text.reset_usb_boot
                0x10004d44       0x18 main/CMakeFiles/main.dir/home/gvaldez/pico/pico-sdk/src/rp2_common/pico_stdio_usb/reset_interface.c.obj
 .text.resetd_control_xfer_cb
                0x10004d5c       0x5c main/CMakeFiles/main.dir/home/gvaldez/pico/pico-sdk/src/rp2_common/pico_stdio_usb/reset_interface.c.obj
 .text.usbd_app_driver_get_cb
                0x10004db8        0xc main/CMakeFiles/main.dir/home/gvaldez/pico/pico-sdk/src/rp2_common/pico_stdio_usb/reset_interface.c.obj
                0x10004db8                usbd_app_driver_get_cb
 .text.tud_cdc_line_coding_cb
                0x10004dc4       0x28 main/CMakeFiles/main.dir/home/gvaldez/pico/pico-sdk/src/rp2_common/pico_stdio_usb/reset_interface.c.obj
                0x10004dc4                tud_cdc_line_coding_cb
 .text.stdio_usb_set_chars_available_callback
                0x10004dec       0x14 main/CMakeFiles/main.dir/home/gvaldez/pico/pico-sdk/src/rp2_common/pico_stdio_usb/stdio_usb.c.obj
                0x10004dec                stdio_usb_set_chars_available_callback
 .text.update_us_since_boot
                0x10004e00       0x24 main/CMakeFiles/main.dir/home/gvaldez/pico/pico-sdk/src/rp2_common/pico_stdio_usb/stdio_usb.c.obj
 .text.get_absolute_time
                0x10004e24       0x22 main/CMakeFiles/main.dir/home/gvaldez/pico/pico-sdk/src/rp2_common/pico_stdio_usb/stdio_usb.c.obj
 *fill*         0x10004e46        0x2 
 .text.delayed_by_ms
                0x10004e48       0x44 main/CMakeFiles/main.dir/home/gvaldez/pico/pico-sdk/src/rp2_common/pico_stdio_usb/stdio_usb.c.obj
 .text.make_timeout_time_ms
                0x10004e8c       0x20 main/CMakeFiles/main.dir/home/gvaldez/pico/pico-sdk/src/rp2_common/pico_stdio_usb/stdio_usb.c.obj
 .text.delayed_by_us
                0x10004eac       0x34 main/CMakeFiles/main.dir/home/gvaldez/pico/pico-sdk/src/rp2_common/pico_stdio_usb/stdio_usb.c.obj
 .text.usb_irq  0x10004ee0       0x10 main/CMakeFiles/main.dir/home/gvaldez/pico/pico-sdk/src/rp2_common/pico_stdio_usb/stdio_usb.c.obj
 .text.critical_section_enter_blocking
                0x10004ef0       0x16 main/CMakeFiles/main.dir/home/gvaldez/pico/pico-sdk/src/rp2_common/pico_stdio_usb/stdio_usb.c.obj
 *fill*         0x10004f06        0x2 
 .text.timer_task
                0x10004f08       0x4c main/CMakeFiles/main.dir/home/gvaldez/pico/pico-sdk/src/rp2_common/pico_stdio_usb/stdio_usb.c.obj
 .text.alarm_pool_add_alarm_in_us
                0x10004f54       0x3a main/CMakeFiles/main.dir/home/gvaldez/pico/pico-sdk/src/rp2_common/pico_stdio_usb/stdio_usb.c.obj
 .text.add_alarm_in_us
                0x10004f8e       0x2e main/CMakeFiles/main.dir/home/gvaldez/pico/pico-sdk/src/rp2_common/pico_stdio_usb/stdio_usb.c.obj
 .text.low_priority_worker_irq
                0x10004fbc       0x7c main/CMakeFiles/main.dir/home/gvaldez/pico/pico-sdk/src/rp2_common/pico_stdio_usb/stdio_usb.c.obj
 .text.tud_cdc_rx_cb
                0x10005038       0x20 main/CMakeFiles/main.dir/home/gvaldez/pico/pico-sdk/src/rp2_common/pico_stdio_usb/stdio_usb.c.obj
                0x10005038                tud_cdc_rx_cb
 .text.stdio_usb_init
                0x10005058       0xd0 main/CMakeFiles/main.dir/home/gvaldez/pico/pico-sdk/src/rp2_common/pico_stdio_usb/stdio_usb.c.obj
                0x10005058                stdio_usb_init
 .text.stdio_usb_connected
                0x10005128        0xa main/CMakeFiles/main.dir/home/gvaldez/pico/pico-sdk/src/rp2_common/pico_stdio_usb/stdio_usb.c.obj
                0x10005128                stdio_usb_connected
 *fill*         0x10005132        0x2 
 .text.stdio_usb_in_chars
                0x10005134       0x88 main/CMakeFiles/main.dir/home/gvaldez/pico/pico-sdk/src/rp2_common/pico_stdio_usb/stdio_usb.c.obj
                0x10005134                stdio_usb_in_chars
 .text.stdio_usb_out_chars
                0x100051bc       0xd8 main/CMakeFiles/main.dir/home/gvaldez/pico/pico-sdk/src/rp2_common/pico_stdio_usb/stdio_usb.c.obj
 .text.tud_descriptor_device_cb
                0x10005294        0x8 main/CMakeFiles/main.dir/home/gvaldez/pico/pico-sdk/src/rp2_common/pico_stdio_usb/stdio_usb_descriptors.c.obj
                0x10005294                tud_descriptor_device_cb
 .text.tud_descriptor_configuration_cb
                0x1000529c        0x8 main/CMakeFiles/main.dir/home/gvaldez/pico/pico-sdk/src/rp2_common/pico_stdio_usb/stdio_usb_descriptors.c.obj
                0x1000529c                tud_descriptor_configuration_cb
 .text.tud_descriptor_string_cb
                0x100052a4       0x6c main/CMakeFiles/main.dir/home/gvaldez/pico/pico-sdk/src/rp2_common/pico_stdio_usb/stdio_usb_descriptors.c.obj
                0x100052a4                tud_descriptor_string_cb
 .text._retrieve_unique_id_on_boot
                0x10005310       0x10 main/CMakeFiles/main.dir/home/gvaldez/pico/pico-sdk/src/rp2_common/pico_unique_id/unique_id.c.obj
 .text.pico_get_unique_board_id_string
                0x10005320       0x5c main/CMakeFiles/main.dir/home/gvaldez/pico/pico-sdk/src/rp2_common/pico_unique_id/unique_id.c.obj
                0x10005320                pico_get_unique_board_id_string
 .text.flash_get_unique_id
                0x1000537c       0x46 main/CMakeFiles/main.dir/home/gvaldez/pico/pico-sdk/src/rp2_common/hardware_flash/flash.c.obj
                0x1000537c                flash_get_unique_id
 *fill*         0x100053c2        0x2 
 .text.hw_endpoint_get_by_addr
                0x100053c4       0x18 main/CMakeFiles/main.dir/home/gvaldez/pico/pico-sdk/lib/tinyusb/src/portable/raspberrypi/rp2040/dcd_rp2040.c.obj
 .text._hw_endpoint_alloc
                0x100053dc       0x70 main/CMakeFiles/main.dir/home/gvaldez/pico/pico-sdk/lib/tinyusb/src/portable/raspberrypi/rp2040/dcd_rp2040.c.obj
 .text.hw_endpoint_init
                0x1000544c       0x88 main/CMakeFiles/main.dir/home/gvaldez/pico/pico-sdk/lib/tinyusb/src/portable/raspberrypi/rp2040/dcd_rp2040.c.obj
 .text.dcd_event_sof
                0x100054d4       0x2c main/CMakeFiles/main.dir/home/gvaldez/pico/pico-sdk/lib/tinyusb/src/portable/raspberrypi/rp2040/dcd_rp2040.c.obj
 .text.hw_endpoint_xfer
                0x10005500       0x14 main/CMakeFiles/main.dir/home/gvaldez/pico/pico-sdk/lib/tinyusb/src/portable/raspberrypi/rp2040/dcd_rp2040.c.obj
 .text.dcd_int_enable
                0x10005514       0x2c main/CMakeFiles/main.dir/home/gvaldez/pico/pico-sdk/lib/tinyusb/src/portable/raspberrypi/rp2040/dcd_rp2040.c.obj
                0x10005514                dcd_int_enable
 .text.dcd_set_address
                0x10005540       0x2c main/CMakeFiles/main.dir/home/gvaldez/pico/pico-sdk/lib/tinyusb/src/portable/raspberrypi/rp2040/dcd_rp2040.c.obj
                0x10005540                dcd_set_address
 .text.dcd_connect
                0x1000556c       0x10 main/CMakeFiles/main.dir/home/gvaldez/pico/pico-sdk/lib/tinyusb/src/portable/raspberrypi/rp2040/dcd_rp2040.c.obj
                0x1000556c                dcd_connect
 .text.dcd_init
                0x1000557c       0x80 main/CMakeFiles/main.dir/home/gvaldez/pico/pico-sdk/lib/tinyusb/src/portable/raspberrypi/rp2040/dcd_rp2040.c.obj
                0x1000557c                dcd_init
 .text.dcd_edpt0_status_complete
                0x100055fc       0x1c main/CMakeFiles/main.dir/home/gvaldez/pico/pico-sdk/lib/tinyusb/src/portable/raspberrypi/rp2040/dcd_rp2040.c.obj
                0x100055fc                dcd_edpt0_status_complete
 .text.dcd_edpt_open
                0x10005618       0x40 main/CMakeFiles/main.dir/home/gvaldez/pico/pico-sdk/lib/tinyusb/src/portable/raspberrypi/rp2040/dcd_rp2040.c.obj
                0x10005618                dcd_edpt_open
 .text.dcd_edpt_close_all
                0x10005658        0x8 main/CMakeFiles/main.dir/home/gvaldez/pico/pico-sdk/lib/tinyusb/src/portable/raspberrypi/rp2040/dcd_rp2040.c.obj
                0x10005658                dcd_edpt_close_all
 .text.dcd_edpt_xfer
                0x10005660       0x34 main/CMakeFiles/main.dir/home/gvaldez/pico/pico-sdk/lib/tinyusb/src/portable/raspberrypi/rp2040/dcd_rp2040.c.obj
                0x10005660                dcd_edpt_xfer
 .text.dcd_edpt_stall
                0x10005694       0x2c main/CMakeFiles/main.dir/home/gvaldez/pico/pico-sdk/lib/tinyusb/src/portable/raspberrypi/rp2040/dcd_rp2040.c.obj
                0x10005694                dcd_edpt_stall
 .text.dcd_edpt_clear_stall
                0x100056c0       0x20 main/CMakeFiles/main.dir/home/gvaldez/pico/pico-sdk/lib/tinyusb/src/portable/raspberrypi/rp2040/dcd_rp2040.c.obj
                0x100056c0                dcd_edpt_clear_stall
 .text.rp2040_usb_init
                0x100056e0       0x4c main/CMakeFiles/main.dir/home/gvaldez/pico/pico-sdk/lib/tinyusb/src/portable/raspberrypi/rp2040/rp2040_usb.c.obj
                0x100056e0                rp2040_usb_init
 .text.hw_endpoint_xfer_start
                0x1000572c       0x50 main/CMakeFiles/main.dir/home/gvaldez/pico/pico-sdk/lib/tinyusb/src/portable/raspberrypi/rp2040/rp2040_usb.c.obj
                0x1000572c                hw_endpoint_xfer_start
 .text.configuration_reset
                0x1000577c       0x84 main/CMakeFiles/main.dir/home/gvaldez/pico/pico-sdk/lib/tinyusb/src/device/usbd.c.obj
 .text.critical_section_enter_blocking
                0x10005800       0x16 main/CMakeFiles/main.dir/home/gvaldez/pico/pico-sdk/lib/tinyusb/src/device/usbd.c.obj
 .text.usbd_reset
                0x10005816        0xc main/CMakeFiles/main.dir/home/gvaldez/pico/pico-sdk/lib/tinyusb/src/device/usbd.c.obj
 .text.invoke_class_control
                0x10005822       0x1a main/CMakeFiles/main.dir/home/gvaldez/pico/pico-sdk/lib/tinyusb/src/device/usbd.c.obj
 .text.process_set_config
                0x1000583c      0x178 main/CMakeFiles/main.dir/home/gvaldez/pico/pico-sdk/lib/tinyusb/src/device/usbd.c.obj
 .text.process_get_descriptor
                0x100059b4       0xdc main/CMakeFiles/main.dir/home/gvaldez/pico/pico-sdk/lib/tinyusb/src/device/usbd.c.obj
 .text.tud_mounted
                0x10005a90       0x10 main/CMakeFiles/main.dir/home/gvaldez/pico/pico-sdk/lib/tinyusb/src/device/usbd.c.obj
                0x10005a90                tud_mounted
 .text.tud_suspended
                0x10005aa0       0x10 main/CMakeFiles/main.dir/home/gvaldez/pico/pico-sdk/lib/tinyusb/src/device/usbd.c.obj
                0x10005aa0                tud_suspended
 .text.tud_inited
                0x10005ab0       0x14 main/CMakeFiles/main.dir/home/gvaldez/pico/pico-sdk/lib/tinyusb/src/device/usbd.c.obj
                0x10005ab0                tud_inited
 .text.tud_init
                0x10005ac4       0xcc main/CMakeFiles/main.dir/home/gvaldez/pico/pico-sdk/lib/tinyusb/src/device/usbd.c.obj
                0x10005ac4                tud_init
 .text.usbd_defer_func
                0x10005b90       0x2a main/CMakeFiles/main.dir/home/gvaldez/pico/pico-sdk/lib/tinyusb/src/device/usbd.c.obj
                0x10005b90                usbd_defer_func
 *fill*         0x10005bba        0x2 
 .text.usbd_edpt_open
                0x10005bbc       0x34 main/CMakeFiles/main.dir/home/gvaldez/pico/pico-sdk/lib/tinyusb/src/device/usbd.c.obj
                0x10005bbc                usbd_edpt_open
 .text.usbd_open_edpt_pair
                0x10005bf0       0x62 main/CMakeFiles/main.dir/home/gvaldez/pico/pico-sdk/lib/tinyusb/src/device/usbd.c.obj
                0x10005bf0                usbd_open_edpt_pair
 *fill*         0x10005c52        0x2 
 .text.usbd_edpt_claim
                0x10005c54       0x28 main/CMakeFiles/main.dir/home/gvaldez/pico/pico-sdk/lib/tinyusb/src/device/usbd.c.obj
                0x10005c54                usbd_edpt_claim
 .text.usbd_edpt_release
                0x10005c7c       0x28 main/CMakeFiles/main.dir/home/gvaldez/pico/pico-sdk/lib/tinyusb/src/device/usbd.c.obj
                0x10005c7c                usbd_edpt_release
 .text.usbd_edpt_xfer
                0x10005ca4       0x78 main/CMakeFiles/main.dir/home/gvaldez/pico/pico-sdk/lib/tinyusb/src/device/usbd.c.obj
                0x10005ca4                usbd_edpt_xfer
 .text.usbd_edpt_stall
                0x10005d1c       0x48 main/CMakeFiles/main.dir/home/gvaldez/pico/pico-sdk/lib/tinyusb/src/device/usbd.c.obj
                0x10005d1c                usbd_edpt_stall
 .text.usbd_edpt_clear_stall
                0x10005d64       0x48 main/CMakeFiles/main.dir/home/gvaldez/pico/pico-sdk/lib/tinyusb/src/device/usbd.c.obj
                0x10005d64                usbd_edpt_clear_stall
 .text.usbd_edpt_stalled
                0x10005dac       0x1c main/CMakeFiles/main.dir/home/gvaldez/pico/pico-sdk/lib/tinyusb/src/device/usbd.c.obj
                0x10005dac                usbd_edpt_stalled
 .text.process_control_request
                0x10005dc8      0x374 main/CMakeFiles/main.dir/home/gvaldez/pico/pico-sdk/lib/tinyusb/src/device/usbd.c.obj
 .text.tud_task_ext
                0x1000613c      0x1a8 main/CMakeFiles/main.dir/home/gvaldez/pico/pico-sdk/lib/tinyusb/src/device/usbd.c.obj
                0x1000613c                tud_task_ext
 .text._status_stage_xact
                0x100062e4       0x1a main/CMakeFiles/main.dir/home/gvaldez/pico/pico-sdk/lib/tinyusb/src/device/usbd_control.c.obj
 *fill*         0x100062fe        0x2 
 .text._data_stage_xact
                0x10006300       0x58 main/CMakeFiles/main.dir/home/gvaldez/pico/pico-sdk/lib/tinyusb/src/device/usbd_control.c.obj
 .text.tud_control_status
                0x10006358       0x28 main/CMakeFiles/main.dir/home/gvaldez/pico/pico-sdk/lib/tinyusb/src/device/usbd_control.c.obj
                0x10006358                tud_control_status
 .text.tud_control_xfer
                0x10006380       0x68 main/CMakeFiles/main.dir/home/gvaldez/pico/pico-sdk/lib/tinyusb/src/device/usbd_control.c.obj
                0x10006380                tud_control_xfer
 .text.usbd_control_reset
                0x100063e8       0x14 main/CMakeFiles/main.dir/home/gvaldez/pico/pico-sdk/lib/tinyusb/src/device/usbd_control.c.obj
                0x100063e8                usbd_control_reset
 .text.usbd_control_set_complete_callback
                0x100063fc        0xc main/CMakeFiles/main.dir/home/gvaldez/pico/pico-sdk/lib/tinyusb/src/device/usbd_control.c.obj
                0x100063fc                usbd_control_set_complete_callback
 .text.usbd_control_set_request
                0x10006408       0x1c main/CMakeFiles/main.dir/home/gvaldez/pico/pico-sdk/lib/tinyusb/src/device/usbd_control.c.obj
                0x10006408                usbd_control_set_request
 .text.usbd_control_xfer_cb
                0x10006424       0xbc main/CMakeFiles/main.dir/home/gvaldez/pico/pico-sdk/lib/tinyusb/src/device/usbd_control.c.obj
                0x10006424                usbd_control_xfer_cb
 .text._prep_out_transaction
                0x100064e0       0x4a main/CMakeFiles/main.dir/home/gvaldez/pico/pico-sdk/lib/tinyusb/src/class/cdc/cdc_device.c.obj
 *fill*         0x1000652a        0x2 
 .text.tud_cdc_n_connected
                0x1000652c       0x38 main/CMakeFiles/main.dir/home/gvaldez/pico/pico-sdk/lib/tinyusb/src/class/cdc/cdc_device.c.obj
                0x1000652c                tud_cdc_n_connected
 .text.tud_cdc_n_available
                0x10006564       0x18 main/CMakeFiles/main.dir/home/gvaldez/pico/pico-sdk/lib/tinyusb/src/class/cdc/cdc_device.c.obj
                0x10006564                tud_cdc_n_available
 .text.tud_cdc_n_read
                0x1000657c       0x28 main/CMakeFiles/main.dir/home/gvaldez/pico/pico-sdk/lib/tinyusb/src/class/cdc/cdc_device.c.obj
                0x1000657c                tud_cdc_n_read
 .text.tud_cdc_n_write_flush
                0x100065a4       0xb8 main/CMakeFiles/main.dir/home/gvaldez/pico/pico-sdk/lib/tinyusb/src/class/cdc/cdc_device.c.obj
                0x100065a4                tud_cdc_n_write_flush
 .text.tud_cdc_n_write
                0x1000665c       0x38 main/CMakeFiles/main.dir/home/gvaldez/pico/pico-sdk/lib/tinyusb/src/class/cdc/cdc_device.c.obj
                0x1000665c                tud_cdc_n_write
 .text.tud_cdc_n_write_available
                0x10006694       0x1c main/CMakeFiles/main.dir/home/gvaldez/pico/pico-sdk/lib/tinyusb/src/class/cdc/cdc_device.c.obj
                0x10006694                tud_cdc_n_write_available
 .text.cdcd_init
                0x100066b0       0xbc main/CMakeFiles/main.dir/home/gvaldez/pico/pico-sdk/lib/tinyusb/src/class/cdc/cdc_device.c.obj
                0x100066b0                cdcd_init
 .text.cdcd_reset
                0x1000676c       0x44 main/CMakeFiles/main.dir/home/gvaldez/pico/pico-sdk/lib/tinyusb/src/class/cdc/cdc_device.c.obj
                0x1000676c                cdcd_reset
 .text.cdcd_open
                0x100067b0       0xc4 main/CMakeFiles/main.dir/home/gvaldez/pico/pico-sdk/lib/tinyusb/src/class/cdc/cdc_device.c.obj
                0x100067b0                cdcd_open
 .text.cdcd_control_xfer_cb
                0x10006874      0x134 main/CMakeFiles/main.dir/home/gvaldez/pico/pico-sdk/lib/tinyusb/src/class/cdc/cdc_device.c.obj
                0x10006874                cdcd_control_xfer_cb
 .text.cdcd_xfer_cb
                0x100069a8      0x130 main/CMakeFiles/main.dir/home/gvaldez/pico/pico-sdk/lib/tinyusb/src/class/cdc/cdc_device.c.obj
                0x100069a8                cdcd_xfer_cb
 .text.tusb_init
                0x10006ad8        0xa main/CMakeFiles/main.dir/home/gvaldez/pico/pico-sdk/lib/tinyusb/src/tusb.c.obj
                0x10006ad8                tusb_init
 .text.tusb_inited
                0x10006ae2        0xe main/CMakeFiles/main.dir/home/gvaldez/pico/pico-sdk/lib/tinyusb/src/tusb.c.obj
                0x10006ae2                tusb_inited
 .text.tu_edpt_claim
                0x10006af0       0x50 main/CMakeFiles/main.dir/home/gvaldez/pico/pico-sdk/lib/tinyusb/src/tusb.c.obj
                0x10006af0                tu_edpt_claim
 .text.tu_edpt_release
                0x10006b40       0x38 main/CMakeFiles/main.dir/home/gvaldez/pico/pico-sdk/lib/tinyusb/src/tusb.c.obj
                0x10006b40                tu_edpt_release
 .text.tu_edpt_validate
                0x10006b78       0x78 main/CMakeFiles/main.dir/home/gvaldez/pico/pico-sdk/lib/tinyusb/src/tusb.c.obj
                0x10006b78                tu_edpt_validate
 .text.tu_edpt_bind_driver
                0x10006bf0       0x26 main/CMakeFiles/main.dir/home/gvaldez/pico/pico-sdk/lib/tinyusb/src/tusb.c.obj
                0x10006bf0                tu_edpt_bind_driver
 .text.advance_index
                0x10006c16       0x1a main/CMakeFiles/main.dir/home/gvaldez/pico/pico-sdk/lib/tinyusb/src/common/tusb_fifo.c.obj
 .text._tu_fifo_peek
                0x10006c30       0x56 main/CMakeFiles/main.dir/home/gvaldez/pico/pico-sdk/lib/tinyusb/src/common/tusb_fifo.c.obj
 .text._ff_pull_const_addr
                0x10006c86       0x4c main/CMakeFiles/main.dir/home/gvaldez/pico/pico-sdk/lib/tinyusb/src/common/tusb_fifo.c.obj
 .text._ff_pull_n
                0x10006cd2      0x110 main/CMakeFiles/main.dir/home/gvaldez/pico/pico-sdk/lib/tinyusb/src/common/tusb_fifo.c.obj
 .text._tu_fifo_peek_n
                0x10006de2       0x6a main/CMakeFiles/main.dir/home/gvaldez/pico/pico-sdk/lib/tinyusb/src/common/tusb_fifo.c.obj
 .text._tu_fifo_read_n
                0x10006e4c       0x4e main/CMakeFiles/main.dir/home/gvaldez/pico/pico-sdk/lib/tinyusb/src/common/tusb_fifo.c.obj
 .text._ff_push_const_addr
                0x10006e9a       0x40 main/CMakeFiles/main.dir/home/gvaldez/pico/pico-sdk/lib/tinyusb/src/common/tusb_fifo.c.obj
 .text._ff_push_n
                0x10006eda      0x10c main/CMakeFiles/main.dir/home/gvaldez/pico/pico-sdk/lib/tinyusb/src/common/tusb_fifo.c.obj
 .text._tu_fifo_write_n
                0x10006fe6       0xf0 main/CMakeFiles/main.dir/home/gvaldez/pico/pico-sdk/lib/tinyusb/src/common/tusb_fifo.c.obj
 .text.tu_fifo_config
                0x100070d6       0x7c main/CMakeFiles/main.dir/home/gvaldez/pico/pico-sdk/lib/tinyusb/src/common/tusb_fifo.c.obj
                0x100070d6                tu_fifo_config
 .text.tu_fifo_count
                0x10007152       0x2a main/CMakeFiles/main.dir/home/gvaldez/pico/pico-sdk/lib/tinyusb/src/common/tusb_fifo.c.obj
                0x10007152                tu_fifo_count
 .text.tu_fifo_empty
                0x1000717c        0xe main/CMakeFiles/main.dir/home/gvaldez/pico/pico-sdk/lib/tinyusb/src/common/tusb_fifo.c.obj
                0x1000717c                tu_fifo_empty
 .text.tu_fifo_full
                0x1000718a       0x28 main/CMakeFiles/main.dir/home/gvaldez/pico/pico-sdk/lib/tinyusb/src/common/tusb_fifo.c.obj
                0x1000718a                tu_fifo_full
 .text.tu_fifo_remaining
                0x100071b2       0x2c main/CMakeFiles/main.dir/home/gvaldez/pico/pico-sdk/lib/tinyusb/src/common/tusb_fifo.c.obj
                0x100071b2                tu_fifo_remaining
 .text.tu_fifo_read
                0x100071de       0x42 main/CMakeFiles/main.dir/home/gvaldez/pico/pico-sdk/lib/tinyusb/src/common/tusb_fifo.c.obj
                0x100071de                tu_fifo_read
 .text.tu_fifo_read_n
                0x10007220        0xa main/CMakeFiles/main.dir/home/gvaldez/pico/pico-sdk/lib/tinyusb/src/common/tusb_fifo.c.obj
                0x10007220                tu_fifo_read_n
 .text.tu_fifo_write
                0x1000722a       0x64 main/CMakeFiles/main.dir/home/gvaldez/pico/pico-sdk/lib/tinyusb/src/common/tusb_fifo.c.obj
                0x1000722a                tu_fifo_write
 .text.tu_fifo_write_n
                0x1000728e        0xa main/CMakeFiles/main.dir/home/gvaldez/pico/pico-sdk/lib/tinyusb/src/common/tusb_fifo.c.obj
                0x1000728e                tu_fifo_write_n
 .text.tu_fifo_clear
                0x10007298       0x3e main/CMakeFiles/main.dir/home/gvaldez/pico/pico-sdk/lib/tinyusb/src/common/tusb_fifo.c.obj
                0x10007298                tu_fifo_clear
 .text.tu_fifo_set_overwritable
                0x100072d6       0x46 main/CMakeFiles/main.dir/home/gvaldez/pico/pico-sdk/lib/tinyusb/src/common/tusb_fifo.c.obj
                0x100072d6                tu_fifo_set_overwritable
 .text          0x1000731c      0x1d4 [binary_dir]/libencoder_analog.a(encoder_analog.c.obj)
                0x100073fc                getData
                0x1000740c                set90
                0x10007448                init_encoder_analog
                0x100074c0                setZero
                0x100074e0                get_reference
 .text          0x100074f0       0x5c /usr/lib/gcc/arm-none-eabi/12.2.1/../../../arm-none-eabi/lib/thumb/v6-m/nofp/libg.a(lib_a-strlen-stub.o)
                0x100074f0                strlen
 *(.fini)
 .fini          0x1000754c        0x4 /usr/lib/gcc/arm-none-eabi/12.2.1/thumb/v6-m/nofp/crti.o
                0x1000754c                _fini
 .fini.__stub   0x10007550       0xe0 linker stubs
 *crtbegin.o(.ctors)
 *crtbegin?.o(.ctors)
 *(EXCLUDE_FILE(*crtend.o *crtend?.o) .ctors)
 *(SORT_BY_NAME(.ctors.*))
 *(.ctors)
 *crtbegin.o(.dtors)
 *crtbegin?.o(.dtors)
 *(EXCLUDE_FILE(*crtend.o *crtend?.o) .dtors)
 *(SORT_BY_NAME(.dtors.*))
 *(.dtors)
 *(.eh_frame*)
 .eh_frame      0x10007630        0x0 /usr/lib/gcc/arm-none-eabi/12.2.1/thumb/v6-m/nofp/crtbegin.o
                0x10007630                        . = ALIGN (0x4)

.glue_7         0x10007630        0x0
 .glue_7        0x10007630        0x0 linker stubs

.glue_7t        0x10007630        0x0
 .glue_7t       0x10007630        0x0 linker stubs

.vfp11_veneer   0x10007630        0x0
 .vfp11_veneer  0x10007630        0x0 linker stubs

.v4_bx          0x10007630        0x0
 .v4_bx         0x10007630        0x0 linker stubs

.iplt           0x10007630        0x0
 .iplt          0x10007630        0x0 /usr/lib/gcc/arm-none-eabi/12.2.1/thumb/v6-m/nofp/crtbegin.o

.rodata         0x10007630     0x16b8
 *(EXCLUDE_FILE(*libm.a: *libc.a:*lib_a-mem*.o *libgcc.a:) .rodata*)
 .rodata.processing_and_send_samples.str1.4
                0x10007630       0x11 main/CMakeFiles/main.dir/main.c.obj
                                 0x21 (size before relaxing)
 *fill*         0x10007641        0x3 
 .rodata.difference_adc.str1.4
                0x10007644       0x1d main/CMakeFiles/main.dir/main.c.obj
 *fill*         0x10007661        0x3 
 .rodata.read_angle.str1.4
                0x10007664        0xb main/CMakeFiles/main.dir/main.c.obj
 *fill*         0x1000766f        0x1 
 .rodata.main.str1.4
                0x10007670       0x33 main/CMakeFiles/main.dir/main.c.obj
 *fill*         0x100076a3        0x1 
 .rodata.main   0x100076a4       0x84 main/CMakeFiles/main.dir/main.c.obj
 .rodata.spin_lock_claim_unused.str1.4
                0x10007728       0x1b main/CMakeFiles/main.dir/home/gvaldez/pico/pico-sdk/src/rp2_common/hardware_sync/sync.c.obj
 *fill*         0x10007743        0x1 
 .rodata.resolve_branch.str1.4
                0x10007744       0x56 main/CMakeFiles/main.dir/home/gvaldez/pico/pico-sdk/src/rp2_common/hardware_irq/irq.c.obj
 *fill*         0x1000779a        0x2 
 .rodata.make_branch.str1.4
                0x1000779c       0x30 main/CMakeFiles/main.dir/home/gvaldez/pico/pico-sdk/src/rp2_common/hardware_irq/irq.c.obj
 .rodata.insert_branch_and_link.str1.4
                0x100077cc       0x10 main/CMakeFiles/main.dir/home/gvaldez/pico/pico-sdk/src/rp2_common/hardware_irq/irq.c.obj
 .rodata.irq_set_exclusive_handler.str1.4
                0x100077dc       0x36 main/CMakeFiles/main.dir/home/gvaldez/pico/pico-sdk/src/rp2_common/hardware_irq/irq.c.obj
 *fill*         0x10007812        0x2 
 .rodata.irq_add_shared_handler.str1.4
                0x10007814       0xc2 main/CMakeFiles/main.dir/home/gvaldez/pico/pico-sdk/src/rp2_common/hardware_irq/irq.c.obj
 *fill*         0x100078d6        0x2 
 .rodata.irq_remove_handler.str1.4
                0x100078d8       0x3a main/CMakeFiles/main.dir/home/gvaldez/pico/pico-sdk/src/rp2_common/hardware_irq/irq.c.obj
 *fill*         0x10007912        0x2 
 .rodata.irq_add_tail_to_free_list.str1.4
                0x10007914       0x3a main/CMakeFiles/main.dir/home/gvaldez/pico/pico-sdk/src/rp2_common/hardware_irq/irq.c.obj
 *fill*         0x1000794e        0x2 
 .rodata.user_irq_claim_unused.str1.4
                0x10007950       0x1b main/CMakeFiles/main.dir/home/gvaldez/pico/pico-sdk/src/rp2_common/hardware_irq/irq.c.obj
 *fill*         0x1000796b        0x1 
 .rodata.__func__.0
                0x1000796c       0x1a main/CMakeFiles/main.dir/home/gvaldez/pico/pico-sdk/src/rp2_common/hardware_irq/irq.c.obj
 *fill*         0x10007986        0x2 
 .rodata.__func__.1
                0x10007988       0x17 main/CMakeFiles/main.dir/home/gvaldez/pico/pico-sdk/src/rp2_common/hardware_irq/irq.c.obj
 *fill*         0x1000799f        0x1 
 .rodata.__func__.2
                0x100079a0       0x13 main/CMakeFiles/main.dir/home/gvaldez/pico/pico-sdk/src/rp2_common/hardware_irq/irq.c.obj
 *fill*         0x100079b3        0x1 
 .rodata.__func__.3
                0x100079b4        0xc main/CMakeFiles/main.dir/home/gvaldez/pico/pico-sdk/src/rp2_common/hardware_irq/irq.c.obj
 .rodata.__func__.4
                0x100079c0        0xf main/CMakeFiles/main.dir/home/gvaldez/pico/pico-sdk/src/rp2_common/hardware_irq/irq.c.obj
 *fill*         0x100079cf        0x1 
 .rodata.__func__.5
                0x100079d0       0x17 main/CMakeFiles/main.dir/home/gvaldez/pico/pico-sdk/src/rp2_common/hardware_irq/irq.c.obj
 *fill*         0x100079e7        0x1 
 .rodata.__func__.6
                0x100079e8       0x1a main/CMakeFiles/main.dir/home/gvaldez/pico/pico-sdk/src/rp2_common/hardware_irq/irq.c.obj
 *fill*         0x10007a02        0x2 
 .rodata.update_us_since_boot.str1.4
                0x10007a04       0x62 main/CMakeFiles/main.dir/home/gvaldez/pico/pico-sdk/src/common/pico_sync/mutex.c.obj
 *fill*         0x10007a66        0x2 
 .rodata.str1.4
                0x10007a68       0x8d main/CMakeFiles/main.dir/home/gvaldez/pico/pico-sdk/src/common/pico_sync/mutex.c.obj
 *fill*         0x10007af5        0x3 
 .rodata.__func__.1
                0x10007af8        0xb main/CMakeFiles/main.dir/home/gvaldez/pico/pico-sdk/src/common/pico_sync/mutex.c.obj
 *fill*         0x10007b03        0x1 
 .rodata.__func__.3
                0x10007b04       0x18 main/CMakeFiles/main.dir/home/gvaldez/pico/pico-sdk/src/common/pico_sync/mutex.c.obj
 .rodata.__func__.4
                0x10007b1c       0x15 main/CMakeFiles/main.dir/home/gvaldez/pico/pico-sdk/src/common/pico_sync/mutex.c.obj
 *fill*         0x10007b31        0x3 
 .rodata.get_entry.str1.4
                0x10007b34       0x5c main/CMakeFiles/main.dir/home/gvaldez/pico/pico-sdk/src/common/pico_time/time.c.obj
 .rodata.update_us_since_boot.str1.4
                0x10007b90       0x62 main/CMakeFiles/main.dir/home/gvaldez/pico/pico-sdk/src/common/pico_time/time.c.obj
 .rodata.ph_get_node.str1.4
                0x10007b90       0x67 main/CMakeFiles/main.dir/home/gvaldez/pico/pico-sdk/src/common/pico_time/time.c.obj
 *fill*         0x10007bf7        0x1 
 .rodata.ph_add_child_node.str1.4
                0x10007bf8       0x2e main/CMakeFiles/main.dir/home/gvaldez/pico/pico-sdk/src/common/pico_time/time.c.obj
 *fill*         0x10007c26        0x2 
 .rodata.ph_insert_node.str1.4
                0x10007c28        0x3 main/CMakeFiles/main.dir/home/gvaldez/pico/pico-sdk/src/common/pico_time/time.c.obj
 *fill*         0x10007c2b        0x1 
 .rodata.ph_free_node.str1.4
                0x10007c2c       0x38 main/CMakeFiles/main.dir/home/gvaldez/pico/pico-sdk/src/common/pico_time/time.c.obj
 .rodata.add_alarm_under_lock.str1.4
                0x10007c64       0x28 main/CMakeFiles/main.dir/home/gvaldez/pico/pico-sdk/src/common/pico_time/time.c.obj
 .rodata.alarm_pool_alarm_callback.str1.4
                0x10007c8c       0x60 main/CMakeFiles/main.dir/home/gvaldez/pico/pico-sdk/src/common/pico_time/time.c.obj
 .rodata.alarm_pool_get_default.str1.4
                0x10007cec       0x21 main/CMakeFiles/main.dir/home/gvaldez/pico/pico-sdk/src/common/pico_time/time.c.obj
 *fill*         0x10007d0d        0x3 
 .rodata.alarm_pool_cancel_alarm.str1.4
                0x10007d10       0x27 main/CMakeFiles/main.dir/home/gvaldez/pico/pico-sdk/src/common/pico_time/time.c.obj
 *fill*         0x10007d37        0x1 
 .rodata.sleep_until.str1.4
                0x10007d38       0x4d main/CMakeFiles/main.dir/home/gvaldez/pico/pico-sdk/src/common/pico_time/time.c.obj
 *fill*         0x10007d85        0x3 
 .rodata.__func__.1
                0x10007d88       0x18 main/CMakeFiles/main.dir/home/gvaldez/pico/pico-sdk/src/common/pico_time/time.c.obj
 .rodata.__func__.3
                0x10007da0       0x17 main/CMakeFiles/main.dir/home/gvaldez/pico/pico-sdk/src/common/pico_time/time.c.obj
 *fill*         0x10007db7        0x1 
 .rodata.__func__.4
                0x10007db8       0x12 main/CMakeFiles/main.dir/home/gvaldez/pico/pico-sdk/src/common/pico_time/time.c.obj
 *fill*         0x10007dca        0x2 
 .rodata.__func__.5
                0x10007dcc        0xd main/CMakeFiles/main.dir/home/gvaldez/pico/pico-sdk/src/common/pico_time/time.c.obj
 *fill*         0x10007dd9        0x3 
 .rodata.__func__.6
                0x10007ddc       0x12 main/CMakeFiles/main.dir/home/gvaldez/pico/pico-sdk/src/common/pico_time/time.c.obj
 *fill*         0x10007dee        0x2 
 .rodata.__func__.7
                0x10007df0        0xf main/CMakeFiles/main.dir/home/gvaldez/pico/pico-sdk/src/common/pico_time/time.c.obj
 *fill*         0x10007dff        0x1 
 .rodata.__func__.8
                0x10007e00        0xc main/CMakeFiles/main.dir/home/gvaldez/pico/pico-sdk/src/common/pico_time/time.c.obj
 .rodata.__func__.9
                0x10007e0c       0x15 main/CMakeFiles/main.dir/home/gvaldez/pico/pico-sdk/src/common/pico_time/time.c.obj
 *fill*         0x10007e21        0x3 
 .rodata.__func__.10
                0x10007e24       0x15 main/CMakeFiles/main.dir/home/gvaldez/pico/pico-sdk/src/common/pico_time/time.c.obj
 *fill*         0x10007e39        0x3 
 .rodata.__func__.11
                0x10007e3c       0x1a main/CMakeFiles/main.dir/home/gvaldez/pico/pico-sdk/src/common/pico_time/time.c.obj
 *fill*         0x10007e56        0x2 
 .rodata.__func__.12
                0x10007e58        0xa main/CMakeFiles/main.dir/home/gvaldez/pico/pico-sdk/src/common/pico_time/time.c.obj
 *fill*         0x10007e62        0x6 
 .rodata.at_the_end_of_time
                0x10007e68        0x8 main/CMakeFiles/main.dir/home/gvaldez/pico/pico-sdk/src/common/pico_time/time.c.obj
                0x10007e68                at_the_end_of_time
 .rodata.update_us_since_boot.str1.4
                0x10007e70       0x62 main/CMakeFiles/main.dir/home/gvaldez/pico/pico-sdk/src/rp2_common/hardware_timer/timer.c.obj
 .rodata.hardware_alarm_claim.str1.4
                0x10007e70       0x22 main/CMakeFiles/main.dir/home/gvaldez/pico/pico-sdk/src/rp2_common/hardware_timer/timer.c.obj
 *fill*         0x10007e92        0x2 
 .rodata.hardware_alarm_set_target.str1.4
                0x10007e94       0x66 main/CMakeFiles/main.dir/home/gvaldez/pico/pico-sdk/src/rp2_common/hardware_timer/timer.c.obj
 *fill*         0x10007efa        0x2 
 .rodata.__func__.0
                0x10007efc       0x1a main/CMakeFiles/main.dir/home/gvaldez/pico/pico-sdk/src/rp2_common/hardware_timer/timer.c.obj
 *fill*         0x10007f16        0x2 
 .rodata.__func__.1
                0x10007f18       0x15 main/CMakeFiles/main.dir/home/gvaldez/pico/pico-sdk/src/rp2_common/hardware_timer/timer.c.obj
 .rodata.ph_get_node.str1.4
                0x10007f2d       0x67 main/CMakeFiles/main.dir/home/gvaldez/pico/pico-sdk/src/common/pico_util/pheap.c.obj
 .rodata.ph_add_child_node.str1.4
                0x10007f2d       0x2e main/CMakeFiles/main.dir/home/gvaldez/pico/pico-sdk/src/common/pico_util/pheap.c.obj
 *fill*         0x10007f2d        0x3 
 .rodata.ph_remove_any_head.str1.4
                0x10007f30       0x90 main/CMakeFiles/main.dir/home/gvaldez/pico/pico-sdk/src/common/pico_util/pheap.c.obj
                                 0xa4 (size before relaxing)
 .rodata.ph_remove_and_free_node.str1.4
                0x10007fc0       0x1e main/CMakeFiles/main.dir/home/gvaldez/pico/pico-sdk/src/common/pico_util/pheap.c.obj
                                 0x26 (size before relaxing)
 *fill*         0x10007fde        0x2 
 .rodata.__func__.0
                0x10007fe0       0x18 main/CMakeFiles/main.dir/home/gvaldez/pico/pico-sdk/src/common/pico_util/pheap.c.obj
 .rodata.__func__.1
                0x10007ff8       0x13 main/CMakeFiles/main.dir/home/gvaldez/pico/pico-sdk/src/common/pico_util/pheap.c.obj
 *fill*         0x1000800b        0x1 
 .rodata.__func__.2
                0x1000800c       0x12 main/CMakeFiles/main.dir/home/gvaldez/pico/pico-sdk/src/common/pico_util/pheap.c.obj
 *fill*         0x1000801e        0x2 
 .rodata.__func__.3
                0x10008020        0xc main/CMakeFiles/main.dir/home/gvaldez/pico/pico-sdk/src/common/pico_util/pheap.c.obj
 .rodata.clock_configure.str1.4
                0x1000802c       0x58 main/CMakeFiles/main.dir/home/gvaldez/pico/pico-sdk/src/rp2_common/hardware_clocks/clocks.c.obj
 .rodata.__func__.1
                0x10008084       0x10 main/CMakeFiles/main.dir/home/gvaldez/pico/pico-sdk/src/rp2_common/hardware_clocks/clocks.c.obj
 .rodata.pll_init.str1.4
                0x10008094      0x124 main/CMakeFiles/main.dir/home/gvaldez/pico/pico-sdk/src/rp2_common/hardware_pll/pll.c.obj
 .rodata.__func__.0
                0x100081b8        0x9 main/CMakeFiles/main.dir/home/gvaldez/pico/pico-sdk/src/rp2_common/hardware_pll/pll.c.obj
 *fill*         0x100081c1        0x3 
 .rodata.__assert_func.str1.4
                0x100081c4       0x3f main/CMakeFiles/main.dir/home/gvaldez/pico/pico-sdk/src/rp2_common/pico_runtime/runtime.c.obj
                                 0x43 (size before relaxing)
 *fill*         0x10008203        0x1 
 .rodata.runtime_init.str1.4
                0x10008204       0x62 main/CMakeFiles/main.dir/home/gvaldez/pico/pico-sdk/src/rp2_common/pico_runtime/runtime.c.obj
 *fill*         0x10008266        0x2 
 .rodata.panic.str1.4
                0x10008268       0x12 main/CMakeFiles/main.dir/home/gvaldez/pico/pico-sdk/src/rp2_common/pico_runtime/runtime.c.obj
 *fill*         0x1000827a        0x2 
 .rodata.__func__.2
                0x1000827c        0xd main/CMakeFiles/main.dir/home/gvaldez/pico/pico-sdk/src/rp2_common/pico_runtime/runtime.c.obj
 *fill*         0x10008289        0x3 
 .rodata._ftoa.str1.4
                0x1000828c       0x15 main/CMakeFiles/main.dir/home/gvaldez/pico/pico-sdk/src/rp2_common/pico_printf/printf.c.obj
 *fill*         0x100082a1        0x3 
 .rodata._vsnprintf
                0x100082a4      0x19c main/CMakeFiles/main.dir/home/gvaldez/pico/pico-sdk/src/rp2_common/pico_printf/printf.c.obj
 .rodata.pow10.0
                0x10008440       0x50 main/CMakeFiles/main.dir/home/gvaldez/pico/pico-sdk/src/rp2_common/pico_printf/printf.c.obj
 .rodata.__aeabi_double_init.str1.4
                0x10008490       0x9d main/CMakeFiles/main.dir/home/gvaldez/pico/pico-sdk/src/rp2_common/pico_double/double_init_rom.c.obj
 *fill*         0x1000852d        0x3 
 .rodata.__func__.0
                0x10008530       0x14 main/CMakeFiles/main.dir/home/gvaldez/pico/pico-sdk/src/rp2_common/pico_double/double_init_rom.c.obj
 .rodata.__aeabi_float_init.str1.4
                0x10008544       0x7b main/CMakeFiles/main.dir/home/gvaldez/pico/pico-sdk/src/rp2_common/pico_float/float_init_rom.c.obj
                                 0x7f (size before relaxing)
 *fill*         0x100085bf        0x1 
 .rodata.__func__.0
                0x100085c0       0x13 main/CMakeFiles/main.dir/home/gvaldez/pico/pico-sdk/src/rp2_common/pico_float/float_init_rom.c.obj
 *fill*         0x100085d3        0x1 
 .rodata.str1.4
                0x100085d4       0x34 main/CMakeFiles/main.dir/home/gvaldez/pico/pico-sdk/src/rp2_common/pico_standard_link/binary_info.c.obj
 .rodata.__bi_81
                0x10008608        0xc main/CMakeFiles/main.dir/home/gvaldez/pico/pico-sdk/src/rp2_common/pico_standard_link/binary_info.c.obj
 .rodata.__bi_75
                0x10008614        0xc main/CMakeFiles/main.dir/home/gvaldez/pico/pico-sdk/src/rp2_common/pico_standard_link/binary_info.c.obj
 .rodata.__bi_44
                0x10008620        0xc main/CMakeFiles/main.dir/home/gvaldez/pico/pico-sdk/src/rp2_common/pico_standard_link/binary_info.c.obj
 .rodata.update_us_since_boot.str1.4
                0x1000862c       0x62 main/CMakeFiles/main.dir/home/gvaldez/pico/pico-sdk/src/rp2_common/pico_stdio/stdio.c.obj
 .rodata.__wrap_getchar.str1.4
                0x1000862c       0x4a main/CMakeFiles/main.dir/home/gvaldez/pico/pico-sdk/src/rp2_common/pico_stdio/stdio.c.obj
 *fill*         0x10008676        0x2 
 .rodata.__func__.1
                0x10008678        0xf main/CMakeFiles/main.dir/home/gvaldez/pico/pico-sdk/src/rp2_common/pico_stdio/stdio.c.obj
 *fill*         0x10008687        0x1 
 .rodata.crlf_str.2
                0x10008688        0x2 main/CMakeFiles/main.dir/home/gvaldez/pico/pico-sdk/src/rp2_common/pico_stdio/stdio.c.obj
 *fill*         0x1000868a        0x2 
 .rodata.__func__.3
                0x1000868c       0x15 main/CMakeFiles/main.dir/home/gvaldez/pico/pico-sdk/src/rp2_common/pico_stdio/stdio.c.obj
 *fill*         0x100086a1        0x3 
 .rodata.str1.4
                0x100086a4       0x2c main/CMakeFiles/main.dir/home/gvaldez/pico/pico-sdk/src/rp2_common/pico_stdio_uart/stdio_uart.c.obj
 .rodata.__bi_33.4
                0x100086d0        0xc main/CMakeFiles/main.dir/home/gvaldez/pico/pico-sdk/src/rp2_common/pico_stdio_uart/stdio_uart.c.obj
 .rodata.__bi_34.5
                0x100086dc        0x8 main/CMakeFiles/main.dir/home/gvaldez/pico/pico-sdk/src/rp2_common/pico_stdio_uart/stdio_uart.c.obj
 .rodata._resetd_driver
                0x100086e4       0x18 main/CMakeFiles/main.dir/home/gvaldez/pico/pico-sdk/src/rp2_common/pico_stdio_usb/reset_interface.c.obj
 .rodata.update_us_since_boot.str1.4
                0x100086fc       0x62 main/CMakeFiles/main.dir/home/gvaldez/pico/pico-sdk/src/rp2_common/pico_stdio_usb/stdio_usb.c.obj
 .rodata.stdio_usb_init.str1.4
                0x100086fc       0x46 main/CMakeFiles/main.dir/home/gvaldez/pico/pico-sdk/src/rp2_common/pico_stdio_usb/stdio_usb.c.obj
                                 0x4e (size before relaxing)
 *fill*         0x10008742        0x2 
 .rodata.str1.4
                0x10008744       0x13 main/CMakeFiles/main.dir/home/gvaldez/pico/pico-sdk/src/rp2_common/pico_stdio_usb/stdio_usb.c.obj
 *fill*         0x10008757        0x1 
 .rodata.__bi_182.0
                0x10008758        0xc main/CMakeFiles/main.dir/home/gvaldez/pico/pico-sdk/src/rp2_common/pico_stdio_usb/stdio_usb.c.obj
 .rodata.__func__.1
                0x10008764        0xf main/CMakeFiles/main.dir/home/gvaldez/pico/pico-sdk/src/rp2_common/pico_stdio_usb/stdio_usb.c.obj
 *fill*         0x10008773        0x1 
 .rodata.__func__.3
                0x10008774       0x15 main/CMakeFiles/main.dir/home/gvaldez/pico/pico-sdk/src/rp2_common/pico_stdio_usb/stdio_usb.c.obj
 *fill*         0x10008789        0x3 
 .rodata.str1.4
                0x1000878c       0x2a main/CMakeFiles/main.dir/home/gvaldez/pico/pico-sdk/src/rp2_common/pico_stdio_usb/stdio_usb_descriptors.c.obj
 *fill*         0x100087b6        0x2 
 .rodata.usbd_desc_str
                0x100087b8       0x18 main/CMakeFiles/main.dir/home/gvaldez/pico/pico-sdk/src/rp2_common/pico_stdio_usb/stdio_usb_descriptors.c.obj
 .rodata.usbd_desc_cfg
                0x100087d0       0x54 main/CMakeFiles/main.dir/home/gvaldez/pico/pico-sdk/src/rp2_common/pico_stdio_usb/stdio_usb_descriptors.c.obj
 .rodata.usbd_desc_device
                0x10008824       0x12 main/CMakeFiles/main.dir/home/gvaldez/pico/pico-sdk/src/rp2_common/pico_stdio_usb/stdio_usb_descriptors.c.obj
 *fill*         0x10008836        0x2 
 .rodata.pico_get_unique_board_id_string.str1.4
                0x10008838       0x4e main/CMakeFiles/main.dir/home/gvaldez/pico/pico-sdk/src/rp2_common/pico_unique_id/unique_id.c.obj
 *fill*         0x10008886        0x2 
 .rodata.__func__.0
                0x10008888       0x20 main/CMakeFiles/main.dir/home/gvaldez/pico/pico-sdk/src/rp2_common/pico_unique_id/unique_id.c.obj
 .rodata.str1.4
                0x100088a8      0x15a main/CMakeFiles/main.dir/home/gvaldez/pico/pico-sdk/src/rp2_common/hardware_flash/flash.c.obj
 *fill*         0x10008a02        0x2 
 .rodata.__func__.0
                0x10008a04        0xd main/CMakeFiles/main.dir/home/gvaldez/pico/pico-sdk/src/rp2_common/hardware_flash/flash.c.obj
 *fill*         0x10008a11        0x3 
 .rodata._hw_endpoint_alloc.str1.4
                0x10008a14       0xb9 main/CMakeFiles/main.dir/home/gvaldez/pico/pico-sdk/lib/tinyusb/src/portable/raspberrypi/rp2040/dcd_rp2040.c.obj
 *fill*         0x10008acd        0x3 
 .rodata.str1.4
                0x10008ad0       0x14 main/CMakeFiles/main.dir/home/gvaldez/pico/pico-sdk/lib/tinyusb/src/portable/raspberrypi/rp2040/dcd_rp2040.c.obj
 .rodata.dcd_int_enable.str1.4
                0x10008ae4        0xc main/CMakeFiles/main.dir/home/gvaldez/pico/pico-sdk/lib/tinyusb/src/portable/raspberrypi/rp2040/dcd_rp2040.c.obj
 .rodata.__func__.0
                0x10008af0        0xe main/CMakeFiles/main.dir/home/gvaldez/pico/pico-sdk/lib/tinyusb/src/portable/raspberrypi/rp2040/dcd_rp2040.c.obj
 *fill*         0x10008afe        0x2 
 .rodata.__func__.1
                0x10008b00        0xe main/CMakeFiles/main.dir/home/gvaldez/pico/pico-sdk/lib/tinyusb/src/portable/raspberrypi/rp2040/dcd_rp2040.c.obj
 *fill*         0x10008b0e        0x2 
 .rodata.__func__.3
                0x10008b10       0x10 main/CMakeFiles/main.dir/home/gvaldez/pico/pico-sdk/lib/tinyusb/src/portable/raspberrypi/rp2040/dcd_rp2040.c.obj
 .rodata.__func__.5
                0x10008b20        0xf main/CMakeFiles/main.dir/home/gvaldez/pico/pico-sdk/lib/tinyusb/src/portable/raspberrypi/rp2040/dcd_rp2040.c.obj
 *fill*         0x10008b2f        0x1 
 .rodata.__func__.6
                0x10008b30       0x13 main/CMakeFiles/main.dir/home/gvaldez/pico/pico-sdk/lib/tinyusb/src/portable/raspberrypi/rp2040/dcd_rp2040.c.obj
 *fill*         0x10008b43        0x1 
 .rodata.__func__.7
                0x10008b44        0x9 main/CMakeFiles/main.dir/home/gvaldez/pico/pico-sdk/lib/tinyusb/src/portable/raspberrypi/rp2040/dcd_rp2040.c.obj
 *fill*         0x10008b4d        0x3 
 .rodata.str1.4
                0x10008b50       0xe1 main/CMakeFiles/main.dir/home/gvaldez/pico/pico-sdk/lib/tinyusb/src/portable/raspberrypi/rp2040/rp2040_usb.c.obj
                                 0xeb (size before relaxing)
 *fill*         0x10008c31        0x3 
 .rodata.__func__.0
                0x10008c34        0xf main/CMakeFiles/main.dir/home/gvaldez/pico/pico-sdk/lib/tinyusb/src/portable/raspberrypi/rp2040/rp2040_usb.c.obj
 *fill*         0x10008c43        0x1 
 .rodata.process_get_descriptor
                0x10008c44       0x40 main/CMakeFiles/main.dir/home/gvaldez/pico/pico-sdk/lib/tinyusb/src/device/usbd.c.obj
 .rodata.process_control_request
                0x10008c84       0x28 main/CMakeFiles/main.dir/home/gvaldez/pico/pico-sdk/lib/tinyusb/src/device/usbd.c.obj
 .rodata.tud_task_ext
                0x10008cac       0x24 main/CMakeFiles/main.dir/home/gvaldez/pico/pico-sdk/lib/tinyusb/src/device/usbd.c.obj
 .rodata._usbd_driver
                0x10008cd0       0x18 main/CMakeFiles/main.dir/home/gvaldez/pico/pico-sdk/lib/tinyusb/src/device/usbd.c.obj
                0x10008ce8                        . = ALIGN (0x4)
 *(SORT_BY_ALIGNMENT(SORT_BY_NAME(.flashdata*)))
                0x10008ce8                        . = ALIGN (0x4)

.ARM.extab
 *(.ARM.extab* .gnu.linkonce.armextab.*)
                0x10008ce8                        __exidx_start = .

.ARM.exidx
 *(.ARM.exidx* .gnu.linkonce.armexidx.*)
                0x10008ce8                        __exidx_end = .
                0x10008ce8                        . = ALIGN (0x4)
                0x10008ce8                        __binary_info_start = .

.binary_info    0x10008ce8       0x24
 *(.binary_info.keep.*)
 .binary_info.keep.__bi_ptr81
                0x10008ce8        0x4 main/CMakeFiles/main.dir/home/gvaldez/pico/pico-sdk/src/rp2_common/pico_standard_link/binary_info.c.obj
 .binary_info.keep.__bi_ptr75
                0x10008cec        0x4 main/CMakeFiles/main.dir/home/gvaldez/pico/pico-sdk/src/rp2_common/pico_standard_link/binary_info.c.obj
 .binary_info.keep.__bi_ptr50
                0x10008cf0        0x4 main/CMakeFiles/main.dir/home/gvaldez/pico/pico-sdk/src/rp2_common/pico_standard_link/binary_info.c.obj
 .binary_info.keep.__bi_ptr44
                0x10008cf4        0x4 main/CMakeFiles/main.dir/home/gvaldez/pico/pico-sdk/src/rp2_common/pico_standard_link/binary_info.c.obj
 .binary_info.keep.__bi_ptr30
                0x10008cf8        0x4 main/CMakeFiles/main.dir/home/gvaldez/pico/pico-sdk/src/rp2_common/pico_standard_link/binary_info.c.obj
 .binary_info.keep.__bi_ptr22
                0x10008cfc        0x4 main/CMakeFiles/main.dir/home/gvaldez/pico/pico-sdk/src/rp2_common/pico_standard_link/binary_info.c.obj
 *(.binary_info.*)
 .binary_info.__bi_ptr34
                0x10008d00        0x4 main/CMakeFiles/main.dir/home/gvaldez/pico/pico-sdk/src/rp2_common/pico_stdio_uart/stdio_uart.c.obj
 .binary_info.__bi_ptr33
                0x10008d04        0x4 main/CMakeFiles/main.dir/home/gvaldez/pico/pico-sdk/src/rp2_common/pico_stdio_uart/stdio_uart.c.obj
 .binary_info.__bi_ptr182
                0x10008d08        0x4 main/CMakeFiles/main.dir/home/gvaldez/pico/pico-sdk/src/rp2_common/pico_stdio_usb/stdio_usb.c.obj
                0x10008d0c                        __binary_info_end = .

.rel.dyn        0x10008d0c        0x0
 .rel.iplt      0x10008d0c        0x0 /usr/lib/gcc/arm-none-eabi/12.2.1/thumb/v6-m/nofp/crtbegin.o
                0x10008d0c                        . = ALIGN (0x4)

.ram_vector_table
                0x20000000       0xc0
 *(.ram_vector_table)
 .ram_vector_table
                0x20000000       0xc0 main/CMakeFiles/main.dir/home/gvaldez/pico/pico-sdk/src/rp2_common/pico_runtime/runtime.c.obj
                0x20000000                ram_vector_table

.data           0x200000c0      0xb50 load address 0x10008d0c
                0x200000c0                        __data_start__ = .
 *(vtable)
 *(.time_critical*)
 .time_critical.mutex_try_enter
                0x200000c0       0x46 main/CMakeFiles/main.dir/home/gvaldez/pico/pico-sdk/src/common/pico_sync/mutex.c.obj
                0x200000c0                mutex_try_enter
 *fill*         0x20000106        0x2 
 .time_critical.mutex_enter_block_until
                0x20000108       0x8c main/CMakeFiles/main.dir/home/gvaldez/pico/pico-sdk/src/common/pico_sync/mutex.c.obj
                0x20000108                mutex_enter_block_until
 .time_critical.mutex_try_enter_block_until
                0x20000194       0x34 main/CMakeFiles/main.dir/home/gvaldez/pico/pico-sdk/src/common/pico_sync/mutex.c.obj
                0x20000194                mutex_try_enter_block_until
 .time_critical.mutex_enter_timeout_ms
                0x200001c8       0x1a main/CMakeFiles/main.dir/home/gvaldez/pico/pico-sdk/src/common/pico_sync/mutex.c.obj
                0x200001c8                mutex_enter_timeout_ms
 *fill*         0x200001e2        0x2 
 .time_critical.mutex_exit
                0x200001e4       0x4c main/CMakeFiles/main.dir/home/gvaldez/pico/pico-sdk/src/common/pico_sync/mutex.c.obj
                0x200001e4                mutex_exit
 .time_critical.flash_init_boot2_copyout
                0x20000230       0x30 main/CMakeFiles/main.dir/home/gvaldez/pico/pico-sdk/src/rp2_common/hardware_flash/flash.c.obj
 .time_critical.flash_enable_xip_via_boot2
                0x20000260        0xc main/CMakeFiles/main.dir/home/gvaldez/pico/pico-sdk/src/rp2_common/hardware_flash/flash.c.obj
 .time_critical.flash_cs_force
                0x2000026c       0x28 main/CMakeFiles/main.dir/home/gvaldez/pico/pico-sdk/src/rp2_common/hardware_flash/flash.c.obj
 .time_critical.flash_do_cmd
                0x20000294       0xd8 main/CMakeFiles/main.dir/home/gvaldez/pico/pico-sdk/src/rp2_common/hardware_flash/flash.c.obj
                0x20000294                flash_do_cmd
 .time_critical.reset_non_control_endpoints
                0x2000036c       0x40 main/CMakeFiles/main.dir/home/gvaldez/pico/pico-sdk/lib/tinyusb/src/portable/raspberrypi/rp2040/dcd_rp2040.c.obj
 .time_critical.hw_handle_buff_status
                0x200003ac       0xa4 main/CMakeFiles/main.dir/home/gvaldez/pico/pico-sdk/lib/tinyusb/src/portable/raspberrypi/rp2040/dcd_rp2040.c.obj
 .time_critical.dcd_rp2040_irq
                0x20000450      0x1b8 main/CMakeFiles/main.dir/home/gvaldez/pico/pico-sdk/lib/tinyusb/src/portable/raspberrypi/rp2040/dcd_rp2040.c.obj
 .time_critical.e15_is_bulkin_ep
                0x20000608       0x2c main/CMakeFiles/main.dir/home/gvaldez/pico/pico-sdk/lib/tinyusb/src/portable/raspberrypi/rp2040/rp2040_usb.c.obj
 .time_critical.e15_is_critical_frame_period
                0x20000634       0x30 main/CMakeFiles/main.dir/home/gvaldez/pico/pico-sdk/lib/tinyusb/src/portable/raspberrypi/rp2040/rp2040_usb.c.obj
 .time_critical.prepare_ep_buffer
                0x20000664       0x6c main/CMakeFiles/main.dir/home/gvaldez/pico/pico-sdk/lib/tinyusb/src/portable/raspberrypi/rp2040/rp2040_usb.c.obj