Archive member included to satisfy reference by file (symbol)

[binary_dir]/libencoder_analog.a(encoder_analog.c.obj)
                              main/CMakeFiles/main.dir/main.c.obj (getData)
/usr/lib/gcc/arm-none-eabi/12.2.1/thumb/v6-m/nofp/libgcc.a(_dvmd_tls.o)
                              main/CMakeFiles/main.dir/home/gvaldez/pico/pico-sdk/src/rp2_common/pico_divider/divider.S.obj (__aeabi_idiv0)
/usr/lib/gcc/arm-none-eabi/12.2.1/../../../arm-none-eabi/lib/thumb/v6-m/nofp/libg.a(lib_a-atexit.o)
                              /usr/lib/gcc/arm-none-eabi/12.2.1/../../../arm-none-eabi/lib/thumb/v6-m/nofp/crt0.o (atexit)
/usr/lib/gcc/arm-none-eabi/12.2.1/../../../arm-none-eabi/lib/thumb/v6-m/nofp/libg.a(lib_a-calloc.o)
                              main/CMakeFiles/main.dir/home/gvaldez/pico/pico-sdk/src/rp2_common/pico_malloc/pico_malloc.c.obj (calloc)
/usr/lib/gcc/arm-none-eabi/12.2.1/../../../arm-none-eabi/lib/thumb/v6-m/nofp/libg.a(lib_a-callocr.o)
                              /usr/lib/gcc/arm-none-eabi/12.2.1/../../../arm-none-eabi/lib/thumb/v6-m/nofp/libg.a(lib_a-calloc.o) (_calloc_r)
/usr/lib/gcc/arm-none-eabi/12.2.1/../../../arm-none-eabi/lib/thumb/v6-m/nofp/libg.a(lib_a-fini.o)
                              /usr/lib/gcc/arm-none-eabi/12.2.1/../../../arm-none-eabi/lib/thumb/v6-m/nofp/crt0.o (__libc_fini_array)
/usr/lib/gcc/arm-none-eabi/12.2.1/../../../arm-none-eabi/lib/thumb/v6-m/nofp/libg.a(lib_a-impure.o)
                              /usr/lib/gcc/arm-none-eabi/12.2.1/../../../arm-none-eabi/lib/thumb/v6-m/nofp/libg.a(lib_a-calloc.o) (_impure_ptr)
/usr/lib/gcc/arm-none-eabi/12.2.1/../../../arm-none-eabi/lib/thumb/v6-m/nofp/libg.a(lib_a-init.o)
                              /usr/lib/gcc/arm-none-eabi/12.2.1/../../../arm-none-eabi/lib/thumb/v6-m/nofp/crt0.o (__libc_init_array)
/usr/lib/gcc/arm-none-eabi/12.2.1/../../../arm-none-eabi/lib/thumb/v6-m/nofp/libg.a(lib_a-malloc.o)
                              main/CMakeFiles/main.dir/home/gvaldez/pico/pico-sdk/src/rp2_common/pico_malloc/pico_malloc.c.obj (malloc)
/usr/lib/gcc/arm-none-eabi/12.2.1/../../../arm-none-eabi/lib/thumb/v6-m/nofp/libg.a(lib_a-mallocr.o)
                              /usr/lib/gcc/arm-none-eabi/12.2.1/../../../arm-none-eabi/lib/thumb/v6-m/nofp/libg.a(lib_a-callocr.o) (_malloc_r)
/usr/lib/gcc/arm-none-eabi/12.2.1/../../../arm-none-eabi/lib/thumb/v6-m/nofp/libg.a(lib_a-mlock.o)
                              /usr/lib/gcc/arm-none-eabi/12.2.1/../../../arm-none-eabi/lib/thumb/v6-m/nofp/libg.a(lib_a-mallocr.o) (__malloc_lock)
/usr/lib/gcc/arm-none-eabi/12.2.1/../../../arm-none-eabi/lib/thumb/v6-m/nofp/libg.a(lib_a-realloc.o)
                              main/CMakeFiles/main.dir/home/gvaldez/pico/pico-sdk/src/rp2_common/pico_malloc/pico_malloc.c.obj (realloc)
/usr/lib/gcc/arm-none-eabi/12.2.1/../../../arm-none-eabi/lib/thumb/v6-m/nofp/libg.a(lib_a-reallocr.o)
                              /usr/lib/gcc/arm-none-eabi/12.2.1/../../../arm-none-eabi/lib/thumb/v6-m/nofp/libg.a(lib_a-realloc.o) (_realloc_r)
/usr/lib/gcc/arm-none-eabi/12.2.1/../../../arm-none-eabi/lib/thumb/v6-m/nofp/libg.a(lib_a-sbrkr.o)
                              /usr/lib/gcc/arm-none-eabi/12.2.1/../../../arm-none-eabi/lib/thumb/v6-m/nofp/libg.a(lib_a-mallocr.o) (_sbrk_r)
/usr/lib/gcc/arm-none-eabi/12.2.1/../../../arm-none-eabi/lib/thumb/v6-m/nofp/libg.a(lib_a-strlen-stub.o)
                              main/CMakeFiles/main.dir/home/gvaldez/pico/pico-sdk/src/rp2_common/pico_stdio/stdio.c.obj (strlen)
/usr/lib/gcc/arm-none-eabi/12.2.1/../../../arm-none-eabi/lib/thumb/v6-m/nofp/libg.a(lib_a-__atexit.o)
                              /usr/lib/gcc/arm-none-eabi/12.2.1/../../../arm-none-eabi/lib/thumb/v6-m/nofp/libg.a(lib_a-atexit.o) (__register_exitproc)
/usr/lib/gcc/arm-none-eabi/12.2.1/../../../arm-none-eabi/lib/thumb/v6-m/nofp/libg.a(lib_a-freer.o)
                              /usr/lib/gcc/arm-none-eabi/12.2.1/../../../arm-none-eabi/lib/thumb/v6-m/nofp/libg.a(lib_a-malloc.o) (_free_r)
/usr/lib/gcc/arm-none-eabi/12.2.1/../../../arm-none-eabi/lib/thumb/v6-m/nofp/libg.a(lib_a-memmove.o)
                              /usr/lib/gcc/arm-none-eabi/12.2.1/../../../arm-none-eabi/lib/thumb/v6-m/nofp/libg.a(lib_a-reallocr.o) (memmove)
/usr/lib/gcc/arm-none-eabi/12.2.1/../../../arm-none-eabi/lib/thumb/v6-m/nofp/libg.a(lib_a-reent.o)
                              /usr/lib/gcc/arm-none-eabi/12.2.1/../../../arm-none-eabi/lib/thumb/v6-m/nofp/libg.a(lib_a-sbrkr.o) (errno)

Discarded input sections

 .text          0x00000000        0x0 /usr/lib/gcc/arm-none-eabi/12.2.1/thumb/v6-m/nofp/crti.o
 .data          0x00000000        0x0 /usr/lib/gcc/arm-none-eabi/12.2.1/thumb/v6-m/nofp/crti.o
 .bss           0x00000000        0x0 /usr/lib/gcc/arm-none-eabi/12.2.1/thumb/v6-m/nofp/crti.o
 .data          0x00000000        0x4 /usr/lib/gcc/arm-none-eabi/12.2.1/thumb/v6-m/nofp/crtbegin.o
 .rodata        0x00000000       0x24 /usr/lib/gcc/arm-none-eabi/12.2.1/thumb/v6-m/nofp/crtbegin.o
[...]
Memory Configuration

Name             Origin             Length             Attributes
FLASH            0x10000000         0x00200000         xr
RAM              0x20000000         0x00040000         xrw
SCRATCH_X        0x20040000         0x00001000         xrw
SCRATCH_Y        0x20041000         0x00001000         xrw
*default*        0x00000000         0xffffffff

Linker script and memory map

LOAD /usr/lib/gcc/arm-none-eabi/12.2.1/thumb/v6-m/nofp/crti.o
LOAD /usr/lib/gcc/arm-none-eabi/12.2.1/thumb/v6-m/nofp/crtbegin.o
LOAD /usr/lib/gcc/arm-none-eabi/12.2.1/../../../arm-none-eabi/lib/thumb/v6-m/nofp/crt0.o

.flash_begin    0x10000000        0x0
                0x10000000                        __flash_binary_start = .

.boot2          0x10000000      0x100
                0x10000000                        __boot2_start__ = .
 *(.boot2)
 .boot2         0x10000000      0x100 /tmp/cc2KXiZg.o
                0x10000100                        __boot2_end__ = .
                0x00000001                        ASSERT (((__boot2_end__ - __boot2_start__) == 0x100), ERROR: Pico second stage bootloader must be 256 bytes in size)

.text           0x10000100     0x7370
                0x10000100                        __logical_binary_start = .
 *(.vectors)
 .vectors       0x10000100       0xd4 main/CMakeFiles/main.dir/home/gvaldez/pico/pico-sdk/src/rp2_common/pico_standard_link/crt0.S.obj
                0x10000100                __vectors
                0x10000100                __VECTOR_TABLE
                0x100001c0                isr_invalid
                0x100001c0                __default_isrs_start
                0x100001c2                isr_nmi
                0x100001c4                isr_hardfault
                0x100001c6                isr_svcall
                0x100001c8                isr_pendsv
                0x100001ca                isr_systick
                0x100001cc                isr_irq30
                0x100001cc                __unhandled_user_irq
                0x100001cc                isr_irq13
                0x100001cc                isr_irq27
                0x100001cc                isr_irq31
                0x100001cc                isr_irq5
                0x100001cc                isr_irq11
                0x100001cc                isr_irq23
                0x100001cc                isr_irq18
                0x100001cc                isr_irq28
                0x100001cc                isr_irq19
                0x100001cc                isr_irq0
                0x100001cc                isr_irq6
                0x100001cc                isr_irq22
                0x100001cc                isr_irq17
                0x100001cc                isr_irq14
                0x100001cc                isr_irq2
                0x100001cc                isr_irq10
                0x100001cc                isr_irq8
                0x100001cc                isr_irq24
                0x100001cc                isr_irq1
                0x100001cc                isr_irq7
                0x100001cc                isr_irq21
                0x100001cc                isr_irq20
                0x100001cc                isr_irq15
                0x100001cc                isr_irq25
                0x100001cc                isr_irq4
                0x100001cc                isr_irq16
                0x100001cc                isr_irq29
                0x100001cc                isr_irq26
                0x100001cc                __default_isrs_end
                0x100001cc                isr_irq3
                0x100001cc                isr_irq12
                0x100001cc                isr_irq9
                0x100001d2                unhandled_user_irq_num_in_r0
 *(.binary_info_header)
 .binary_info_header
                0x100001d4       0x14 main/CMakeFiles/main.dir/home/gvaldez/pico/pico-sdk/src/rp2_common/pico_standard_link/crt0.S.obj
                0x100001e8                        __binary_info_header_end = .
 *(.reset)
 .reset         0x100001e8       0xa0 main/CMakeFiles/main.dir/home/gvaldez/pico/pico-sdk/src/rp2_common/pico_standard_link/crt0.S.obj
                0x100001e8                _entry_point
 .reset         0x10000288       0x24 main/CMakeFiles/main.dir/home/gvaldez/pico/pico-sdk/src/rp2_common/pico_standard_link/binary_info.c.obj
 *(.init)
 .init          0x100002ac        0x4 /usr/lib/gcc/arm-none-eabi/12.2.1/thumb/v6-m/nofp/crti.o
                0x100002ac                _init
 *(EXCLUDE_FILE(*libm.a: *libc.a:*lib_a-mem*.o *libgcc.a:) .text*)
 .text          0x100002b0       0x98 /usr/lib/gcc/arm-none-eabi/12.2.1/thumb/v6-m/nofp/crtbegin.o
 .text.processing_and_send_samples
                0x10000348       0x5c main/CMakeFiles/main.dir/main.c.obj
                0x10000348                processing_and_send_samples
 .text.main     0x100003a4       0x28 main/CMakeFiles/main.dir/main.c.obj
                0x100003a4                main
 .text.gpio_set_function
                0x100003cc       0x30 main/CMakeFiles/main.dir/home/gvaldez/pico/pico-sdk/src/rp2_common/hardware_gpio/gpio.c.obj
                0x100003cc                gpio_set_function
 .text.running_on_fpga
                0x100003fc       0x14 main/CMakeFiles/main.dir/home/gvaldez/pico/pico-sdk/src/rp2_common/pico_platform/platform.c.obj
                0x100003fc                running_on_fpga
 .text.hw_claim_lock
                0x10000410       0x18 main/CMakeFiles/main.dir/home/gvaldez/pico/pico-sdk/src/rp2_common/hardware_claim/claim.c.obj
                0x10000410                hw_claim_lock
 .text.hw_claim_unlock
                0x10000428       0x14 main/CMakeFiles/main.dir/home/gvaldez/pico/pico-sdk/src/rp2_common/hardware_claim/claim.c.obj
                0x10000428                hw_claim_unlock
 .text.hw_claim_or_assert
                0x1000043c       0x32 main/CMakeFiles/main.dir/home/gvaldez/pico/pico-sdk/src/rp2_common/hardware_claim/claim.c.obj
                0x1000043c                hw_claim_or_assert
 .text.hw_claim_unused_from_range
                0x1000046e       0x50 main/CMakeFiles/main.dir/home/gvaldez/pico/pico-sdk/src/rp2_common/hardware_claim/claim.c.obj
                0x1000046e                hw_claim_unused_from_range
 *fill*         0x100004be        0x2 
 .text.spin_locks_reset
                0x100004c0       0x20 main/CMakeFiles/main.dir/home/gvaldez/pico/pico-sdk/src/rp2_common/hardware_sync/sync.c.obj
                0x100004c0                spin_locks_reset
 .text.next_striped_spin_lock_num
                0x100004e0       0x1c main/CMakeFiles/main.dir/home/gvaldez/pico/pico-sdk/src/rp2_common/hardware_sync/sync.c.obj
                0x100004e0                next_striped_spin_lock_num
 .text.spin_lock_claim_unused
                0x100004fc       0x24 main/CMakeFiles/main.dir/home/gvaldez/pico/pico-sdk/src/rp2_common/hardware_sync/sync.c.obj
                0x100004fc                spin_lock_claim_unused
 .text.set_raw_irq_handler_and_unlock
                0x10000520       0x28 main/CMakeFiles/main.dir/home/gvaldez/pico/pico-sdk/src/rp2_common/hardware_irq/irq.c.obj
 .text.resolve_branch
                0x10000548       0x30 main/CMakeFiles/main.dir/home/gvaldez/pico/pico-sdk/src/rp2_common/hardware_irq/irq.c.obj
 .text.make_branch
                0x10000578       0x48 main/CMakeFiles/main.dir/home/gvaldez/pico/pico-sdk/src/rp2_common/hardware_irq/irq.c.obj
 .text.insert_branch_and_link
                0x100005c0       0x40 main/CMakeFiles/main.dir/home/gvaldez/pico/pico-sdk/src/rp2_common/hardware_irq/irq.c.obj
 .text.irq_is_enabled
                0x10000600       0x18 main/CMakeFiles/main.dir/home/gvaldez/pico/pico-sdk/src/rp2_common/hardware_irq/irq.c.obj
                0x10000600                irq_is_enabled
 .text.irq_set_mask_enabled
                0x10000618       0x20 main/CMakeFiles/main.dir/home/gvaldez/pico/pico-sdk/src/rp2_common/hardware_irq/irq.c.obj
                0x10000618                irq_set_mask_enabled
 .text.irq_set_enabled
                0x10000638        0xe main/CMakeFiles/main.dir/home/gvaldez/pico/pico-sdk/src/rp2_common/hardware_irq/irq.c.obj
                0x10000638                irq_set_enabled
 *fill*         0x10000646        0x2 
 .text.irq_set_pending
                0x10000648       0x10 main/CMakeFiles/main.dir/home/gvaldez/pico/pico-sdk/src/rp2_common/hardware_irq/irq.c.obj
                0x10000648                irq_set_pending
 .text.irq_get_vtable_handler
                0x10000658       0x10 main/CMakeFiles/main.dir/home/gvaldez/pico/pico-sdk/src/rp2_common/hardware_irq/irq.c.obj
                0x10000658                irq_get_vtable_handler
 .text.irq_has_shared_handler
                0x10000668       0x24 main/CMakeFiles/main.dir/home/gvaldez/pico/pico-sdk/src/rp2_common/hardware_irq/irq.c.obj
                0x10000668                irq_has_shared_handler
 .text.irq_set_exclusive_handler
                0x1000068c       0x54 main/CMakeFiles/main.dir/home/gvaldez/pico/pico-sdk/src/rp2_common/hardware_irq/irq.c.obj
                0x1000068c                irq_set_exclusive_handler
 .text.irq_add_shared_handler
                0x100006e0      0x210 main/CMakeFiles/main.dir/home/gvaldez/pico/pico-sdk/src/rp2_common/hardware_irq/irq.c.obj
                0x100006e0                irq_add_shared_handler
 .text.irq_remove_handler
                0x100008f0      0x188 main/CMakeFiles/main.dir/home/gvaldez/pico/pico-sdk/src/rp2_common/hardware_irq/irq.c.obj
                0x100008f0                irq_remove_handler
 .text.irq_add_tail_to_free_list
                0x10000a78       0xf0 main/CMakeFiles/main.dir/home/gvaldez/pico/pico-sdk/src/rp2_common/hardware_irq/irq.c.obj
                0x10000a78                irq_add_tail_to_free_list
 .text.irq_init_priorities
                0x10000b68       0x1c main/CMakeFiles/main.dir/home/gvaldez/pico/pico-sdk/src/rp2_common/hardware_irq/irq.c.obj
                0x10000b68                irq_init_priorities
 .text.user_irq_claim_unused
                0x10000b84       0x2c main/CMakeFiles/main.dir/home/gvaldez/pico/pico-sdk/src/rp2_common/hardware_irq/irq.c.obj
                0x10000b84                user_irq_claim_unused
 .text.lock_init
                0x10000bb0       0x10 main/CMakeFiles/main.dir/home/gvaldez/pico/pico-sdk/src/common/pico_sync/lock_core.c.obj
                0x10000bb0                lock_init
 .text.update_us_since_boot
                0x10000bc0       0x24 main/CMakeFiles/main.dir/home/gvaldez/pico/pico-sdk/src/common/pico_sync/mutex.c.obj
 .text.delayed_by_ms
                0x10000be4       0x44 main/CMakeFiles/main.dir/home/gvaldez/pico/pico-sdk/src/common/pico_sync/mutex.c.obj
 .text.get_absolute_time
                0x10000c28       0x22 main/CMakeFiles/main.dir/home/gvaldez/pico/pico-sdk/src/common/pico_sync/mutex.c.obj
 .text.make_timeout_time_ms
                0x10000c4a       0x20 main/CMakeFiles/main.dir/home/gvaldez/pico/pico-sdk/src/common/pico_sync/mutex.c.obj
 .text.mutex_init
                0x10000c6a       0x1a main/CMakeFiles/main.dir/home/gvaldez/pico/pico-sdk/src/common/pico_sync/mutex.c.obj
                0x10000c6a                mutex_init
 .text.recursive_mutex_init
                0x10000c84       0x1e main/CMakeFiles/main.dir/home/gvaldez/pico/pico-sdk/src/common/pico_sync/mutex.c.obj
                0x10000c84                recursive_mutex_init
 *fill*         0x10000ca2        0x2 
 .text.critical_section_init_with_lock_num
                0x10000ca4       0x14 main/CMakeFiles/main.dir/home/gvaldez/pico/pico-sdk/src/common/pico_sync/critical_section.c.obj
                0x10000ca4                critical_section_init_with_lock_num
 .text.critical_section_init
                0x10000cb8       0x14 main/CMakeFiles/main.dir/home/gvaldez/pico/pico-sdk/src/common/pico_sync/critical_section.c.obj
                0x10000cb8                critical_section_init
 .text.time_reached
                0x10000ccc       0x28 main/CMakeFiles/main.dir/home/gvaldez/pico/pico-sdk/src/common/pico_time/time.c.obj
 .text.get_entry
                0x10000cf4       0x38 main/CMakeFiles/main.dir/home/gvaldez/pico/pico-sdk/src/common/pico_time/time.c.obj
 .text.timer_pool_entry_comparator
                0x10000d2c       0x2e main/CMakeFiles/main.dir/home/gvaldez/pico/pico-sdk/src/common/pico_time/time.c.obj
                0x10000d2c                timer_pool_entry_comparator
 *fill*         0x10000d5a        0x2 
 .text.update_us_since_boot
                0x10000d5c       0x24 main/CMakeFiles/main.dir/home/gvaldez/pico/pico-sdk/src/common/pico_time/time.c.obj
 .text.delayed_by_us
                0x10000d80       0x34 main/CMakeFiles/main.dir/home/gvaldez/pico/pico-sdk/src/common/pico_time/time.c.obj
 .text.ph_get_node
                0x10000db4       0x30 main/CMakeFiles/main.dir/home/gvaldez/pico/pico-sdk/src/common/pico_time/time.c.obj
 .text.ph_contains_node
                0x10000de4       0x1e main/CMakeFiles/main.dir/home/gvaldez/pico/pico-sdk/src/common/pico_time/time.c.obj
 .text.ph_new_node
                0x10000e02       0x28 main/CMakeFiles/main.dir/home/gvaldez/pico/pico-sdk/src/common/pico_time/time.c.obj
 *fill*         0x10000e2a        0x2 
 .text.ph_add_child_node
                0x10000e2c       0x6c main/CMakeFiles/main.dir/home/gvaldez/pico/pico-sdk/src/common/pico_time/time.c.obj
 .text.ph_merge_nodes
                0x10000e98       0x3e main/CMakeFiles/main.dir/home/gvaldez/pico/pico-sdk/src/common/pico_time/time.c.obj
 *fill*         0x10000ed6        0x2 
 .text.ph_insert_node
                0x10000ed8       0x3c main/CMakeFiles/main.dir/home/gvaldez/pico/pico-sdk/src/common/pico_time/time.c.obj
 .text.ph_free_node
                0x10000f14       0x5c main/CMakeFiles/main.dir/home/gvaldez/pico/pico-sdk/src/common/pico_time/time.c.obj
 .text.get_entry_id_high
                0x10000f70       0x30 main/CMakeFiles/main.dir/home/gvaldez/pico/pico-sdk/src/common/pico_time/time.c.obj
 .text.alarm_pool_post_alloc_init
                0x10000fa0       0x40 main/CMakeFiles/main.dir/home/gvaldez/pico/pico-sdk/src/common/pico_time/time.c.obj
 .text.sleep_until_callback
                0x10000fe0       0x30 main/CMakeFiles/main.dir/home/gvaldez/pico/pico-sdk/src/common/pico_time/time.c.obj
 .text.get_absolute_time
                0x10001010       0x22 main/CMakeFiles/main.dir/home/gvaldez/pico/pico-sdk/src/common/pico_time/time.c.obj
 .text.make_timeout_time_us
                0x10001032       0x24 main/CMakeFiles/main.dir/home/gvaldez/pico/pico-sdk/src/common/pico_time/time.c.obj
 *fill*         0x10001056        0x2 
 .text.add_alarm_under_lock
                0x10001058       0x94 main/CMakeFiles/main.dir/home/gvaldez/pico/pico-sdk/src/common/pico_time/time.c.obj
 .text.alarm_pool_alarm_callback
                0x100010ec      0x210 main/CMakeFiles/main.dir/home/gvaldez/pico/pico-sdk/src/common/pico_time/time.c.obj
 .text.alarm_pool_init_default
                0x100012fc       0x40 main/CMakeFiles/main.dir/home/gvaldez/pico/pico-sdk/src/common/pico_time/time.c.obj
                0x100012fc                alarm_pool_init_default
 .text.alarm_pool_get_default
                0x1000133c       0x2c main/CMakeFiles/main.dir/home/gvaldez/pico/pico-sdk/src/common/pico_time/time.c.obj
                0x1000133c                alarm_pool_get_default
 .text.alarm_pool_add_alarm_at
                0x10001368      0x10e main/CMakeFiles/main.dir/home/gvaldez/pico/pico-sdk/src/common/pico_time/time.c.obj
                0x10001368                alarm_pool_add_alarm_at
 .text.add_alarm_at
                0x10001476       0x2e main/CMakeFiles/main.dir/home/gvaldez/pico/pico-sdk/src/common/pico_time/time.c.obj
 .text.alarm_pool_cancel_alarm
                0x100014a4       0xa8 main/CMakeFiles/main.dir/home/gvaldez/pico/pico-sdk/src/common/pico_time/time.c.obj
                0x100014a4                alarm_pool_cancel_alarm
 .text.cancel_alarm
                0x1000154c       0x10 main/CMakeFiles/main.dir/home/gvaldez/pico/pico-sdk/src/common/pico_time/time.c.obj
 .text.alarm_pool_core_num
                0x1000155c        0x4 main/CMakeFiles/main.dir/home/gvaldez/pico/pico-sdk/src/common/pico_time/time.c.obj
                0x1000155c                alarm_pool_core_num
 .text.sleep_until
                0x10001560       0xb0 main/CMakeFiles/main.dir/home/gvaldez/pico/pico-sdk/src/common/pico_time/time.c.obj
                0x10001560                sleep_until
 .text.sleep_us
                0x10001610       0x1a main/CMakeFiles/main.dir/home/gvaldez/pico/pico-sdk/src/common/pico_time/time.c.obj
                0x10001610                sleep_us
 .text.sleep_ms
                0x1000162a       0x14 main/CMakeFiles/main.dir/home/gvaldez/pico/pico-sdk/src/common/pico_time/time.c.obj
                0x1000162a                sleep_ms
 *fill*         0x1000163e        0x2 
 .text.best_effort_wfe_or_timeout
                0x10001640       0x44 main/CMakeFiles/main.dir/home/gvaldez/pico/pico-sdk/src/common/pico_time/time.c.obj
                0x10001640                best_effort_wfe_or_timeout
 .text.update_us_since_boot
                0x10001684       0x24 main/CMakeFiles/main.dir/home/gvaldez/pico/pico-sdk/src/rp2_common/hardware_timer/timer.c.obj
 .text.hardware_alarm_irq_handler
                0x100016a8       0x8c main/CMakeFiles/main.dir/home/gvaldez/pico/pico-sdk/src/rp2_common/hardware_timer/timer.c.obj
 .text.hardware_alarm_claim
                0x10001734       0x18 main/CMakeFiles/main.dir/home/gvaldez/pico/pico-sdk/src/rp2_common/hardware_timer/timer.c.obj
                0x10001734                hardware_alarm_claim
 .text.time_us_64
                0x1000174c       0x18 main/CMakeFiles/main.dir/home/gvaldez/pico/pico-sdk/src/rp2_common/hardware_timer/timer.c.obj
                0x1000174c                time_us_64
 .text.busy_wait_until
                0x10001764       0x28 main/CMakeFiles/main.dir/home/gvaldez/pico/pico-sdk/src/rp2_common/hardware_timer/timer.c.obj
                0x10001764                busy_wait_until
 .text.busy_wait_us
                0x1000178c       0x3a main/CMakeFiles/main.dir/home/gvaldez/pico/pico-sdk/src/rp2_common/hardware_timer/timer.c.obj
                0x1000178c                busy_wait_us
 *fill*         0x100017c6        0x2 
 .text.hardware_alarm_set_callback
                0x100017c8       0x90 main/CMakeFiles/main.dir/home/gvaldez/pico/pico-sdk/src/rp2_common/hardware_timer/timer.c.obj
                0x100017c8                hardware_alarm_set_callback
 .text.hardware_alarm_set_target
                0x10001858       0xe8 main/CMakeFiles/main.dir/home/gvaldez/pico/pico-sdk/src/rp2_common/hardware_timer/timer.c.obj
                0x10001858                hardware_alarm_set_target
 .text.hardware_alarm_cancel
                0x10001940       0x40 main/CMakeFiles/main.dir/home/gvaldez/pico/pico-sdk/src/rp2_common/hardware_timer/timer.c.obj
                0x10001940                hardware_alarm_cancel
 .text.ph_get_node
                0x10001980       0x30 main/CMakeFiles/main.dir/home/gvaldez/pico/pico-sdk/src/common/pico_util/pheap.c.obj
 .text.ph_add_child_node
                0x100019b0       0x6c main/CMakeFiles/main.dir/home/gvaldez/pico/pico-sdk/src/common/pico_util/pheap.c.obj
 .text.ph_merge_nodes
                0x10001a1c       0x3e main/CMakeFiles/main.dir/home/gvaldez/pico/pico-sdk/src/common/pico_util/pheap.c.obj
 .text.ph_clear
                0x10001a5a       0x34 main/CMakeFiles/main.dir/home/gvaldez/pico/pico-sdk/src/common/pico_util/pheap.c.obj
                0x10001a5a                ph_clear
 .text.ph_post_alloc_init
                0x10001a8e        0xe main/CMakeFiles/main.dir/home/gvaldez/pico/pico-sdk/src/common/pico_util/pheap.c.obj
                0x10001a8e                ph_post_alloc_init
 .text.ph_merge_two_pass
                0x10001a9c       0x5c main/CMakeFiles/main.dir/home/gvaldez/pico/pico-sdk/src/common/pico_util/pheap.c.obj
                0x10001a9c                ph_merge_two_pass
 .text.ph_remove_any_head
                0x10001af8       0xc0 main/CMakeFiles/main.dir/home/gvaldez/pico/pico-sdk/src/common/pico_util/pheap.c.obj
 .text.ph_remove_head
                0x10001bb8       0x14 main/CMakeFiles/main.dir/home/gvaldez/pico/pico-sdk/src/common/pico_util/pheap.c.obj
                0x10001bb8                ph_remove_head
 .text.ph_remove_and_free_node
                0x10001bcc       0xa0 main/CMakeFiles/main.dir/home/gvaldez/pico/pico-sdk/src/common/pico_util/pheap.c.obj
                0x10001bcc                ph_remove_and_free_node
 .text.adc_init
                0x10001c6c       0x34 main/CMakeFiles/main.dir/home/gvaldez/pico/pico-sdk/src/rp2_common/hardware_adc/adc.c.obj
                0x10001c6c                adc_init
 .text.uart_disable_before_lcr_write
                0x10001ca0       0x48 main/CMakeFiles/main.dir/home/gvaldez/pico/pico-sdk/src/rp2_common/hardware_uart/uart.c.obj
 .text.uart_write_lcr_bits_masked
                0x10001ce8       0x22 main/CMakeFiles/main.dir/home/gvaldez/pico/pico-sdk/src/rp2_common/hardware_uart/uart.c.obj
 *fill*         0x10001d0a        0x2 
 .text.uart_set_baudrate
                0x10001d0c       0x5c main/CMakeFiles/main.dir/home/gvaldez/pico/pico-sdk/src/rp2_common/hardware_uart/uart.c.obj
                0x10001d0c                uart_set_baudrate
 .text.uart_set_format
                0x10001d68       0x2c main/CMakeFiles/main.dir/home/gvaldez/pico/pico-sdk/src/rp2_common/hardware_uart/uart.c.obj
                0x10001d68                uart_set_format
 .text.uart_set_translate_crlf
                0x10001d94       0x28 main/CMakeFiles/main.dir/home/gvaldez/pico/pico-sdk/src/rp2_common/hardware_uart/uart.c.obj
                0x10001d94                uart_set_translate_crlf
 .text.uart_init
                0x10001dbc       0x80 main/CMakeFiles/main.dir/home/gvaldez/pico/pico-sdk/src/rp2_common/hardware_uart/uart.c.obj
                0x10001dbc                uart_init
 .text.clock_configure
                0x10001e3c      0x108 main/CMakeFiles/main.dir/home/gvaldez/pico/pico-sdk/src/rp2_common/hardware_clocks/clocks.c.obj
                0x10001e3c                clock_configure
 .text.clocks_init
                0x10001f44      0x100 main/CMakeFiles/main.dir/home/gvaldez/pico/pico-sdk/src/rp2_common/hardware_clocks/clocks.c.obj
                0x10001f44                clocks_init
 .text.clock_get_hz
                0x10002044        0xc main/CMakeFiles/main.dir/home/gvaldez/pico/pico-sdk/src/rp2_common/hardware_clocks/clocks.c.obj
                0x10002044                clock_get_hz
 .text.pll_init
                0x10002050      0x120 main/CMakeFiles/main.dir/home/gvaldez/pico/pico-sdk/src/rp2_common/hardware_pll/pll.c.obj
                0x10002050                pll_init
 .text.watchdog_start_tick
                0x10002170       0x10 main/CMakeFiles/main.dir/home/gvaldez/pico/pico-sdk/src/rp2_common/hardware_watchdog/watchdog.c.obj
                0x10002170                watchdog_start_tick
 .text.watchdog_update
                0x10002180       0x14 main/CMakeFiles/main.dir/home/gvaldez/pico/pico-sdk/src/rp2_common/hardware_watchdog/watchdog.c.obj
                0x10002180                watchdog_update
 .text._watchdog_enable
                0x10002194       0x78 main/CMakeFiles/main.dir/home/gvaldez/pico/pico-sdk/src/rp2_common/hardware_watchdog/watchdog.c.obj
                0x10002194                _watchdog_enable
 .text.watchdog_reboot
                0x1000220c       0x48 main/CMakeFiles/main.dir/home/gvaldez/pico/pico-sdk/src/rp2_common/hardware_watchdog/watchdog.c.obj
                0x1000220c                watchdog_reboot
 .text.xosc_init
                0x10002254       0x28 main/CMakeFiles/main.dir/home/gvaldez/pico/pico-sdk/src/rp2_common/hardware_xosc/xosc.c.obj
                0x10002254                xosc_init
 .text._exit    0x1000227c        0x4 main/CMakeFiles/main.dir/home/gvaldez/pico/pico-sdk/src/rp2_common/pico_runtime/runtime.c.obj
                0x1000227c                _exit
 .text.exit     0x10002280        0x6 main/CMakeFiles/main.dir/home/gvaldez/pico/pico-sdk/src/rp2_common/pico_runtime/runtime.c.obj
                0x10002280                exit
 *fill*         0x10002286        0x2 
 .text.__assert_func
                0x10002288       0x38 main/CMakeFiles/main.dir/home/gvaldez/pico/pico-sdk/src/rp2_common/pico_runtime/runtime.c.obj
                0x10002288                __assert_func
 .text.runtime_init
                0x100022c0       0xf8 main/CMakeFiles/main.dir/home/gvaldez/pico/pico-sdk/src/rp2_common/pico_runtime/runtime.c.obj
                0x100022c0                runtime_init
 .text.panic    0x100023b8       0x30 main/CMakeFiles/main.dir/home/gvaldez/pico/pico-sdk/src/rp2_common/pico_runtime/runtime.c.obj
                0x100023b8                panic
 .text._out_null
                0x100023e8        0x2 main/CMakeFiles/main.dir/home/gvaldez/pico/pico-sdk/src/rp2_common/pico_printf/printf.c.obj
 .text._out_fct
                0x100023ea        0xe main/CMakeFiles/main.dir/home/gvaldez/pico/pico-sdk/src/rp2_common/pico_printf/printf.c.obj
 .text._atoi    0x100023f8       0x24 main/CMakeFiles/main.dir/home/gvaldez/pico/pico-sdk/src/rp2_common/pico_printf/printf.c.obj
 .text._out_rev
                0x1000241c       0xae main/CMakeFiles/main.dir/home/gvaldez/pico/pico-sdk/src/rp2_common/pico_printf/printf.c.obj
 .text._ntoa_format
                0x100024ca      0x110 main/CMakeFiles/main.dir/home/gvaldez/pico/pico-sdk/src/rp2_common/pico_printf/printf.c.obj
 .text._ntoa_long
                0x100025da       0xbc main/CMakeFiles/main.dir/home/gvaldez/pico/pico-sdk/src/rp2_common/pico_printf/printf.c.obj
 .text._ntoa_long_long
                0x10002696      0x10e main/CMakeFiles/main.dir/home/gvaldez/pico/pico-sdk/src/rp2_common/pico_printf/printf.c.obj
 .text._etoa    0x100027a4      0x420 main/CMakeFiles/main.dir/home/gvaldez/pico/pico-sdk/src/rp2_common/pico_printf/printf.c.obj
 .text._ftoa    0x10002bc4      0x354 main/CMakeFiles/main.dir/home/gvaldez/pico/pico-sdk/src/rp2_common/pico_printf/printf.c.obj
 .text._vsnprintf
                0x10002f18      0x65c main/CMakeFiles/main.dir/home/gvaldez/pico/pico-sdk/src/rp2_common/pico_printf/printf.c.obj
 .text.vfctprintf
                0x10003574       0x20 main/CMakeFiles/main.dir/home/gvaldez/pico/pico-sdk/src/rp2_common/pico_printf/printf.c.obj
                0x10003574                vfctprintf
 .text          0x10003594       0x10 main/CMakeFiles/main.dir/home/gvaldez/pico/pico-sdk/src/rp2_common/pico_bit_ops/bit_ops_aeabi.S.obj
 .text.rom_func_lookup
                0x100035a4       0x10 main/CMakeFiles/main.dir/home/gvaldez/pico/pico-sdk/src/rp2_common/pico_bootrom/bootrom.c.obj
                0x100035a4                rom_func_lookup
 .text.rom_data_lookup
                0x100035b4       0x10 main/CMakeFiles/main.dir/home/gvaldez/pico/pico-sdk/src/rp2_common/pico_bootrom/bootrom.c.obj
                0x100035b4                rom_data_lookup
 .text.rom_funcs_lookup
                0x100035c4       0x36 main/CMakeFiles/main.dir/home/gvaldez/pico/pico-sdk/src/rp2_common/pico_bootrom/bootrom.c.obj
                0x100035c4                rom_funcs_lookup
 *fill*         0x100035fa        0x2 
 .text.__wrap___aeabi_idiv
                0x100035fc       0x50 main/CMakeFiles/main.dir/home/gvaldez/pico/pico-sdk/src/rp2_common/pico_divider/divider.S.obj
                0x100035fc                __wrap___aeabi_idivmod
                0x100035fc                divmod_s32s32
                0x100035fc                div_s32s32
                0x100035fc                __wrap___aeabi_idiv
                0x10003604                divmod_s32s32_unsafe
                0x10003630                divmod_s32s32_savestate
 .text.__wrap___aeabi_uidiv
                0x1000364c       0x4c main/CMakeFiles/main.dir/home/gvaldez/pico/pico-sdk/src/rp2_common/pico_divider/divider.S.obj
                0x1000364c                __wrap___aeabi_uidiv
                0x1000364c                __wrap___aeabi_uidivmod
                0x1000364c                div_u32u32
                0x1000364c                divmod_u32u32
                0x10003654                divmod_u32u32_unsafe
                0x1000367c                divmod_u32u32_savestate
 .text.__wrap___aeabi_ldiv
                0x10003698      0x424 main/CMakeFiles/main.dir/home/gvaldez/pico/pico-sdk/src/rp2_common/pico_divider/divider.S.obj
                0x10003698                div_s64s64
                0x10003698                divmod_s64s64
                0x10003698                __wrap___aeabi_ldivmod
                0x100036c8                div_u64u64
                0x100036c8                divmod_u64u64
                0x100036c8                __wrap___aeabi_uldivmod
                0x100036d8                divmod_u64u64_savestate
                0x100036f8                divmod_s64s64_unsafe
                0x10003780                divmod_u64u64_unsafe
 .text.__wrap___aeabi_darithmetic
                0x10003abc       0x80 main/CMakeFiles/main.dir/home/gvaldez/pico/pico-sdk/src/rp2_common/pico_double/double_aeabi.S.obj
                0x10003abc                __wrap___aeabi_drsub
                0x10003ac2                __wrap___aeabi_dsub
                0x10003ad4                __wrap___aeabi_dadd
                0x10003ae6                __wrap___aeabi_ddiv
                0x10003b22                __wrap___aeabi_dmul
 .text.__wrap___aeabi_cdcmple
                0x10003b3c       0x6c main/CMakeFiles/main.dir/home/gvaldez/pico/pico-sdk/src/rp2_common/pico_double/double_aeabi.S.obj
                0x10003b3c                __wrap___aeabi_cdrcmple
                0x10003b4c                __wrap___aeabi_cdcmple
                0x10003b4c                __wrap___aeabi_cdcmpeq
 .text.__wrap___aeabi_dcmplt
                0x10003ba8        0xc main/CMakeFiles/main.dir/home/gvaldez/pico/pico-sdk/src/rp2_common/pico_double/double_aeabi.S.obj
                0x10003ba8                __wrap___aeabi_dcmplt
 .text.__wrap___aeabi_dcmple
                0x10003bb4       0x10 main/CMakeFiles/main.dir/home/gvaldez/pico/pico-sdk/src/rp2_common/pico_double/double_aeabi.S.obj
                0x10003bb4                __wrap___aeabi_dcmple
 .text.__wrap___aeabi_dcmpge
                0x10003bc4       0x10 main/CMakeFiles/main.dir/home/gvaldez/pico/pico-sdk/src/rp2_common/pico_double/double_aeabi.S.obj
                0x10003bc4                __wrap___aeabi_dcmpge
 .text.__wrap___aeabi_dcmpgt
                0x10003bd4        0xa main/CMakeFiles/main.dir/home/gvaldez/pico/pico-sdk/src/rp2_common/pico_double/double_aeabi.S.obj
                0x10003bd4                __wrap___aeabi_dcmpgt
 .text.__wrap___aeabi_dcmpun
                0x10003bde       0x1c main/CMakeFiles/main.dir/home/gvaldez/pico/pico-sdk/src/rp2_common/pico_double/double_aeabi.S.obj
                0x10003bde                __wrap___aeabi_dcmpun
 *fill*         0x10003bfa        0x2 
 .text.__wrap___aeabi_i2d
                0x10003bfc       0x38 main/CMakeFiles/main.dir/home/gvaldez/pico/pico-sdk/src/rp2_common/pico_double/double_aeabi.S.obj
                0x10003bfc                __wrap___aeabi_ui2d
                0x10003c04                __wrap___aeabi_i2d
 .text.__wrap___aeabi_d2iz
                0x10003c34       0x48 main/CMakeFiles/main.dir/home/gvaldez/pico/pico-sdk/src/rp2_common/pico_double/double_aeabi.S.obj
                0x10003c34                __wrap___aeabi_d2iz
                0x10003c34                double2int_z
 .text.__wrap___aeabi_d2uiz
                0x10003c7c       0x18 main/CMakeFiles/main.dir/home/gvaldez/pico/pico-sdk/src/rp2_common/pico_double/double_aeabi.S.obj
                0x10003c7c                double2uint
                0x10003c7c                __wrap___aeabi_d2uiz
 .text.__aeabi_double_init
                0x10003c94       0xcc main/CMakeFiles/main.dir/home/gvaldez/pico/pico-sdk/src/rp2_common/pico_double/double_init_rom.c.obj
                0x10003c94                __aeabi_double_init
 .text.double_table_shim_on_use_helper
                0x10003d60       0x34 main/CMakeFiles/main.dir/home/gvaldez/pico/pico-sdk/src/rp2_common/pico_double/double_v1_rom_shim.S.obj
                0x10003d60                double_table_shim_on_use_helper
 .text.__wrap___aeabi_dsub
                0x10003d94       0x10 main/CMakeFiles/main.dir/home/gvaldez/pico/pico-sdk/src/rp2_common/pico_double/double_v1_rom_shim.S.obj
                0x10003d94                drsub_shim
                0x10003d9a                dsub_shim
 .text.dadd_shim
                0x10003da4      0x15c main/CMakeFiles/main.dir/home/gvaldez/pico/pico-sdk/src/rp2_common/pico_double/double_v1_rom_shim.S.obj
                0x10003da4                dadd_shim
 .text.dmul_shim
                0x10003f00      0x15c main/CMakeFiles/main.dir/home/gvaldez/pico/pico-sdk/src/rp2_common/pico_double/double_v1_rom_shim.S.obj
                0x10003f00                dmul_shim
 .text.ddiv_shim
                0x1000405c      0x1b0 main/CMakeFiles/main.dir/home/gvaldez/pico/pico-sdk/src/rp2_common/pico_double/double_v1_rom_shim.S.obj
                0x1000405c                ddiv_shim
 .text.double2uint_shim
                0x1000420c        0xe main/CMakeFiles/main.dir/home/gvaldez/pico/pico-sdk/src/rp2_common/pico_double/double_v1_rom_shim.S.obj
                0x1000420c                double2uint_shim
                0x1000420e                double2ufix_shim
 *fill*         0x1000421a        0x2 
 .text.double2uint64_shim
                0x1000421c       0x70 main/CMakeFiles/main.dir/home/gvaldez/pico/pico-sdk/src/rp2_common/pico_double/double_v1_rom_shim.S.obj
                0x1000421c                double2uint64_shim
                0x1000421e                double2ufix64_shim
                0x1000423e                d2fix_a
 .text.dunpacks
                0x1000428c       0x3c main/CMakeFiles/main.dir/home/gvaldez/pico/pico-sdk/src/rp2_common/pico_double/double_v1_rom_shim.S.obj
                0x1000428c                dunpacks
 .text.__aeabi_lmul
                0x100042c8       0x32 main/CMakeFiles/main.dir/home/gvaldez/pico/pico-sdk/src/rp2_common/pico_int64_ops/pico_int64_ops_aeabi.S.obj
                0x100042c8                __wrap___aeabi_lmul
 *fill*         0x100042fa        0x2 
 .text.__wrap___aeabi_farithmetic
                0x100042fc       0x58 main/CMakeFiles/main.dir/home/gvaldez/pico/pico-sdk/src/rp2_common/pico_float/float_aeabi.S.obj
                0x100042fc                __wrap___aeabi_frsub
                0x10004302                __wrap___aeabi_fsub
                0x1000430c                __wrap___aeabi_fadd
                0x10004316                __wrap___aeabi_fdiv
                0x10004342                __wrap___aeabi_fmul
 .text.__wrap___aeabi_i2f
                0x10004354       0x44 main/CMakeFiles/main.dir/home/gvaldez/pico/pico-sdk/src/rp2_common/pico_float/float_aeabi.S.obj
                0x10004354                __wrap___aeabi_i2f
 .text.__aeabi_float_init
                0x10004398       0xfc main/CMakeFiles/main.dir/home/gvaldez/pico/pico-sdk/src/rp2_common/pico_float/float_init_rom.c.obj
                0x10004398                __aeabi_float_init
 .text.float_table_shim_on_use_helper
                0x10004494       0x34 main/CMakeFiles/main.dir/home/gvaldez/pico/pico-sdk/src/rp2_common/pico_float/float_v1_rom_shim.S.obj
                0x10004494                float_table_shim_on_use_helper
 .text          0x100044c8       0x10 main/CMakeFiles/main.dir/home/gvaldez/pico/pico-sdk/src/rp2_common/pico_mem_ops/mem_ops_aeabi.S.obj
                0x100044c8                __aeabi_mem_init
 .text.memset   0x100044d8        0xc main/CMakeFiles/main.dir/home/gvaldez/pico/pico-sdk/src/rp2_common/pico_mem_ops/mem_ops_aeabi.S.obj
                0x100044d8                __wrap_memset
 .text.memcpy   0x100044e4        0xc main/CMakeFiles/main.dir/home/gvaldez/pico/pico-sdk/src/rp2_common/pico_mem_ops/mem_ops_aeabi.S.obj
                0x100044e4                __wrap___aeabi_memcpy
                0x100044e4                __wrap_memcpy
 .text.time_reached
                0x100044f0       0x28 main/CMakeFiles/main.dir/home/gvaldez/pico/pico-sdk/src/rp2_common/pico_stdio/stdio.c.obj
 .text.stdio_out_chars_no_crlf
                0x10004518        0xe main/CMakeFiles/main.dir/home/gvaldez/pico/pico-sdk/src/rp2_common/pico_stdio/stdio.c.obj
 *fill*         0x10004526        0x2 
 .text.stdio_out_chars_crlf
                0x10004528       0x80 main/CMakeFiles/main.dir/home/gvaldez/pico/pico-sdk/src/rp2_common/pico_stdio/stdio.c.obj
 .text.stdio_stack_buffer_flush
                0x100045a8       0x44 main/CMakeFiles/main.dir/home/gvaldez/pico/pico-sdk/src/rp2_common/pico_stdio/stdio.c.obj
 .text.stdio_buffered_printer
                0x100045ec       0x20 main/CMakeFiles/main.dir/home/gvaldez/pico/pico-sdk/src/rp2_common/pico_stdio/stdio.c.obj
 .text.update_us_since_boot
                0x1000460c       0x24 main/CMakeFiles/main.dir/home/gvaldez/pico/pico-sdk/src/rp2_common/pico_stdio/stdio.c.obj
 .text.get_absolute_time
                0x10004630       0x22 main/CMakeFiles/main.dir/home/gvaldez/pico/pico-sdk/src/rp2_common/pico_stdio/stdio.c.obj
 *fill*         0x10004652        0x2 
 .text.delayed_by_ms
                0x10004654       0x44 main/CMakeFiles/main.dir/home/gvaldez/pico/pico-sdk/src/rp2_common/pico_stdio/stdio.c.obj
 .text.make_timeout_time_ms
                0x10004698       0x20 main/CMakeFiles/main.dir/home/gvaldez/pico/pico-sdk/src/rp2_common/pico_stdio/stdio.c.obj
 .text.stdio_get_until
                0x100046b8       0x64 main/CMakeFiles/main.dir/home/gvaldez/pico/pico-sdk/src/rp2_common/pico_stdio/stdio.c.obj
 .text.stdout_serialize_begin
                0x1000471c       0x20 main/CMakeFiles/main.dir/home/gvaldez/pico/pico-sdk/src/rp2_common/pico_stdio/stdio.c.obj
                0x1000471c                stdout_serialize_begin
 .text.stdout_serialize_end
                0x1000473c       0x10 main/CMakeFiles/main.dir/home/gvaldez/pico/pico-sdk/src/rp2_common/pico_stdio/stdio.c.obj
                0x1000473c                stdout_serialize_end
 .text.stdio_put_string
                0x1000474c       0x98 main/CMakeFiles/main.dir/home/gvaldez/pico/pico-sdk/src/rp2_common/pico_stdio/stdio.c.obj
 .text.stdio_set_driver_enabled
                0x100047e4       0x2c main/CMakeFiles/main.dir/home/gvaldez/pico/pico-sdk/src/rp2_common/pico_stdio/stdio.c.obj
                0x100047e4                stdio_set_driver_enabled
 .text.stdio_flush
                0x10004810       0x20 main/CMakeFiles/main.dir/home/gvaldez/pico/pico-sdk/src/rp2_common/pico_stdio/stdio.c.obj
                0x10004810                stdio_flush
 .text.__wrap_puts
                0x10004830       0x1e main/CMakeFiles/main.dir/home/gvaldez/pico/pico-sdk/src/rp2_common/pico_stdio/stdio.c.obj
                0x10004830                __wrap_puts
 *fill*         0x1000484e        0x2 
 .text.__wrap_vprintf
                0x10004850       0x40 main/CMakeFiles/main.dir/home/gvaldez/pico/pico-sdk/src/rp2_common/pico_stdio/stdio.c.obj
                0x10004850                __wrap_vprintf
 .text.__wrap_printf
                0x10004890       0x18 main/CMakeFiles/main.dir/home/gvaldez/pico/pico-sdk/src/rp2_common/pico_stdio/stdio.c.obj
                0x10004890                __wrap_printf
 .text.stdio_init_all
                0x100048a8        0xe main/CMakeFiles/main.dir/home/gvaldez/pico/pico-sdk/src/rp2_common/pico_stdio/stdio.c.obj
                0x100048a8                stdio_init_all
 *fill*         0x100048b6        0x2 
 .text.__wrap_getchar
                0x100048b8       0x40 main/CMakeFiles/main.dir/home/gvaldez/pico/pico-sdk/src/rp2_common/pico_stdio/stdio.c.obj
                0x100048b8                __wrap_getchar
 .text.uart_putc
                0x100048f8       0x60 main/CMakeFiles/main.dir/home/gvaldez/pico/pico-sdk/src/rp2_common/pico_stdio_uart/stdio_uart.c.obj
 .text.uart_getc
                0x10004958       0x24 main/CMakeFiles/main.dir/home/gvaldez/pico/pico-sdk/src/rp2_common/pico_stdio_uart/stdio_uart.c.obj
 .text.stdio_uart_out_chars
                0x1000497c       0x20 main/CMakeFiles/main.dir/home/gvaldez/pico/pico-sdk/src/rp2_common/pico_stdio_uart/stdio_uart.c.obj
 .text.stdio_uart_in_chars
                0x1000499c       0x5c main/CMakeFiles/main.dir/home/gvaldez/pico/pico-sdk/src/rp2_common/pico_stdio_uart/stdio_uart.c.obj
                0x1000499c                stdio_uart_in_chars
 .text.on_uart_rx
                0x100049f8       0x28 main/CMakeFiles/main.dir/home/gvaldez/pico/pico-sdk/src/rp2_common/pico_stdio_uart/stdio_uart.c.obj
 .text.stdio_uart_set_chars_available_callback
                0x10004a20       0x8c main/CMakeFiles/main.dir/home/gvaldez/pico/pico-sdk/src/rp2_common/pico_stdio_uart/stdio_uart.c.obj
 .text.stdio_uart_init_full
                0x10004aac       0x44 main/CMakeFiles/main.dir/home/gvaldez/pico/pico-sdk/src/rp2_common/pico_stdio_uart/stdio_uart.c.obj
                0x10004aac                stdio_uart_init_full
 .text.stdio_uart_init
                0x10004af0       0x28 main/CMakeFiles/main.dir/home/gvaldez/pico/pico-sdk/src/rp2_common/pico_stdio_uart/stdio_uart.c.obj
                0x10004af0                stdio_uart_init
 .text.resetd_init
                0x10004b18        0x2 main/CMakeFiles/main.dir/home/gvaldez/pico/pico-sdk/src/rp2_common/pico_stdio_usb/reset_interface.c.obj
 *fill*         0x10004b1a        0x2 
 .text.resetd_reset
                0x10004b1c        0xc main/CMakeFiles/main.dir/home/gvaldez/pico/pico-sdk/src/rp2_common/pico_stdio_usb/reset_interface.c.obj
 .text.resetd_open
                0x10004b28       0x34 main/CMakeFiles/main.dir/home/gvaldez/pico/pico-sdk/src/rp2_common/pico_stdio_usb/reset_interface.c.obj
 .text.resetd_xfer_cb
                0x10004b5c        0x4 main/CMakeFiles/main.dir/home/gvaldez/pico/pico-sdk/src/rp2_common/pico_stdio_usb/reset_interface.c.obj
 .text.reset_usb_boot
                0x10004b60       0x18 main/CMakeFiles/main.dir/home/gvaldez/pico/pico-sdk/src/rp2_common/pico_stdio_usb/reset_interface.c.obj
 .text.resetd_control_xfer_cb
                0x10004b78       0x5c main/CMakeFiles/main.dir/home/gvaldez/pico/pico-sdk/src/rp2_common/pico_stdio_usb/reset_interface.c.obj
 .text.usbd_app_driver_get_cb
                0x10004bd4        0xc main/CMakeFiles/main.dir/home/gvaldez/pico/pico-sdk/src/rp2_common/pico_stdio_usb/reset_interface.c.obj
                0x10004bd4                usbd_app_driver_get_cb
 .text.tud_cdc_line_coding_cb
                0x10004be0       0x28 main/CMakeFiles/main.dir/home/gvaldez/pico/pico-sdk/src/rp2_common/pico_stdio_usb/reset_interface.c.obj
                0x10004be0                tud_cdc_line_coding_cb
 .text.stdio_usb_set_chars_available_callback
                0x10004c08       0x14 main/CMakeFiles/main.dir/home/gvaldez/pico/pico-sdk/src/rp2_common/pico_stdio_usb/stdio_usb.c.obj
                0x10004c08                stdio_usb_set_chars_available_callback
 .text.update_us_since_boot
                0x10004c1c       0x24 main/CMakeFiles/main.dir/home/gvaldez/pico/pico-sdk/src/rp2_common/pico_stdio_usb/stdio_usb.c.obj
 .text.get_absolute_time
                0x10004c40       0x22 main/CMakeFiles/main.dir/home/gvaldez/pico/pico-sdk/src/rp2_common/pico_stdio_usb/stdio_usb.c.obj
 *fill*         0x10004c62        0x2 
 .text.delayed_by_ms
                0x10004c64       0x44 main/CMakeFiles/main.dir/home/gvaldez/pico/pico-sdk/src/rp2_common/pico_stdio_usb/stdio_usb.c.obj
 .text.make_timeout_time_ms
                0x10004ca8       0x20 main/CMakeFiles/main.dir/home/gvaldez/pico/pico-sdk/src/rp2_common/pico_stdio_usb/stdio_usb.c.obj
 .text.delayed_by_us
                0x10004cc8       0x34 main/CMakeFiles/main.dir/home/gvaldez/pico/pico-sdk/src/rp2_common/pico_stdio_usb/stdio_usb.c.obj
 .text.usb_irq  0x10004cfc       0x10 main/CMakeFiles/main.dir/home/gvaldez/pico/pico-sdk/src/rp2_common/pico_stdio_usb/stdio_usb.c.obj
 .text.critical_section_enter_blocking
                0x10004d0c       0x16 main/CMakeFiles/main.dir/home/gvaldez/pico/pico-sdk/src/rp2_common/pico_stdio_usb/stdio_usb.c.obj
 *fill*         0x10004d22        0x2 
 .text.timer_task
                0x10004d24       0x4c main/CMakeFiles/main.dir/home/gvaldez/pico/pico-sdk/src/rp2_common/pico_stdio_usb/stdio_usb.c.obj
 .text.alarm_pool_add_alarm_in_us
                0x10004d70       0x3a main/CMakeFiles/main.dir/home/gvaldez/pico/pico-sdk/src/rp2_common/pico_stdio_usb/stdio_usb.c.obj
 .text.add_alarm_in_us
                0x10004daa       0x2e main/CMakeFiles/main.dir/home/gvaldez/pico/pico-sdk/src/rp2_common/pico_stdio_usb/stdio_usb.c.obj
 .text.low_priority_worker_irq
                0x10004dd8       0x7c main/CMakeFiles/main.dir/home/gvaldez/pico/pico-sdk/src/rp2_common/pico_stdio_usb/stdio_usb.c.obj
 .text.tud_cdc_rx_cb
                0x10004e54       0x20 main/CMakeFiles/main.dir/home/gvaldez/pico/pico-sdk/src/rp2_common/pico_stdio_usb/stdio_usb.c.obj
                0x10004e54                tud_cdc_rx_cb
 .text.stdio_usb_init
                0x10004e74       0xd0 main/CMakeFiles/main.dir/home/gvaldez/pico/pico-sdk/src/rp2_common/pico_stdio_usb/stdio_usb.c.obj
                0x10004e74                stdio_usb_init
 .text.stdio_usb_connected
                0x10004f44        0xa main/CMakeFiles/main.dir/home/gvaldez/pico/pico-sdk/src/rp2_common/pico_stdio_usb/stdio_usb.c.obj
                0x10004f44                stdio_usb_connected
 *fill*         0x10004f4e        0x2 
 .text.stdio_usb_in_chars
                0x10004f50       0x88 main/CMakeFiles/main.dir/home/gvaldez/pico/pico-sdk/src/rp2_common/pico_stdio_usb/stdio_usb.c.obj
                0x10004f50                stdio_usb_in_chars
 .text.stdio_usb_out_chars
                0x10004fd8       0xd8 main/CMakeFiles/main.dir/home/gvaldez/pico/pico-sdk/src/rp2_common/pico_stdio_usb/stdio_usb.c.obj
 .text.tud_descriptor_device_cb
                0x100050b0        0x8 main/CMakeFiles/main.dir/home/gvaldez/pico/pico-sdk/src/rp2_common/pico_stdio_usb/stdio_usb_descriptors.c.obj
                0x100050b0                tud_descriptor_device_cb
 .text.tud_descriptor_configuration_cb
                0x100050b8        0x8 main/CMakeFiles/main.dir/home/gvaldez/pico/pico-sdk/src/rp2_common/pico_stdio_usb/stdio_usb_descriptors.c.obj
                0x100050b8                tud_descriptor_configuration_cb
 .text.tud_descriptor_string_cb
                0x100050c0       0x6c main/CMakeFiles/main.dir/home/gvaldez/pico/pico-sdk/src/rp2_common/pico_stdio_usb/stdio_usb_descriptors.c.obj
                0x100050c0                tud_descriptor_string_cb
 .text._retrieve_unique_id_on_boot
                0x1000512c       0x10 main/CMakeFiles/main.dir/home/gvaldez/pico/pico-sdk/src/rp2_common/pico_unique_id/unique_id.c.obj
 .text.pico_get_unique_board_id_string
                0x1000513c       0x5c main/CMakeFiles/main.dir/home/gvaldez/pico/pico-sdk/src/rp2_common/pico_unique_id/unique_id.c.obj
                0x1000513c                pico_get_unique_board_id_string
 .text.flash_get_unique_id
                0x10005198       0x46 main/CMakeFiles/main.dir/home/gvaldez/pico/pico-sdk/src/rp2_common/hardware_flash/flash.c.obj
                0x10005198                flash_get_unique_id
 *fill*         0x100051de        0x2 
 .text.hw_endpoint_get_by_addr
                0x100051e0       0x18 main/CMakeFiles/main.dir/home/gvaldez/pico/pico-sdk/lib/tinyusb/src/portable/raspberrypi/rp2040/dcd_rp2040.c.obj
 .text._hw_endpoint_alloc
                0x100051f8       0x70 main/CMakeFiles/main.dir/home/gvaldez/pico/pico-sdk/lib/tinyusb/src/portable/raspberrypi/rp2040/dcd_rp2040.c.obj
 .text.hw_endpoint_init
                0x10005268       0x88 main/CMakeFiles/main.dir/home/gvaldez/pico/pico-sdk/lib/tinyusb/src/portable/raspberrypi/rp2040/dcd_rp2040.c.obj
 .text.dcd_event_sof
                0x100052f0       0x2c main/CMakeFiles/main.dir/home/gvaldez/pico/pico-sdk/lib/tinyusb/src/portable/raspberrypi/rp2040/dcd_rp2040.c.obj
 .text.hw_endpoint_xfer
                0x1000531c       0x14 main/CMakeFiles/main.dir/home/gvaldez/pico/pico-sdk/lib/tinyusb/src/portable/raspberrypi/rp2040/dcd_rp2040.c.obj
 .text.dcd_int_enable
                0x10005330       0x2c main/CMakeFiles/main.dir/home/gvaldez/pico/pico-sdk/lib/tinyusb/src/portable/raspberrypi/rp2040/dcd_rp2040.c.obj
                0x10005330                dcd_int_enable
 .text.dcd_set_address
                0x1000535c       0x2c main/CMakeFiles/main.dir/home/gvaldez/pico/pico-sdk/lib/tinyusb/src/portable/raspberrypi/rp2040/dcd_rp2040.c.obj
                0x1000535c                dcd_set_address
 .text.dcd_connect
                0x10005388       0x10 main/CMakeFiles/main.dir/home/gvaldez/pico/pico-sdk/lib/tinyusb/src/portable/raspberrypi/rp2040/dcd_rp2040.c.obj
                0x10005388                dcd_connect
 .text.dcd_init
                0x10005398       0x80 main/CMakeFiles/main.dir/home/gvaldez/pico/pico-sdk/lib/tinyusb/src/portable/raspberrypi/rp2040/dcd_rp2040.c.obj
                0x10005398                dcd_init
 .text.dcd_edpt0_status_complete
                0x10005418       0x1c main/CMakeFiles/main.dir/home/gvaldez/pico/pico-sdk/lib/tinyusb/src/portable/raspberrypi/rp2040/dcd_rp2040.c.obj
                0x10005418                dcd_edpt0_status_complete
 .text.dcd_edpt_open
                0x10005434       0x40 main/CMakeFiles/main.dir/home/gvaldez/pico/pico-sdk/lib/tinyusb/src/portable/raspberrypi/rp2040/dcd_rp2040.c.obj
                0x10005434                dcd_edpt_open
 .text.dcd_edpt_close_all
                0x10005474        0x8 main/CMakeFiles/main.dir/home/gvaldez/pico/pico-sdk/lib/tinyusb/src/portable/raspberrypi/rp2040/dcd_rp2040.c.obj
                0x10005474                dcd_edpt_close_all
 .text.dcd_edpt_xfer
                0x1000547c       0x34 main/CMakeFiles/main.dir/home/gvaldez/pico/pico-sdk/lib/tinyusb/src/portable/raspberrypi/rp2040/dcd_rp2040.c.obj
                0x1000547c                dcd_edpt_xfer
 .text.dcd_edpt_stall
                0x100054b0       0x2c main/CMakeFiles/main.dir/home/gvaldez/pico/pico-sdk/lib/tinyusb/src/portable/raspberrypi/rp2040/dcd_rp2040.c.obj
                0x100054b0                dcd_edpt_stall
 .text.dcd_edpt_clear_stall
                0x100054dc       0x20 main/CMakeFiles/main.dir/home/gvaldez/pico/pico-sdk/lib/tinyusb/src/portable/raspberrypi/rp2040/dcd_rp2040.c.obj
                0x100054dc                dcd_edpt_clear_stall
 .text.rp2040_usb_init
                0x100054fc       0x4c main/CMakeFiles/main.dir/home/gvaldez/pico/pico-sdk/lib/tinyusb/src/portable/raspberrypi/rp2040/rp2040_usb.c.obj
                0x100054fc                rp2040_usb_init
 .text.hw_endpoint_xfer_start
                0x10005548       0x50 main/CMakeFiles/main.dir/home/gvaldez/pico/pico-sdk/lib/tinyusb/src/portable/raspberrypi/rp2040/rp2040_usb.c.obj
                0x10005548                hw_endpoint_xfer_start
 .text.configuration_reset
                0x10005598       0x84 main/CMakeFiles/main.dir/home/gvaldez/pico/pico-sdk/lib/tinyusb/src/device/usbd.c.obj
 .text.critical_section_enter_blocking
                0x1000561c       0x16 main/CMakeFiles/main.dir/home/gvaldez/pico/pico-sdk/lib/tinyusb/src/device/usbd.c.obj
 .text.usbd_reset
                0x10005632        0xc main/CMakeFiles/main.dir/home/gvaldez/pico/pico-sdk/lib/tinyusb/src/device/usbd.c.obj
 .text.invoke_class_control
                0x1000563e       0x1a main/CMakeFiles/main.dir/home/gvaldez/pico/pico-sdk/lib/tinyusb/src/device/usbd.c.obj
 .text.process_set_config
                0x10005658      0x178 main/CMakeFiles/main.dir/home/gvaldez/pico/pico-sdk/lib/tinyusb/src/device/usbd.c.obj
 .text.process_get_descriptor
                0x100057d0       0xdc main/CMakeFiles/main.dir/home/gvaldez/pico/pico-sdk/lib/tinyusb/src/device/usbd.c.obj
 .text.tud_mounted
                0x100058ac       0x10 main/CMakeFiles/main.dir/home/gvaldez/pico/pico-sdk/lib/tinyusb/src/device/usbd.c.obj
                0x100058ac                tud_mounted
 .text.tud_suspended
                0x100058bc       0x10 main/CMakeFiles/main.dir/home/gvaldez/pico/pico-sdk/lib/tinyusb/src/device/usbd.c.obj
                0x100058bc                tud_suspended
 .text.tud_inited
                0x100058cc       0x14 main/CMakeFiles/main.dir/home/gvaldez/pico/pico-sdk/lib/tinyusb/src/device/usbd.c.obj
                0x100058cc                tud_inited
 .text.tud_init
                0x100058e0       0xcc main/CMakeFiles/main.dir/home/gvaldez/pico/pico-sdk/lib/tinyusb/src/device/usbd.c.obj
                0x100058e0                tud_init
 .text.usbd_defer_func
                0x100059ac       0x2a main/CMakeFiles/main.dir/home/gvaldez/pico/pico-sdk/lib/tinyusb/src/device/usbd.c.obj
                0x100059ac                usbd_defer_func
 *fill*         0x100059d6        0x2 
 .text.usbd_edpt_open
                0x100059d8       0x34 main/CMakeFiles/main.dir/home/gvaldez/pico/pico-sdk/lib/tinyusb/src/device/usbd.c.obj
                0x100059d8                usbd_edpt_open
 .text.usbd_open_edpt_pair
                0x10005a0c       0x62 main/CMakeFiles/main.dir/home/gvaldez/pico/pico-sdk/lib/tinyusb/src/device/usbd.c.obj
                0x10005a0c                usbd_open_edpt_pair
 *fill*         0x10005a6e        0x2 
 .text.usbd_edpt_claim
                0x10005a70       0x28 main/CMakeFiles/main.dir/home/gvaldez/pico/pico-sdk/lib/tinyusb/src/device/usbd.c.obj
                0x10005a70                usbd_edpt_claim
 .text.usbd_edpt_release
                0x10005a98       0x28 main/CMakeFiles/main.dir/home/gvaldez/pico/pico-sdk/lib/tinyusb/src/device/usbd.c.obj
                0x10005a98                usbd_edpt_release
 .text.usbd_edpt_xfer
                0x10005ac0       0x78 main/CMakeFiles/main.dir/home/gvaldez/pico/pico-sdk/lib/tinyusb/src/device/usbd.c.obj
                0x10005ac0                usbd_edpt_xfer
 .text.usbd_edpt_stall
                0x10005b38       0x48 main/CMakeFiles/main.dir/home/gvaldez/pico/pico-sdk/lib/tinyusb/src/device/usbd.c.obj
                0x10005b38                usbd_edpt_stall
 .text.usbd_edpt_clear_stall
                0x10005b80       0x48 main/CMakeFiles/main.dir/home/gvaldez/pico/pico-sdk/lib/tinyusb/src/device/usbd.c.obj
                0x10005b80                usbd_edpt_clear_stall
 .text.usbd_edpt_stalled
                0x10005bc8       0x1c main/CMakeFiles/main.dir/home/gvaldez/pico/pico-sdk/lib/tinyusb/src/device/usbd.c.obj
                0x10005bc8                usbd_edpt_stalled
 .text.process_control_request
                0x10005be4      0x374 main/CMakeFiles/main.dir/home/gvaldez/pico/pico-sdk/lib/tinyusb/src/device/usbd.c.obj
 .text.tud_task_ext
                0x10005f58      0x1a8 main/CMakeFiles/main.dir/home/gvaldez/pico/pico-sdk/lib/tinyusb/src/device/usbd.c.obj
                0x10005f58                tud_task_ext
 .text._status_stage_xact
                0x10006100       0x1a main/CMakeFiles/main.dir/home/gvaldez/pico/pico-sdk/lib/tinyusb/src/device/usbd_control.c.obj
 *fill*         0x1000611a        0x2 
 .text._data_stage_xact
                0x1000611c       0x58 main/CMakeFiles/main.dir/home/gvaldez/pico/pico-sdk/lib/tinyusb/src/device/usbd_control.c.obj
 .text.tud_control_status
                0x10006174       0x28 main/CMakeFiles/main.dir/home/gvaldez/pico/pico-sdk/lib/tinyusb/src/device/usbd_control.c.obj
                0x10006174                tud_control_status
 .text.tud_control_xfer
                0x1000619c       0x68 main/CMakeFiles/main.dir/home/gvaldez/pico/pico-sdk/lib/tinyusb/src/device/usbd_control.c.obj
                0x1000619c                tud_control_xfer
 .text.usbd_control_reset
                0x10006204       0x14 main/CMakeFiles/main.dir/home/gvaldez/pico/pico-sdk/lib/tinyusb/src/device/usbd_control.c.obj
                0x10006204                usbd_control_reset
 .text.usbd_control_set_complete_callback
                0x10006218        0xc main/CMakeFiles/main.dir/home/gvaldez/pico/pico-sdk/lib/tinyusb/src/device/usbd_control.c.obj
                0x10006218                usbd_control_set_complete_callback
 .text.usbd_control_set_request
                0x10006224       0x1c main/CMakeFiles/main.dir/home/gvaldez/pico/pico-sdk/lib/tinyusb/src/device/usbd_control.c.obj
                0x10006224                usbd_control_set_request
 .text.usbd_control_xfer_cb
                0x10006240       0xbc main/CMakeFiles/main.dir/home/gvaldez/pico/pico-sdk/lib/tinyusb/src/device/usbd_control.c.obj
                0x10006240                usbd_control_xfer_cb
 .text._prep_out_transaction
                0x100062fc       0x4a main/CMakeFiles/main.dir/home/gvaldez/pico/pico-sdk/lib/tinyusb/src/class/cdc/cdc_device.c.obj
 *fill*         0x10006346        0x2 
 .text.tud_cdc_n_connected
                0x10006348       0x38 main/CMakeFiles/main.dir/home/gvaldez/pico/pico-sdk/lib/tinyusb/src/class/cdc/cdc_device.c.obj
                0x10006348                tud_cdc_n_connected
 .text.tud_cdc_n_available
                0x10006380       0x18 main/CMakeFiles/main.dir/home/gvaldez/pico/pico-sdk/lib/tinyusb/src/class/cdc/cdc_device.c.obj
                0x10006380                tud_cdc_n_available
 .text.tud_cdc_n_read
                0x10006398       0x28 main/CMakeFiles/main.dir/home/gvaldez/pico/pico-sdk/lib/tinyusb/src/class/cdc/cdc_device.c.obj
                0x10006398                tud_cdc_n_read
 .text.tud_cdc_n_write_flush
                0x100063c0       0xb8 main/CMakeFiles/main.dir/home/gvaldez/pico/pico-sdk/lib/tinyusb/src/class/cdc/cdc_device.c.obj
                0x100063c0                tud_cdc_n_write_flush
 .text.tud_cdc_n_write
                0x10006478       0x38 main/CMakeFiles/main.dir/home/gvaldez/pico/pico-sdk/lib/tinyusb/src/class/cdc/cdc_device.c.obj
                0x10006478                tud_cdc_n_write
 .text.tud_cdc_n_write_available
                0x100064b0       0x1c main/CMakeFiles/main.dir/home/gvaldez/pico/pico-sdk/lib/tinyusb/src/class/cdc/cdc_device.c.obj
                0x100064b0                tud_cdc_n_write_available
 .text.cdcd_init
                0x100064cc       0xbc main/CMakeFiles/main.dir/home/gvaldez/pico/pico-sdk/lib/tinyusb/src/class/cdc/cdc_device.c.obj
                0x100064cc                cdcd_init
 .text.cdcd_reset
                0x10006588       0x44 main/CMakeFiles/main.dir/home/gvaldez/pico/pico-sdk/lib/tinyusb/src/class/cdc/cdc_device.c.obj
                0x10006588                cdcd_reset
 .text.cdcd_open
                0x100065cc       0xc4 main/CMakeFiles/main.dir/home/gvaldez/pico/pico-sdk/lib/tinyusb/src/class/cdc/cdc_device.c.obj
                0x100065cc                cdcd_open
 .text.cdcd_control_xfer_cb
                0x10006690      0x134 main/CMakeFiles/main.dir/home/gvaldez/pico/pico-sdk/lib/tinyusb/src/class/cdc/cdc_device.c.obj
                0x10006690                cdcd_control_xfer_cb
 .text.cdcd_xfer_cb
                0x100067c4      0x130 main/CMakeFiles/main.dir/home/gvaldez/pico/pico-sdk/lib/tinyusb/src/class/cdc/cdc_device.c.obj
                0x100067c4                cdcd_xfer_cb
 .text.tusb_init
                0x100068f4        0xa main/CMakeFiles/main.dir/home/gvaldez/pico/pico-sdk/lib/tinyusb/src/tusb.c.obj
                0x100068f4                tusb_init
 .text.tusb_inited
                0x100068fe        0xe main/CMakeFiles/main.dir/home/gvaldez/pico/pico-sdk/lib/tinyusb/src/tusb.c.obj
                0x100068fe                tusb_inited
 .text.tu_edpt_claim
                0x1000690c       0x50 main/CMakeFiles/main.dir/home/gvaldez/pico/pico-sdk/lib/tinyusb/src/tusb.c.obj
                0x1000690c                tu_edpt_claim
 .text.tu_edpt_release
                0x1000695c       0x38 main/CMakeFiles/main.dir/home/gvaldez/pico/pico-sdk/lib/tinyusb/src/tusb.c.obj
                0x1000695c                tu_edpt_release
 .text.tu_edpt_validate
                0x10006994       0x78 main/CMakeFiles/main.dir/home/gvaldez/pico/pico-sdk/lib/tinyusb/src/tusb.c.obj
                0x10006994                tu_edpt_validate
 .text.tu_edpt_bind_driver
                0x10006a0c       0x26 main/CMakeFiles/main.dir/home/gvaldez/pico/pico-sdk/lib/tinyusb/src/tusb.c.obj
                0x10006a0c                tu_edpt_bind_driver
 .text.advance_index
                0x10006a32       0x1a main/CMakeFiles/main.dir/home/gvaldez/pico/pico-sdk/lib/tinyusb/src/common/tusb_fifo.c.obj
 .text._tu_fifo_peek
                0x10006a4c       0x56 main/CMakeFiles/main.dir/home/gvaldez/pico/pico-sdk/lib/tinyusb/src/common/tusb_fifo.c.obj
 .text._ff_pull_const_addr
                0x10006aa2       0x4c main/CMakeFiles/main.dir/home/gvaldez/pico/pico-sdk/lib/tinyusb/src/common/tusb_fifo.c.obj
 .text._ff_pull_n
                0x10006aee      0x110 main/CMakeFiles/main.dir/home/gvaldez/pico/pico-sdk/lib/tinyusb/src/common/tusb_fifo.c.obj
 .text._tu_fifo_peek_n
                0x10006bfe       0x6a main/CMakeFiles/main.dir/home/gvaldez/pico/pico-sdk/lib/tinyusb/src/common/tusb_fifo.c.obj
 .text._tu_fifo_read_n
                0x10006c68       0x4e main/CMakeFiles/main.dir/home/gvaldez/pico/pico-sdk/lib/tinyusb/src/common/tusb_fifo.c.obj
 .text._ff_push_const_addr
                0x10006cb6       0x40 main/CMakeFiles/main.dir/home/gvaldez/pico/pico-sdk/lib/tinyusb/src/common/tusb_fifo.c.obj
 .text._ff_push_n
                0x10006cf6      0x10c main/CMakeFiles/main.dir/home/gvaldez/pico/pico-sdk/lib/tinyusb/src/common/tusb_fifo.c.obj
 .text._tu_fifo_write_n
                0x10006e02       0xf0 main/CMakeFiles/main.dir/home/gvaldez/pico/pico-sdk/lib/tinyusb/src/common/tusb_fifo.c.obj
 .text.tu_fifo_config
                0x10006ef2       0x7c main/CMakeFiles/main.dir/home/gvaldez/pico/pico-sdk/lib/tinyusb/src/common/tusb_fifo.c.obj
                0x10006ef2                tu_fifo_config
 .text.tu_fifo_count
                0x10006f6e       0x2a main/CMakeFiles/main.dir/home/gvaldez/pico/pico-sdk/lib/tinyusb/src/common/tusb_fifo.c.obj
                0x10006f6e                tu_fifo_count
 .text.tu_fifo_empty
                0x10006f98        0xe main/CMakeFiles/main.dir/home/gvaldez/pico/pico-sdk/lib/tinyusb/src/common/tusb_fifo.c.obj
                0x10006f98                tu_fifo_empty
 .text.tu_fifo_full
                0x10006fa6       0x28 main/CMakeFiles/main.dir/home/gvaldez/pico/pico-sdk/lib/tinyusb/src/common/tusb_fifo.c.obj
                0x10006fa6                tu_fifo_full
 .text.tu_fifo_remaining
                0x10006fce       0x2c main/CMakeFiles/main.dir/home/gvaldez/pico/pico-sdk/lib/tinyusb/src/common/tusb_fifo.c.obj
                0x10006fce                tu_fifo_remaining
 .text.tu_fifo_read
                0x10006ffa       0x42 main/CMakeFiles/main.dir/home/gvaldez/pico/pico-sdk/lib/tinyusb/src/common/tusb_fifo.c.obj
                0x10006ffa                tu_fifo_read
 .text.tu_fifo_read_n
                0x1000703c        0xa main/CMakeFiles/main.dir/home/gvaldez/pico/pico-sdk/lib/tinyusb/src/common/tusb_fifo.c.obj
                0x1000703c                tu_fifo_read_n
 .text.tu_fifo_write
                0x10007046       0x64 main/CMakeFiles/main.dir/home/gvaldez/pico/pico-sdk/lib/tinyusb/src/common/tusb_fifo.c.obj
                0x10007046                tu_fifo_write
 .text.tu_fifo_write_n
                0x100070aa        0xa main/CMakeFiles/main.dir/home/gvaldez/pico/pico-sdk/lib/tinyusb/src/common/tusb_fifo.c.obj
                0x100070aa                tu_fifo_write_n
 .text.tu_fifo_clear
                0x100070b4       0x3e main/CMakeFiles/main.dir/home/gvaldez/pico/pico-sdk/lib/tinyusb/src/common/tusb_fifo.c.obj
                0x100070b4                tu_fifo_clear
 .text.tu_fifo_set_overwritable
                0x100070f2       0x46 main/CMakeFiles/main.dir/home/gvaldez/pico/pico-sdk/lib/tinyusb/src/common/tusb_fifo.c.obj
                0x100070f2                tu_fifo_set_overwritable
 .text          0x10007138      0x1f4 [binary_dir]/libencoder_analog.a(encoder_analog.c.obj)
                0x10007238                getData
                0x10007248                set90
                0x10007284                init_encoder_analog
                0x100072fc                setZero
                0x1000731c                get_reference
 .text          0x1000732c       0x5c /usr/lib/gcc/arm-none-eabi/12.2.1/../../../arm-none-eabi/lib/thumb/v6-m/nofp/libg.a(lib_a-strlen-stub.o)
                0x1000732c                strlen
 *(.fini)
 .fini          0x10007388        0x4 /usr/lib/gcc/arm-none-eabi/12.2.1/thumb/v6-m/nofp/crti.o
                0x10007388                _fini
 *fill*         0x1000738c        0x4 
 .fini.__stub   0x10007390       0xe0 linker stubs
 *crtbegin.o(.ctors)
 *crtbegin?.o(.ctors)
 *(EXCLUDE_FILE(*crtend.o *crtend?.o) .ctors)
 *(SORT_BY_NAME(.ctors.*))
 *(.ctors)
 *crtbegin.o(.dtors)
 *crtbegin?.o(.dtors)
 *(EXCLUDE_FILE(*crtend.o *crtend?.o) .dtors)
 *(SORT_BY_NAME(.dtors.*))
 *(.dtors)
 *(.eh_frame*)
 .eh_frame      0x10007470        0x0 /usr/lib/gcc/arm-none-eabi/12.2.1/thumb/v6-m/nofp/crtbegin.o
                0x10007470                        . = ALIGN (0x4)

.glue_7         0x10007470        0x0
 .glue_7        0x10007470        0x0 linker stubs

.glue_7t        0x10007470        0x0
 .glue_7t       0x10007470        0x0 linker stubs

.vfp11_veneer   0x10007470        0x0
 .vfp11_veneer  0x10007470        0x0 linker stubs

.v4_bx          0x10007470        0x0
 .v4_bx         0x10007470        0x0 linker stubs

.iplt           0x10007470        0x0
 .iplt          0x10007470        0x0 /usr/lib/gcc/arm-none-eabi/12.2.1/thumb/v6-m/nofp/crtbegin.o

.rodata         0x10007470     0x1610
 *(EXCLUDE_FILE(*libm.a: *libc.a:*lib_a-mem*.o *libgcc.a:) .rodata*)
 .rodata.processing_and_send_samples.str1.4
                0x10007470       0x21 main/CMakeFiles/main.dir/main.c.obj
 *fill*         0x10007491        0x3 
 .rodata.main.str1.4
                0x10007494       0x2b main/CMakeFiles/main.dir/main.c.obj
 *fill*         0x100074bf        0x1 
 .rodata.spin_lock_claim_unused.str1.4
                0x100074c0       0x1b main/CMakeFiles/main.dir/home/gvaldez/pico/pico-sdk/src/rp2_common/hardware_sync/sync.c.obj
 *fill*         0x100074db        0x1 
 .rodata.resolve_branch.str1.4
                0x100074dc       0x56 main/CMakeFiles/main.dir/home/gvaldez/pico/pico-sdk/src/rp2_common/hardware_irq/irq.c.obj
 *fill*         0x10007532        0x2 
 .rodata.make_branch.str1.4
                0x10007534       0x30 main/CMakeFiles/main.dir/home/gvaldez/pico/pico-sdk/src/rp2_common/hardware_irq/irq.c.obj
 .rodata.insert_branch_and_link.str1.4
                0x10007564       0x10 main/CMakeFiles/main.dir/home/gvaldez/pico/pico-sdk/src/rp2_common/hardware_irq/irq.c.obj
 .rodata.irq_set_exclusive_handler.str1.4
                0x10007574       0x36 main/CMakeFiles/main.dir/home/gvaldez/pico/pico-sdk/src/rp2_common/hardware_irq/irq.c.obj
 *fill*         0x100075aa        0x2 
 .rodata.irq_add_shared_handler.str1.4
                0x100075ac       0xc2 main/CMakeFiles/main.dir/home/gvaldez/pico/pico-sdk/src/rp2_common/hardware_irq/irq.c.obj
 *fill*         0x1000766e        0x2 
 .rodata.irq_remove_handler.str1.4
                0x10007670       0x3a main/CMakeFiles/main.dir/home/gvaldez/pico/pico-sdk/src/rp2_common/hardware_irq/irq.c.obj
 *fill*         0x100076aa        0x2 
 .rodata.irq_add_tail_to_free_list.str1.4
                0x100076ac       0x3a main/CMakeFiles/main.dir/home/gvaldez/pico/pico-sdk/src/rp2_common/hardware_irq/irq.c.obj
 *fill*         0x100076e6        0x2 
 .rodata.user_irq_claim_unused.str1.4
                0x100076e8       0x1b main/CMakeFiles/main.dir/home/gvaldez/pico/pico-sdk/src/rp2_common/hardware_irq/irq.c.obj
 *fill*         0x10007703        0x1 
 .rodata.__func__.0
                0x10007704       0x1a main/CMakeFiles/main.dir/home/gvaldez/pico/pico-sdk/src/rp2_common/hardware_irq/irq.c.obj
 *fill*         0x1000771e        0x2 
 .rodata.__func__.1
                0x10007720       0x17 main/CMakeFiles/main.dir/home/gvaldez/pico/pico-sdk/src/rp2_common/hardware_irq/irq.c.obj
 *fill*         0x10007737        0x1 
 .rodata.__func__.2
                0x10007738       0x13 main/CMakeFiles/main.dir/home/gvaldez/pico/pico-sdk/src/rp2_common/hardware_irq/irq.c.obj
 *fill*         0x1000774b        0x1 
 .rodata.__func__.3
                0x1000774c        0xc main/CMakeFiles/main.dir/home/gvaldez/pico/pico-sdk/src/rp2_common/hardware_irq/irq.c.obj
 .rodata.__func__.4
                0x10007758        0xf main/CMakeFiles/main.dir/home/gvaldez/pico/pico-sdk/src/rp2_common/hardware_irq/irq.c.obj
 *fill*         0x10007767        0x1 
 .rodata.__func__.5
                0x10007768       0x17 main/CMakeFiles/main.dir/home/gvaldez/pico/pico-sdk/src/rp2_common/hardware_irq/irq.c.obj
 *fill*         0x1000777f        0x1 
 .rodata.__func__.6
                0x10007780       0x1a main/CMakeFiles/main.dir/home/gvaldez/pico/pico-sdk/src/rp2_common/hardware_irq/irq.c.obj
 *fill*         0x1000779a        0x2 
 .rodata.update_us_since_boot.str1.4
                0x1000779c       0x62 main/CMakeFiles/main.dir/home/gvaldez/pico/pico-sdk/src/common/pico_sync/mutex.c.obj
 *fill*         0x100077fe        0x2 
 .rodata.str1.4
                0x10007800       0x8d main/CMakeFiles/main.dir/home/gvaldez/pico/pico-sdk/src/common/pico_sync/mutex.c.obj
 *fill*         0x1000788d        0x3 
 .rodata.__func__.1
                0x10007890        0xb main/CMakeFiles/main.dir/home/gvaldez/pico/pico-sdk/src/common/pico_sync/mutex.c.obj
 *fill*         0x1000789b        0x1 
 .rodata.__func__.3
                0x1000789c       0x18 main/CMakeFiles/main.dir/home/gvaldez/pico/pico-sdk/src/common/pico_sync/mutex.c.obj
 .rodata.__func__.4
                0x100078b4       0x15 main/CMakeFiles/main.dir/home/gvaldez/pico/pico-sdk/src/common/pico_sync/mutex.c.obj
 *fill*         0x100078c9        0x3 
 .rodata.get_entry.str1.4
                0x100078cc       0x5c main/CMakeFiles/main.dir/home/gvaldez/pico/pico-sdk/src/common/pico_time/time.c.obj
 .rodata.update_us_since_boot.str1.4
                0x10007928       0x62 main/CMakeFiles/main.dir/home/gvaldez/pico/pico-sdk/src/common/pico_time/time.c.obj
 .rodata.ph_get_node.str1.4
                0x10007928       0x67 main/CMakeFiles/main.dir/home/gvaldez/pico/pico-sdk/src/common/pico_time/time.c.obj
 *fill*         0x1000798f        0x1 
 .rodata.ph_add_child_node.str1.4
                0x10007990       0x2e main/CMakeFiles/main.dir/home/gvaldez/pico/pico-sdk/src/common/pico_time/time.c.obj
 *fill*         0x100079be        0x2 
 .rodata.ph_insert_node.str1.4
                0x100079c0        0x3 main/CMakeFiles/main.dir/home/gvaldez/pico/pico-sdk/src/common/pico_time/time.c.obj
 *fill*         0x100079c3        0x1 
 .rodata.ph_free_node.str1.4
                0x100079c4       0x38 main/CMakeFiles/main.dir/home/gvaldez/pico/pico-sdk/src/common/pico_time/time.c.obj
 .rodata.add_alarm_under_lock.str1.4
                0x100079fc       0x28 main/CMakeFiles/main.dir/home/gvaldez/pico/pico-sdk/src/common/pico_time/time.c.obj
 .rodata.alarm_pool_alarm_callback.str1.4
                0x10007a24       0x60 main/CMakeFiles/main.dir/home/gvaldez/pico/pico-sdk/src/common/pico_time/time.c.obj
 .rodata.alarm_pool_get_default.str1.4
                0x10007a84       0x21 main/CMakeFiles/main.dir/home/gvaldez/pico/pico-sdk/src/common/pico_time/time.c.obj
 *fill*         0x10007aa5        0x3 
 .rodata.alarm_pool_cancel_alarm.str1.4
                0x10007aa8       0x27 main/CMakeFiles/main.dir/home/gvaldez/pico/pico-sdk/src/common/pico_time/time.c.obj
 *fill*         0x10007acf        0x1 
 .rodata.sleep_until.str1.4
                0x10007ad0       0x4d main/CMakeFiles/main.dir/home/gvaldez/pico/pico-sdk/src/common/pico_time/time.c.obj
 *fill*         0x10007b1d        0x3 
 .rodata.__func__.1
                0x10007b20       0x18 main/CMakeFiles/main.dir/home/gvaldez/pico/pico-sdk/src/common/pico_time/time.c.obj
 .rodata.__func__.3
                0x10007b38       0x17 main/CMakeFiles/main.dir/home/gvaldez/pico/pico-sdk/src/common/pico_time/time.c.obj
 *fill*         0x10007b4f        0x1 
 .rodata.__func__.4
                0x10007b50       0x12 main/CMakeFiles/main.dir/home/gvaldez/pico/pico-sdk/src/common/pico_time/time.c.obj
 *fill*         0x10007b62        0x2 
 .rodata.__func__.5
                0x10007b64        0xd main/CMakeFiles/main.dir/home/gvaldez/pico/pico-sdk/src/common/pico_time/time.c.obj
 *fill*         0x10007b71        0x3 
 .rodata.__func__.6
                0x10007b74       0x12 main/CMakeFiles/main.dir/home/gvaldez/pico/pico-sdk/src/common/pico_time/time.c.obj
 *fill*         0x10007b86        0x2 
 .rodata.__func__.7
                0x10007b88        0xf main/CMakeFiles/main.dir/home/gvaldez/pico/pico-sdk/src/common/pico_time/time.c.obj
 *fill*         0x10007b97        0x1 
 .rodata.__func__.8
                0x10007b98        0xc main/CMakeFiles/main.dir/home/gvaldez/pico/pico-sdk/src/common/pico_time/time.c.obj
 .rodata.__func__.9
                0x10007ba4       0x15 main/CMakeFiles/main.dir/home/gvaldez/pico/pico-sdk/src/common/pico_time/time.c.obj
 *fill*         0x10007bb9        0x3 
 .rodata.__func__.10
                0x10007bbc       0x15 main/CMakeFiles/main.dir/home/gvaldez/pico/pico-sdk/src/common/pico_time/time.c.obj
 *fill*         0x10007bd1        0x3 
 .rodata.__func__.11
                0x10007bd4       0x1a main/CMakeFiles/main.dir/home/gvaldez/pico/pico-sdk/src/common/pico_time/time.c.obj
 *fill*         0x10007bee        0x2 
 .rodata.__func__.12
                0x10007bf0        0xa main/CMakeFiles/main.dir/home/gvaldez/pico/pico-sdk/src/common/pico_time/time.c.obj
 *fill*         0x10007bfa        0x6 
 .rodata.at_the_end_of_time
                0x10007c00        0x8 main/CMakeFiles/main.dir/home/gvaldez/pico/pico-sdk/src/common/pico_time/time.c.obj
                0x10007c00                at_the_end_of_time
 .rodata.update_us_since_boot.str1.4
                0x10007c08       0x62 main/CMakeFiles/main.dir/home/gvaldez/pico/pico-sdk/src/rp2_common/hardware_timer/timer.c.obj
 .rodata.hardware_alarm_claim.str1.4
                0x10007c08       0x22 main/CMakeFiles/main.dir/home/gvaldez/pico/pico-sdk/src/rp2_common/hardware_timer/timer.c.obj
 *fill*         0x10007c2a        0x2 
 .rodata.hardware_alarm_set_target.str1.4
                0x10007c2c       0x66 main/CMakeFiles/main.dir/home/gvaldez/pico/pico-sdk/src/rp2_common/hardware_timer/timer.c.obj
 *fill*         0x10007c92        0x2 
 .rodata.__func__.0
                0x10007c94       0x1a main/CMakeFiles/main.dir/home/gvaldez/pico/pico-sdk/src/rp2_common/hardware_timer/timer.c.obj
 *fill*         0x10007cae        0x2 
 .rodata.__func__.1
                0x10007cb0       0x15 main/CMakeFiles/main.dir/home/gvaldez/pico/pico-sdk/src/rp2_common/hardware_timer/timer.c.obj
 .rodata.ph_get_node.str1.4
                0x10007cc5       0x67 main/CMakeFiles/main.dir/home/gvaldez/pico/pico-sdk/src/common/pico_util/pheap.c.obj
 .rodata.ph_add_child_node.str1.4
                0x10007cc5       0x2e main/CMakeFiles/main.dir/home/gvaldez/pico/pico-sdk/src/common/pico_util/pheap.c.obj
 *fill*         0x10007cc5        0x3 
 .rodata.ph_remove_any_head.str1.4
                0x10007cc8       0x90 main/CMakeFiles/main.dir/home/gvaldez/pico/pico-sdk/src/common/pico_util/pheap.c.obj
                                 0xa4 (size before relaxing)
 .rodata.ph_remove_and_free_node.str1.4
                0x10007d58       0x1e main/CMakeFiles/main.dir/home/gvaldez/pico/pico-sdk/src/common/pico_util/pheap.c.obj
                                 0x26 (size before relaxing)
 *fill*         0x10007d76        0x2 
 .rodata.__func__.0
                0x10007d78       0x18 main/CMakeFiles/main.dir/home/gvaldez/pico/pico-sdk/src/common/pico_util/pheap.c.obj
 .rodata.__func__.1
                0x10007d90       0x13 main/CMakeFiles/main.dir/home/gvaldez/pico/pico-sdk/src/common/pico_util/pheap.c.obj
 *fill*         0x10007da3        0x1 
 .rodata.__func__.2
                0x10007da4       0x12 main/CMakeFiles/main.dir/home/gvaldez/pico/pico-sdk/src/common/pico_util/pheap.c.obj
 *fill*         0x10007db6        0x2 
 .rodata.__func__.3
                0x10007db8        0xc main/CMakeFiles/main.dir/home/gvaldez/pico/pico-sdk/src/common/pico_util/pheap.c.obj
 .rodata.clock_configure.str1.4
                0x10007dc4       0x58 main/CMakeFiles/main.dir/home/gvaldez/pico/pico-sdk/src/rp2_common/hardware_clocks/clocks.c.obj
 .rodata.__func__.1
                0x10007e1c       0x10 main/CMakeFiles/main.dir/home/gvaldez/pico/pico-sdk/src/rp2_common/hardware_clocks/clocks.c.obj
 .rodata.pll_init.str1.4
                0x10007e2c      0x124 main/CMakeFiles/main.dir/home/gvaldez/pico/pico-sdk/src/rp2_common/hardware_pll/pll.c.obj
 .rodata.__func__.0
                0x10007f50        0x9 main/CMakeFiles/main.dir/home/gvaldez/pico/pico-sdk/src/rp2_common/hardware_pll/pll.c.obj
 *fill*         0x10007f59        0x3 
 .rodata.__assert_func.str1.4
                0x10007f5c       0x3f main/CMakeFiles/main.dir/home/gvaldez/pico/pico-sdk/src/rp2_common/pico_runtime/runtime.c.obj
                                 0x43 (size before relaxing)
 *fill*         0x10007f9b        0x1 
 .rodata.runtime_init.str1.4
                0x10007f9c       0x62 main/CMakeFiles/main.dir/home/gvaldez/pico/pico-sdk/src/rp2_common/pico_runtime/runtime.c.obj
 *fill*         0x10007ffe        0x2 
 .rodata.panic.str1.4
                0x10008000       0x12 main/CMakeFiles/main.dir/home/gvaldez/pico/pico-sdk/src/rp2_common/pico_runtime/runtime.c.obj
 *fill*         0x10008012        0x2 
 .rodata.__func__.2
                0x10008014        0xd main/CMakeFiles/main.dir/home/gvaldez/pico/pico-sdk/src/rp2_common/pico_runtime/runtime.c.obj
 *fill*         0x10008021        0x3 
 .rodata._ftoa.str1.4
                0x10008024       0x15 main/CMakeFiles/main.dir/home/gvaldez/pico/pico-sdk/src/rp2_common/pico_printf/printf.c.obj
 *fill*         0x10008039        0x3 
 .rodata._vsnprintf
                0x1000803c      0x19c main/CMakeFiles/main.dir/home/gvaldez/pico/pico-sdk/src/rp2_common/pico_printf/printf.c.obj
 .rodata.pow10.0
                0x100081d8       0x50 main/CMakeFiles/main.dir/home/gvaldez/pico/pico-sdk/src/rp2_common/pico_printf/printf.c.obj
 .rodata.__aeabi_double_init.str1.4
                0x10008228       0x9d main/CMakeFiles/main.dir/home/gvaldez/pico/pico-sdk/src/rp2_common/pico_double/double_init_rom.c.obj
 *fill*         0x100082c5        0x3 
 .rodata.__func__.0
                0x100082c8       0x14 main/CMakeFiles/main.dir/home/gvaldez/pico/pico-sdk/src/rp2_common/pico_double/double_init_rom.c.obj
 .rodata.__aeabi_float_init.str1.4
                0x100082dc       0x7b main/CMakeFiles/main.dir/home/gvaldez/pico/pico-sdk/src/rp2_common/pico_float/float_init_rom.c.obj
                                 0x7f (size before relaxing)
 *fill*         0x10008357        0x1 
 .rodata.__func__.0
                0x10008358       0x13 main/CMakeFiles/main.dir/home/gvaldez/pico/pico-sdk/src/rp2_common/pico_float/float_init_rom.c.obj
 *fill*         0x1000836b        0x1 
 .rodata.str1.4
                0x1000836c       0x34 main/CMakeFiles/main.dir/home/gvaldez/pico/pico-sdk/src/rp2_common/pico_standard_link/binary_info.c.obj
 .rodata.__bi_81
                0x100083a0        0xc main/CMakeFiles/main.dir/home/gvaldez/pico/pico-sdk/src/rp2_common/pico_standard_link/binary_info.c.obj
 .rodata.__bi_75
                0x100083ac        0xc main/CMakeFiles/main.dir/home/gvaldez/pico/pico-sdk/src/rp2_common/pico_standard_link/binary_info.c.obj
 .rodata.__bi_44
                0x100083b8        0xc main/CMakeFiles/main.dir/home/gvaldez/pico/pico-sdk/src/rp2_common/pico_standard_link/binary_info.c.obj
 .rodata.update_us_since_boot.str1.4
                0x100083c4       0x62 main/CMakeFiles/main.dir/home/gvaldez/pico/pico-sdk/src/rp2_common/pico_stdio/stdio.c.obj
 .rodata.__wrap_getchar.str1.4
                0x100083c4       0x4a main/CMakeFiles/main.dir/home/gvaldez/pico/pico-sdk/src/rp2_common/pico_stdio/stdio.c.obj
 *fill*         0x1000840e        0x2 
 .rodata.__func__.1
                0x10008410        0xf main/CMakeFiles/main.dir/home/gvaldez/pico/pico-sdk/src/rp2_common/pico_stdio/stdio.c.obj
 *fill*         0x1000841f        0x1 
 .rodata.crlf_str.2
                0x10008420        0x2 main/CMakeFiles/main.dir/home/gvaldez/pico/pico-sdk/src/rp2_common/pico_stdio/stdio.c.obj
 *fill*         0x10008422        0x2 
 .rodata.__func__.3
                0x10008424       0x15 main/CMakeFiles/main.dir/home/gvaldez/pico/pico-sdk/src/rp2_common/pico_stdio/stdio.c.obj
 *fill*         0x10008439        0x3 
 .rodata.str1.4
                0x1000843c       0x2c main/CMakeFiles/main.dir/home/gvaldez/pico/pico-sdk/src/rp2_common/pico_stdio_uart/stdio_uart.c.obj
 .rodata.__bi_33.4
                0x10008468        0xc main/CMakeFiles/main.dir/home/gvaldez/pico/pico-sdk/src/rp2_common/pico_stdio_uart/stdio_uart.c.obj
 .rodata.__bi_34.5
                0x10008474        0x8 main/CMakeFiles/main.dir/home/gvaldez/pico/pico-sdk/src/rp2_common/pico_stdio_uart/stdio_uart.c.obj
 .rodata._resetd_driver
                0x1000847c       0x18 main/CMakeFiles/main.dir/home/gvaldez/pico/pico-sdk/src/rp2_common/pico_stdio_usb/reset_interface.c.obj
 .rodata.update_us_since_boot.str1.4
                0x10008494       0x62 main/CMakeFiles/main.dir/home/gvaldez/pico/pico-sdk/src/rp2_common/pico_stdio_usb/stdio_usb.c.obj
 .rodata.stdio_usb_init.str1.4
                0x10008494       0x46 main/CMakeFiles/main.dir/home/gvaldez/pico/pico-sdk/src/rp2_common/pico_stdio_usb/stdio_usb.c.obj
                                 0x4e (size before relaxing)
 *fill*         0x100084da        0x2 
 .rodata.str1.4
                0x100084dc       0x13 main/CMakeFiles/main.dir/home/gvaldez/pico/pico-sdk/src/rp2_common/pico_stdio_usb/stdio_usb.c.obj
 *fill*         0x100084ef        0x1 
 .rodata.__bi_182.0
                0x100084f0        0xc main/CMakeFiles/main.dir/home/gvaldez/pico/pico-sdk/src/rp2_common/pico_stdio_usb/stdio_usb.c.obj
 .rodata.__func__.1
                0x100084fc        0xf main/CMakeFiles/main.dir/home/gvaldez/pico/pico-sdk/src/rp2_common/pico_stdio_usb/stdio_usb.c.obj
 *fill*         0x1000850b        0x1 
 .rodata.__func__.3
                0x1000850c       0x15 main/CMakeFiles/main.dir/home/gvaldez/pico/pico-sdk/src/rp2_common/pico_stdio_usb/stdio_usb.c.obj
 *fill*         0x10008521        0x3 
 .rodata.str1.4
                0x10008524       0x2a main/CMakeFiles/main.dir/home/gvaldez/pico/pico-sdk/src/rp2_common/pico_stdio_usb/stdio_usb_descriptors.c.obj
 *fill*         0x1000854e        0x2 
 .rodata.usbd_desc_str
                0x10008550       0x18 main/CMakeFiles/main.dir/home/gvaldez/pico/pico-sdk/src/rp2_common/pico_stdio_usb/stdio_usb_descriptors.c.obj
 .rodata.usbd_desc_cfg
                0x10008568       0x54 main/CMakeFiles/main.dir/home/gvaldez/pico/pico-sdk/src/rp2_common/pico_stdio_usb/stdio_usb_descriptors.c.obj
 .rodata.usbd_desc_device
                0x100085bc       0x12 main/CMakeFiles/main.dir/home/gvaldez/pico/pico-sdk/src/rp2_common/pico_stdio_usb/stdio_usb_descriptors.c.obj
 *fill*         0x100085ce        0x2 
 .rodata.pico_get_unique_board_id_string.str1.4
                0x100085d0       0x4e main/CMakeFiles/main.dir/home/gvaldez/pico/pico-sdk/src/rp2_common/pico_unique_id/unique_id.c.obj
 *fill*         0x1000861e        0x2 
 .rodata.__func__.0
                0x10008620       0x20 main/CMakeFiles/main.dir/home/gvaldez/pico/pico-sdk/src/rp2_common/pico_unique_id/unique_id.c.obj
 .rodata.str1.4
                0x10008640      0x15a main/CMakeFiles/main.dir/home/gvaldez/pico/pico-sdk/src/rp2_common/hardware_flash/flash.c.obj
 *fill*         0x1000879a        0x2 
 .rodata.__func__.0
                0x1000879c        0xd main/CMakeFiles/main.dir/home/gvaldez/pico/pico-sdk/src/rp2_common/hardware_flash/flash.c.obj
 *fill*         0x100087a9        0x3 
 .rodata._hw_endpoint_alloc.str1.4
                0x100087ac       0xb9 main/CMakeFiles/main.dir/home/gvaldez/pico/pico-sdk/lib/tinyusb/src/portable/raspberrypi/rp2040/dcd_rp2040.c.obj
 *fill*         0x10008865        0x3 
 .rodata.str1.4
                0x10008868       0x14 main/CMakeFiles/main.dir/home/gvaldez/pico/pico-sdk/lib/tinyusb/src/portable/raspberrypi/rp2040/dcd_rp2040.c.obj
 .rodata.dcd_int_enable.str1.4
                0x1000887c        0xc main/CMakeFiles/main.dir/home/gvaldez/pico/pico-sdk/lib/tinyusb/src/portable/raspberrypi/rp2040/dcd_rp2040.c.obj
 .rodata.__func__.0
                0x10008888        0xe main/CMakeFiles/main.dir/home/gvaldez/pico/pico-sdk/lib/tinyusb/src/portable/raspberrypi/rp2040/dcd_rp2040.c.obj
 *fill*         0x10008896        0x2 
 .rodata.__func__.1
                0x10008898        0xe main/CMakeFiles/main.dir/home/gvaldez/pico/pico-sdk/lib/tinyusb/src/portable/raspberrypi/rp2040/dcd_rp2040.c.obj
 *fill*         0x100088a6        0x2 
 .rodata.__func__.3
                0x100088a8       0x10 main/CMakeFiles/main.dir/home/gvaldez/pico/pico-sdk/lib/tinyusb/src/portable/raspberrypi/rp2040/dcd_rp2040.c.obj
 .rodata.__func__.5
                0x100088b8        0xf main/CMakeFiles/main.dir/home/gvaldez/pico/pico-sdk/lib/tinyusb/src/portable/raspberrypi/rp2040/dcd_rp2040.c.obj
 *fill*         0x100088c7        0x1 
 .rodata.__func__.6
                0x100088c8       0x13 main/CMakeFiles/main.dir/home/gvaldez/pico/pico-sdk/lib/tinyusb/src/portable/raspberrypi/rp2040/dcd_rp2040.c.obj
 *fill*         0x100088db        0x1 
 .rodata.__func__.7
                0x100088dc        0x9 main/CMakeFiles/main.dir/home/gvaldez/pico/pico-sdk/lib/tinyusb/src/portable/raspberrypi/rp2040/dcd_rp2040.c.obj
 *fill*         0x100088e5        0x3 
 .rodata.str1.4
                0x100088e8       0xe1 main/CMakeFiles/main.dir/home/gvaldez/pico/pico-sdk/lib/tinyusb/src/portable/raspberrypi/rp2040/rp2040_usb.c.obj
                                 0xeb (size before relaxing)
 *fill*         0x100089c9        0x3 
 .rodata.__func__.0
                0x100089cc        0xf main/CMakeFiles/main.dir/home/gvaldez/pico/pico-sdk/lib/tinyusb/src/portable/raspberrypi/rp2040/rp2040_usb.c.obj
 *fill*         0x100089db        0x1 
 .rodata.process_get_descriptor
                0x100089dc       0x40 main/CMakeFiles/main.dir/home/gvaldez/pico/pico-sdk/lib/tinyusb/src/device/usbd.c.obj
 .rodata.process_control_request
                0x10008a1c       0x28 main/CMakeFiles/main.dir/home/gvaldez/pico/pico-sdk/lib/tinyusb/src/device/usbd.c.obj
 .rodata.tud_task_ext
                0x10008a44       0x24 main/CMakeFiles/main.dir/home/gvaldez/pico/pico-sdk/lib/tinyusb/src/device/usbd.c.obj
 .rodata._usbd_driver
                0x10008a68       0x18 main/CMakeFiles/main.dir/home/gvaldez/pico/pico-sdk/lib/tinyusb/src/device/usbd.c.obj
                0x10008a80                        . = ALIGN (0x4)
 *(SORT_BY_ALIGNMENT(SORT_BY_NAME(.flashdata*)))
                0x10008a80                        . = ALIGN (0x4)

.ARM.extab
 *(.ARM.extab* .gnu.linkonce.armextab.*)
                0x10008a80                        __exidx_start = .

.ARM.exidx
 *(.ARM.exidx* .gnu.linkonce.armexidx.*)
                0x10008a80                        __exidx_end = .
                0x10008a80                        . = ALIGN (0x4)
                0x10008a80                        __binary_info_start = .

.binary_info    0x10008a80       0x24
 *(.binary_info.keep.*)
 .binary_info.keep.__bi_ptr81
                0x10008a80        0x4 main/CMakeFiles/main.dir/home/gvaldez/pico/pico-sdk/src/rp2_common/pico_standard_link/binary_info.c.obj
 .binary_info.keep.__bi_ptr75
                0x10008a84        0x4 main/CMakeFiles/main.dir/home/gvaldez/pico/pico-sdk/src/rp2_common/pico_standard_link/binary_info.c.obj
 .binary_info.keep.__bi_ptr50
                0x10008a88        0x4 main/CMakeFiles/main.dir/home/gvaldez/pico/pico-sdk/src/rp2_common/pico_standard_link/binary_info.c.obj
 .binary_info.keep.__bi_ptr44
                0x10008a8c        0x4 main/CMakeFiles/main.dir/home/gvaldez/pico/pico-sdk/src/rp2_common/pico_standard_link/binary_info.c.obj
 .binary_info.keep.__bi_ptr30
                0x10008a90        0x4 main/CMakeFiles/main.dir/home/gvaldez/pico/pico-sdk/src/rp2_common/pico_standard_link/binary_info.c.obj
 .binary_info.keep.__bi_ptr22
                0x10008a94        0x4 main/CMakeFiles/main.dir/home/gvaldez/pico/pico-sdk/src/rp2_common/pico_standard_link/binary_info.c.obj
 *(.binary_info.*)
 .binary_info.__bi_ptr34
                0x10008a98        0x4 main/CMakeFiles/main.dir/home/gvaldez/pico/pico-sdk/src/rp2_common/pico_stdio_uart/stdio_uart.c.obj
 .binary_info.__bi_ptr33
                0x10008a9c        0x4 main/CMakeFiles/main.dir/home/gvaldez/pico/pico-sdk/src/rp2_common/pico_stdio_uart/stdio_uart.c.obj
 .binary_info.__bi_ptr182
                0x10008aa0        0x4 main/CMakeFiles/main.dir/home/gvaldez/pico/pico-sdk/src/rp2_common/pico_stdio_usb/stdio_usb.c.obj
                0x10008aa4                        __binary_info_end = .

.rel.dyn        0x10008aa4        0x0
 .rel.iplt      0x10008aa4        0x0 /usr/lib/gcc/arm-none-eabi/12.2.1/thumb/v6-m/nofp/crtbegin.o
                0x10008aa4                        . = ALIGN (0x4)

.ram_vector_table
                0x20000000       0xc0
 *(.ram_vector_table)
 .ram_vector_table
                0x20000000       0xc0 main/CMakeFiles/main.dir/home/gvaldez/pico/pico-sdk/src/rp2_common/pico_runtime/runtime.c.obj
                0x20000000                ram_vector_table

.data           0x200000c0      0xb50 load address 0x10008aa4
                0x200000c0                        __data_start__ = .
 *(vtable)
 *(.time_critical*)
 .time_critical.mutex_try_enter
                0x200000c0       0x46 main/CMakeFiles/main.dir/home/gvaldez/pico/pico-sdk/src/common/pico_sync/mutex.c.obj
                0x200000c0                mutex_try_enter
 *fill*         0x20000106        0x2 
 .time_critical.mutex_enter_block_until
                0x20000108       0x8c main/CMakeFiles/main.dir/home/gvaldez/pico/pico-sdk/src/common/pico_sync/mutex.c.obj
                0x20000108                mutex_enter_block_until
 .time_critical.mutex_try_enter_block_until
                0x20000194       0x34 main/CMakeFiles/main.dir/home/gvaldez/pico/pico-sdk/src/common/pico_sync/mutex.c.obj
                0x20000194                mutex_try_enter_block_until
 .time_critical.mutex_enter_timeout_ms
                0x200001c8       0x1a main/CMakeFiles/main.dir/home/gvaldez/pico/pico-sdk/src/common/pico_sync/mutex.c.obj
                0x200001c8                mutex_enter_timeout_ms
 *fill*         0x200001e2        0x2 
 .time_critical.mutex_exit
                0x200001e4       0x4c main/CMakeFiles/main.dir/home/gvaldez/pico/pico-sdk/src/common/pico_sync/mutex.c.obj
                0x200001e4                mutex_exit
 .time_critical.flash_init_boot2_copyout
                0x20000230       0x30 main/CMakeFiles/main.dir/home/gvaldez/pico/pico-sdk/src/rp2_common/hardware_flash/flash.c.obj
 .time_critical.flash_enable_xip_via_boot2
                0x20000260        0xc main/CMakeFiles/main.dir/home/gvaldez/pico/pico-sdk/src/rp2_common/hardware_flash/flash.c.obj
 .time_critical.flash_cs_force
                0x2000026c       0x28 main/CMakeFiles/main.dir/home/gvaldez/pico/pico-sdk/src/rp2_common/hardware_flash/flash.c.obj
 .time_critical.flash_do_cmd
                0x20000294       0xd8 main/CMakeFiles/main.dir/home/gvaldez/pico/pico-sdk/src/rp2_common/hardware_flash/flash.c.obj
                0x20000294                flash_do_cmd
 .time_critical.reset_non_control_endpoints
                0x2000036c       0x40 main/CMakeFiles/main.dir/home/gvaldez/pico/pico-sdk/lib/tinyusb/src/portable/raspberrypi/rp2040/dcd_rp2040.c.obj
 .time_critical.hw_handle_buff_status
                0x200003ac       0xa4 main/CMakeFiles/main.dir/home/gvaldez/pico/pico-sdk/lib/tinyusb/src/portable/raspberrypi/rp2040/dcd_rp2040.c.obj
 .time_critical.dcd_rp2040_irq
                0x20000450      0x1b8 main/CMakeFiles/main.dir/home/gvaldez/pico/pico-sdk/lib/tinyusb/src/portable/raspberrypi/rp2040/dcd_rp2040.c.obj
 .time_critical.e15_is_bulkin_ep
                0x20000608       0x2c main/CMakeFiles/main.dir/home/gvaldez/pico/pico-sdk/lib/tinyusb/src/portable/raspberrypi/rp2040/rp2040_usb.c.obj
 .time_critical.e15_is_critical_frame_period
                0x20000634       0x30 main/CMakeFiles/main.dir/home/gvaldez/pico/pico-sdk/lib/tinyusb/src/portable/raspberrypi/rp2040/rp2040_usb.c.obj
 .time_critical.prepare_ep_buffer
                0x20000664       0x6c main/CMakeFiles/main.dir/home/gvaldez/pico/pico-sdk/lib/tinyusb/src/portable/raspberrypi/rp2040/rp2040_usb.c.obj
 .time_critical.sync_ep_buffer
                0x200006d0       0x7c main/CMakeFiles/main.dir/home/gvaldez/pico/pico-sdk/lib/tinyusb/src/portable/raspberrypi/rp2040/rp2040_usb.c.obj
 .time_critical._hw_endpoint_xfer_sync
                0x2000074c       0x28 main/CMakeFiles/main.dir/home/gvaldez/pico/pico-sdk/lib/tinyusb/src/portable/raspberrypi/rp2040/rp2040_usb.c.obj
 .time_critical.hw_endpoint_reset_transfer
                0x20000774        0xc main/CMakeFiles/main.dir/home/gvaldez/pico/pico-sdk/lib/tinyusb/src/portable/raspberrypi/rp2040/rp2040_usb.c.obj
                0x20000774                hw_endpoint_reset_transfer
 .time_critical._hw_endpoint_buffer_control_update32
                0x20000780       0x58 main/CMakeFiles/main.dir/home/gvaldez/pico/pico-sdk/lib/tinyusb/src/portable/raspberrypi/rp2040/rp2040_usb.c.obj
                0x20000780                _hw_endpoint_buffer_control_update32
 .time_critical.hw_endpoint_start_next_buffer
                0x200007d8       0x7c main/CMakeFiles/main.dir/home/gvaldez/pico/pico-sdk/lib/tinyusb/src/portable/raspberrypi/rp2040/rp2040_usb.c.obj
                0x200007d8                hw_endpoint_start_next_buffer
 .time_critical.hw_endpoint_xfer_continue